/home/loopy/Documents/project/stm32_cmake_M3/interface/inc/inter_i2c.hpp:61:18:virtual void i2c_bus::read_bytes(uint8_t*, uint16_t)	40	static
/home/loopy/Documents/project/stm32_cmake_M3/function/src/function.cpp:47:13:void oled_log(const char*)	16	static
/home/loopy/Documents/project/stm32_cmake_M3/function/src/function.cpp:52:6:void app_setup()	16	static
/home/loopy/Documents/project/stm32_cmake_M3/function/src/function.cpp:85:6:void app_loop()	16	static
/home/loopy/Documents/project/stm32_cmake_M3/interface/inc/inter_i2c.hpp:32:13:constexpr i2c_bus::~i2c_bus()	16	static
/home/loopy/Documents/project/stm32_cmake_M3/interface/inc/inter_i2c.hpp:32:13:virtual constexpr i2c_bus::~i2c_bus()	16	static
/home/loopy/Documents/project/stm32_cmake_M3/interface/inc/inter_i2c_bus.hpp:20:7:inter_i2c_bus::~inter_i2c_bus()	16	static
/home/loopy/Documents/project/stm32_cmake_M3/interface/inc/inter_i2c_bus.hpp:20:7:virtual inter_i2c_bus::~inter_i2c_bus()	16	static
/home/loopy/Documents/project/stm32_cmake_M3/function/src/function.cpp:114:1:void __static_initialization_and_destruction_0()	8	static
/home/loopy/Documents/project/stm32_cmake_M3/function/src/function.cpp:114:1:cpp)	8	static
