/home/loopy/Documents/project/stm32_cmake_M3/interface/inc/inter_i2c_bus.hpp:20:7:inter_i2c_bus::~inter_i2c_bus()	8	static
/home/loopy/Documents/project/stm32_cmake_M3/function/src/function.cpp:88:6:void app_loop()	32	static
/home/loopy/Documents/project/stm32_cmake_M3/interface/inc/inter_i2c_bus.hpp:20:7:virtual inter_i2c_bus::~inter_i2c_bus()	8	static
/home/loopy/Documents/project/stm32_cmake_M3/function/src/function.cpp:117:1:cpp)	8	static
/home/loopy/Documents/project/stm32_cmake_M3/function/src/function.cpp:52:6:void app_setup()	16	static
