/home/loopy/Documents/project/stm32_cmake_M3/interface/src/inter_spi.cpp:231:9:virtual uint8_t spi_port::transfer_byte(uint8_t)	32	static
/home/loopy/Documents/project/stm32_cmake_M3/interface/src/inter_spi.cpp:194:6:virtual void spi_port::transfer(const uint8_t*, uint8_t*, uint16_t)	56	static
/home/loopy/Documents/project/stm32_cmake_M3/interface/src/inter_spi.cpp:247:6:virtual void spi_port::cs_select()	0	static
/home/loopy/Documents/project/stm32_cmake_M3/interface/src/inter_spi.cpp:255:6:virtual void spi_port::cs_deselect()	0	static
/home/loopy/Documents/project/stm32_cmake_M3/interface/src/inter_spi.cpp:43:1:spi_port::spi_port(const SpiPortConfig&)	16	static
/home/loopy/Documents/project/stm32_cmake_M3/interface/src/inter_spi.cpp:61:6:void spi_port::_enable_clock()	16	static
/home/loopy/Documents/project/stm32_cmake_M3/interface/src/inter_spi.cpp:77:6:void spi_port::_disable_clock()	0	static
/home/loopy/Documents/project/stm32_cmake_M3/interface/src/inter_spi.cpp:97:6:virtual void spi_port::init()	24	static
/home/loopy/Documents/project/stm32_cmake_M3/interface/src/inter_spi.cpp:166:6:0()	8	static
/home/loopy/Documents/project/stm32_cmake_M3/interface/src/inter_spi.cpp:166:6:virtual void spi_port::deinit()	0	static
/home/loopy/Documents/project/stm32_cmake_M3/interface/src/inter_spi.cpp:52:1:spi_port::~spi_port()	8	static
/home/loopy/Documents/project/stm32_cmake_M3/interface/src/inter_spi.cpp:52:1:virtual spi_port::~spi_port()	8	static
/home/loopy/Documents/project/stm32_cmake_M3/interface/src/inter_spi.cpp:267:6:void spi_port::_release_dma()	8	static
/home/loopy/Documents/project/stm32_cmake_M3/interface/src/inter_spi.cpp:281:6:bool spi_port::enable_dma()	40	static
/home/loopy/Documents/project/stm32_cmake_M3/interface/src/inter_spi.cpp:337:6:bool spi_port::transfer_dma(const uint8_t*, uint8_t*, uint16_t, uint32_t)	24	static
