Archive member included to satisfy reference by file (symbol)

/usr/lib/gcc/arm-none-eabi/15.2.0/../../../../arm-none-eabi/lib/thumb/v7-m/nofp/libstdc++_nano.a(del_ops.o)
                              CMakeFiles/stm32_cmake_M3.dir/interface/src/inter_soft_spi.cpp.obj (operator delete(void*, unsigned int))
/usr/lib/gcc/arm-none-eabi/15.2.0/../../../../arm-none-eabi/lib/thumb/v7-m/nofp/libstdc++_nano.a(del_op.o)
                              /usr/lib/gcc/arm-none-eabi/15.2.0/../../../../arm-none-eabi/lib/thumb/v7-m/nofp/libstdc++_nano.a(del_ops.o) (operator delete(void*))
/usr/lib/gcc/arm-none-eabi/15.2.0/thumb/v7-m/nofp/libgcc.a(_aeabi_ldivmod.o)
                              CMakeFiles/stm32_cmake_M3.dir/device/src/device_ina226.cpp.obj (__aeabi_ldivmod)
/usr/lib/gcc/arm-none-eabi/15.2.0/thumb/v7-m/nofp/libgcc.a(_aeabi_uldivmod.o)
                              CMakeFiles/stm32_cmake_M3.dir/device/src/device_ina226.cpp.obj (__aeabi_uldivmod)
/usr/lib/gcc/arm-none-eabi/15.2.0/thumb/v7-m/nofp/libgcc.a(_udivmoddi4.o)
                              /usr/lib/gcc/arm-none-eabi/15.2.0/thumb/v7-m/nofp/libgcc.a(_aeabi_ldivmod.o) (__udivmoddi4)
/usr/lib/gcc/arm-none-eabi/15.2.0/thumb/v7-m/nofp/libgcc.a(_dvmd_tls.o)
                              /usr/lib/gcc/arm-none-eabi/15.2.0/thumb/v7-m/nofp/libgcc.a(_aeabi_ldivmod.o) (__aeabi_ldiv0)
/usr/lib/gcc/arm-none-eabi/15.2.0/../../../../arm-none-eabi/lib/thumb/v7-m/nofp/libg_nano.a(libc_a-assert.o)
                              CMakeFiles/stm32_cmake_M3.dir/interface/src/inter_io_ctrl.cpp.obj (__assert_func)
/usr/lib/gcc/arm-none-eabi/15.2.0/../../../../arm-none-eabi/lib/thumb/v7-m/nofp/libg_nano.a(libc_a-atexit.o)
                              /usr/lib/gcc/arm-none-eabi/15.2.0/../../../../arm-none-eabi/lib/thumb/v7-m/nofp/crt0.o (atexit)
/usr/lib/gcc/arm-none-eabi/15.2.0/../../../../arm-none-eabi/lib/thumb/v7-m/nofp/libg_nano.a(libc_a-exit.o)
                              /usr/lib/gcc/arm-none-eabi/15.2.0/../../../../arm-none-eabi/lib/thumb/v7-m/nofp/crt0.o (exit)
/usr/lib/gcc/arm-none-eabi/15.2.0/../../../../arm-none-eabi/lib/thumb/v7-m/nofp/libg_nano.a(libc_a-malloc.o)
                              /usr/lib/gcc/arm-none-eabi/15.2.0/../../../../arm-none-eabi/lib/thumb/v7-m/nofp/libstdc++_nano.a(del_op.o) (free)
/usr/lib/gcc/arm-none-eabi/15.2.0/../../../../arm-none-eabi/lib/thumb/v7-m/nofp/libg_nano.a(libc_a-mallocr.o)
                              /usr/lib/gcc/arm-none-eabi/15.2.0/../../../../arm-none-eabi/lib/thumb/v7-m/nofp/libg_nano.a(libc_a-malloc.o) (_malloc_r)
/usr/lib/gcc/arm-none-eabi/15.2.0/../../../../arm-none-eabi/lib/thumb/v7-m/nofp/libg_nano.a(libc_a-mlock.o)
                              /usr/lib/gcc/arm-none-eabi/15.2.0/../../../../arm-none-eabi/lib/thumb/v7-m/nofp/libg_nano.a(libc_a-mallocr.o) (__malloc_lock)
/usr/lib/gcc/arm-none-eabi/15.2.0/../../../../arm-none-eabi/lib/thumb/v7-m/nofp/libg_nano.a(libc_a-findfp.o)
                              /usr/lib/gcc/arm-none-eabi/15.2.0/../../../../arm-none-eabi/lib/thumb/v7-m/nofp/libg_nano.a(libc_a-exit.o) (__stdio_exit_handler)
/usr/lib/gcc/arm-none-eabi/15.2.0/../../../../arm-none-eabi/lib/thumb/v7-m/nofp/libg_nano.a(libc_a-fprintf.o)
                              /usr/lib/gcc/arm-none-eabi/15.2.0/../../../../arm-none-eabi/lib/thumb/v7-m/nofp/libg_nano.a(libc_a-assert.o) (fiprintf)
/usr/lib/gcc/arm-none-eabi/15.2.0/../../../../arm-none-eabi/lib/thumb/v7-m/nofp/libg_nano.a(libc_a-fwalk.o)
                              /usr/lib/gcc/arm-none-eabi/15.2.0/../../../../arm-none-eabi/lib/thumb/v7-m/nofp/libg_nano.a(libc_a-findfp.o) (_fwalk_sglue)
/usr/lib/gcc/arm-none-eabi/15.2.0/../../../../arm-none-eabi/lib/thumb/v7-m/nofp/libg_nano.a(libc_a-snprintf.o)
                              CMakeFiles/stm32_cmake_M3.dir/device/src/device_ina226.cpp.obj (snprintf)
/usr/lib/gcc/arm-none-eabi/15.2.0/../../../../arm-none-eabi/lib/thumb/v7-m/nofp/libg_nano.a(libc_a-stdio.o)
                              /usr/lib/gcc/arm-none-eabi/15.2.0/../../../../arm-none-eabi/lib/thumb/v7-m/nofp/libg_nano.a(libc_a-findfp.o) (__sread)
/usr/lib/gcc/arm-none-eabi/15.2.0/../../../../arm-none-eabi/lib/thumb/v7-m/nofp/libg_nano.a(libc_a-memset.o)
                              /usr/lib/gcc/arm-none-eabi/15.2.0/../../../../arm-none-eabi/lib/thumb/v7-m/nofp/crt0.o (memset)
/usr/lib/gcc/arm-none-eabi/15.2.0/../../../../arm-none-eabi/lib/thumb/v7-m/nofp/libg_nano.a(libc_a-closer.o)
                              /usr/lib/gcc/arm-none-eabi/15.2.0/../../../../arm-none-eabi/lib/thumb/v7-m/nofp/libg_nano.a(libc_a-stdio.o) (_close_r)
/usr/lib/gcc/arm-none-eabi/15.2.0/../../../../arm-none-eabi/lib/thumb/v7-m/nofp/libg_nano.a(libc_a-reent.o)
                              /usr/lib/gcc/arm-none-eabi/15.2.0/../../../../arm-none-eabi/lib/thumb/v7-m/nofp/libg_nano.a(libc_a-closer.o) (errno)
/usr/lib/gcc/arm-none-eabi/15.2.0/../../../../arm-none-eabi/lib/thumb/v7-m/nofp/libg_nano.a(libc_a-impure.o)
[...]
Memory Configuration

Name             Origin             Length             Attributes
RAM              0x20000000         0x00010000         xrw
FLASH            0x08000000         0x00080000         xr
*default*        0x00000000         0xffffffff

Linker script and memory map

LOAD /usr/lib/gcc/arm-none-eabi/15.2.0/thumb/v7-m/nofp/crti.o
LOAD /usr/lib/gcc/arm-none-eabi/15.2.0/thumb/v7-m/nofp/crtbegin.o
LOAD /usr/lib/gcc/arm-none-eabi/15.2.0/../../../../arm-none-eabi/lib/thumb/v7-m/nofp/crt0.o
LOAD cmake/stm32cubemx/CMakeFiles/STM32_Drivers.dir/__/__/Core/Src/system_stm32f1xx.c.obj
LOAD cmake/stm32cubemx/CMakeFiles/STM32_Drivers.dir/__/__/Drivers/STM32F1xx_HAL_Driver/Src/stm32f1xx_hal_gpio_ex.c.obj
LOAD cmake/stm32cubemx/CMakeFiles/STM32_Drivers.dir/__/__/Drivers/STM32F1xx_HAL_Driver/Src/stm32f1xx_hal.c.obj
LOAD cmake/stm32cubemx/CMakeFiles/STM32_Drivers.dir/__/__/Drivers/STM32F1xx_HAL_Driver/Src/stm32f1xx_hal_rcc.c.obj
LOAD cmake/stm32cubemx/CMakeFiles/STM32_Drivers.dir/__/__/Drivers/STM32F1xx_HAL_Driver/Src/stm32f1xx_hal_rcc_ex.c.obj
LOAD cmake/stm32cubemx/CMakeFiles/STM32_Drivers.dir/__/__/Drivers/STM32F1xx_HAL_Driver/Src/stm32f1xx_hal_gpio.c.obj
LOAD cmake/stm32cubemx/CMakeFiles/STM32_Drivers.dir/__/__/Drivers/STM32F1xx_HAL_Driver/Src/stm32f1xx_hal_spi.c.obj
LOAD cmake/stm32cubemx/CMakeFiles/STM32_Drivers.dir/__/__/Drivers/STM32F1xx_HAL_Driver/Src/stm32f1xx_hal_dma.c.obj
LOAD cmake/stm32cubemx/CMakeFiles/STM32_Drivers.dir/__/__/Drivers/STM32F1xx_HAL_Driver/Src/stm32f1xx_hal_cortex.c.obj
LOAD cmake/stm32cubemx/CMakeFiles/STM32_Drivers.dir/__/__/Drivers/STM32F1xx_HAL_Driver/Src/stm32f1xx_hal_pwr.c.obj
LOAD cmake/stm32cubemx/CMakeFiles/STM32_Drivers.dir/__/__/Drivers/STM32F1xx_HAL_Driver/Src/stm32f1xx_hal_flash.c.obj
LOAD cmake/stm32cubemx/CMakeFiles/STM32_Drivers.dir/__/__/Drivers/STM32F1xx_HAL_Driver/Src/stm32f1xx_hal_flash_ex.c.obj
LOAD cmake/stm32cubemx/CMakeFiles/STM32_Drivers.dir/__/__/Drivers/STM32F1xx_HAL_Driver/Src/stm32f1xx_hal_exti.c.obj
LOAD CMakeFiles/stm32_cmake_M3.dir/Core/Src/main.c.obj
LOAD CMakeFiles/stm32_cmake_M3.dir/Core/Src/delay.c.obj
LOAD CMakeFiles/stm32_cmake_M3.dir/Core/Src/gpio.c.obj
LOAD CMakeFiles/stm32_cmake_M3.dir/Core/Src/stm32f1xx_it.c.obj
LOAD CMakeFiles/stm32_cmake_M3.dir/Core/Src/stm32f1xx_hal_msp.c.obj
LOAD CMakeFiles/stm32_cmake_M3.dir/Core/Src/sysmem.c.obj
LOAD CMakeFiles/stm32_cmake_M3.dir/Core/Src/syscalls.c.obj
LOAD CMakeFiles/stm32_cmake_M3.dir/startup_stm32f103xe.s.obj
LOAD CMakeFiles/stm32_cmake_M3.dir/function/src/function.cpp.obj
LOAD CMakeFiles/stm32_cmake_M3.dir/interface/src/inter_io_ctrl.cpp.obj
LOAD CMakeFiles/stm32_cmake_M3.dir/interface/src/inter_i2c_bus.cpp.obj
LOAD CMakeFiles/stm32_cmake_M3.dir/interface/src/inter_i2c_dev.cpp.obj
LOAD CMakeFiles/stm32_cmake_M3.dir/interface/src/inter_soft_spi.cpp.obj
LOAD CMakeFiles/stm32_cmake_M3.dir/interface/src/inter_spi.cpp.obj
LOAD CMakeFiles/stm32_cmake_M3.dir/device/src/device_ds18b20.cpp.obj
LOAD CMakeFiles/stm32_cmake_M3.dir/device/src/device_ina226.cpp.obj
LOAD CMakeFiles/stm32_cmake_M3.dir/device/src/device_ina228.cpp.obj
LOAD /usr/lib/gcc/arm-none-eabi/15.2.0/../../../../arm-none-eabi/lib/thumb/v7-m/nofp/libstdc++_nano.a
LOAD /usr/lib/gcc/arm-none-eabi/15.2.0/../../../../arm-none-eabi/lib/thumb/v7-m/nofp/libm.a
START GROUP
LOAD /usr/lib/gcc/arm-none-eabi/15.2.0/thumb/v7-m/nofp/libgcc.a
LOAD /usr/lib/gcc/arm-none-eabi/15.2.0/../../../../arm-none-eabi/lib/thumb/v7-m/nofp/libg_nano.a
LOAD /usr/lib/gcc/arm-none-eabi/15.2.0/../../../../arm-none-eabi/lib/thumb/v7-m/nofp/libc_nano.a
END GROUP
START GROUP
LOAD /usr/lib/gcc/arm-none-eabi/15.2.0/thumb/v7-m/nofp/libgcc.a
LOAD /usr/lib/gcc/arm-none-eabi/15.2.0/../../../../arm-none-eabi/lib/thumb/v7-m/nofp/libc_nano.a
END GROUP
LOAD /usr/lib/gcc/arm-none-eabi/15.2.0/thumb/v7-m/nofp/crtend.o
LOAD /usr/lib/gcc/arm-none-eabi/15.2.0/thumb/v7-m/nofp/crtn.o
                0x20010000                        _estack = (ORIGIN (RAM) + LENGTH (RAM))
                0x2000fc00                        _sstack = (_estack - _Min_Stack_Size)
                0x00000200                        _Min_Heap_Size = 0x200
                0x00000400                        _Min_Stack_Size = 0x400

.isr_vector     0x08000000      0x1e4
                0x08000000                        . = ALIGN (0x4)
 *(.isr_vector)
 .isr_vector    0x08000000      0x1e4 CMakeFiles/stm32_cmake_M3.dir/startup_stm32f103xe.s.obj
                0x08000000                g_pfnVectors
                0x080001e4                        . = ALIGN (0x4)

.text           0x080001e4      0xd54
                0x080001e4                        . = ALIGN (0x4)
 *(.text)
 .text          0x080001e4       0x88 /usr/lib/gcc/arm-none-eabi/15.2.0/thumb/v7-m/nofp/crtbegin.o
 *(.text*)
 .text.SystemInit
                0x0800026c        0xc cmake/stm32cubemx/CMakeFiles/STM32_Drivers.dir/__/__/Core/Src/system_stm32f1xx.c.obj
                0x0800026c                SystemInit
 .text.HAL_Init
                0x08000278       0x2c cmake/stm32cubemx/CMakeFiles/STM32_Drivers.dir/__/__/Drivers/STM32F1xx_HAL_Driver/Src/stm32f1xx_hal.c.obj
                0x08000278                HAL_Init
 .text.HAL_InitTick
                0x080002a4       0x60 cmake/stm32cubemx/CMakeFiles/STM32_Drivers.dir/__/__/Drivers/STM32F1xx_HAL_Driver/Src/stm32f1xx_hal.c.obj
                0x080002a4                HAL_InitTick
 .text.HAL_IncTick
                0x08000304       0x24 cmake/stm32cubemx/CMakeFiles/STM32_Drivers.dir/__/__/Drivers/STM32F1xx_HAL_Driver/Src/stm32f1xx_hal.c.obj
                0x08000304                HAL_IncTick
 .text.HAL_GetTick
                0x08000328       0x14 cmake/stm32cubemx/CMakeFiles/STM32_Drivers.dir/__/__/Drivers/STM32F1xx_HAL_Driver/Src/stm32f1xx_hal.c.obj
                0x08000328                HAL_GetTick
 .text.HAL_RCC_OscConfig
                0x0800033c      0x504 cmake/stm32cubemx/CMakeFiles/STM32_Drivers.dir/__/__/Drivers/STM32F1xx_HAL_Driver/Src/stm32f1xx_hal_rcc.c.obj
                0x0800033c                HAL_RCC_OscConfig
 .text.HAL_RCC_ClockConfig
                0x08000840      0x1d4 cmake/stm32cubemx/CMakeFiles/STM32_Drivers.dir/__/__/Drivers/STM32F1xx_HAL_Driver/Src/stm32f1xx_hal_rcc.c.obj
                0x08000840                HAL_RCC_ClockConfig
 .text.HAL_RCC_GetSysClockFreq
                0x08000a14       0xa8 cmake/stm32cubemx/CMakeFiles/STM32_Drivers.dir/__/__/Drivers/STM32F1xx_HAL_Driver/Src/stm32f1xx_hal_rcc.c.obj
                0x08000a14                HAL_RCC_GetSysClockFreq
 .text.RCC_Delay
                0x08000abc       0x3c cmake/stm32cubemx/CMakeFiles/STM32_Drivers.dir/__/__/Drivers/STM32F1xx_HAL_Driver/Src/stm32f1xx_hal_rcc.c.obj
 .text.__NVIC_SetPriorityGrouping
                0x08000af8       0x48 cmake/stm32cubemx/CMakeFiles/STM32_Drivers.dir/__/__/Drivers/STM32F1xx_HAL_Driver/Src/stm32f1xx_hal_cortex.c.obj
 .text.__NVIC_GetPriorityGrouping
                0x08000b40       0x1c cmake/stm32cubemx/CMakeFiles/STM32_Drivers.dir/__/__/Drivers/STM32F1xx_HAL_Driver/Src/stm32f1xx_hal_cortex.c.obj
 .text.__NVIC_SetPriority
                0x08000b5c       0x54 cmake/stm32cubemx/CMakeFiles/STM32_Drivers.dir/__/__/Drivers/STM32F1xx_HAL_Driver/Src/stm32f1xx_hal_cortex.c.obj
 .text.NVIC_EncodePriority
                0x08000bb0       0x6e cmake/stm32cubemx/CMakeFiles/STM32_Drivers.dir/__/__/Drivers/STM32F1xx_HAL_Driver/Src/stm32f1xx_hal_cortex.c.obj
 *fill*         0x08000c1e        0x2 
 .text.SysTick_Config
                0x08000c20       0x44 cmake/stm32cubemx/CMakeFiles/STM32_Drivers.dir/__/__/Drivers/STM32F1xx_HAL_Driver/Src/stm32f1xx_hal_cortex.c.obj
 .text.HAL_NVIC_SetPriorityGrouping
                0x08000c64       0x16 cmake/stm32cubemx/CMakeFiles/STM32_Drivers.dir/__/__/Drivers/STM32F1xx_HAL_Driver/Src/stm32f1xx_hal_cortex.c.obj
                0x08000c64                HAL_NVIC_SetPriorityGrouping
 .text.HAL_NVIC_SetPriority
                0x08000c7a       0x38 cmake/stm32cubemx/CMakeFiles/STM32_Drivers.dir/__/__/Drivers/STM32F1xx_HAL_Driver/Src/stm32f1xx_hal_cortex.c.obj
                0x08000c7a                HAL_NVIC_SetPriority
 .text.HAL_SYSTICK_Config
                0x08000cb2       0x18 cmake/stm32cubemx/CMakeFiles/STM32_Drivers.dir/__/__/Drivers/STM32F1xx_HAL_Driver/Src/stm32f1xx_hal_cortex.c.obj
                0x08000cb2                HAL_SYSTICK_Config
 .text.main     0x08000cca       0x1a CMakeFiles/stm32_cmake_M3.dir/Core/Src/main.c.obj
                0x08000cca                main
 .text.SystemClock_Config
                0x08000ce4       0x8a CMakeFiles/stm32_cmake_M3.dir/Core/Src/main.c.obj
                0x08000ce4                SystemClock_Config
 .text.Error_Handler
                0x08000d6e        0xc CMakeFiles/stm32_cmake_M3.dir/Core/Src/main.c.obj
                0x08000d6e                Error_Handler
 *fill*         0x08000d7a        0x2 
 .text.MX_GPIO_Init
                0x08000d7c       0x2c CMakeFiles/stm32_cmake_M3.dir/Core/Src/gpio.c.obj
                0x08000d7c                MX_GPIO_Init
 .text.NMI_Handler
                0x08000da8        0x8 CMakeFiles/stm32_cmake_M3.dir/Core/Src/stm32f1xx_it.c.obj
                0x08000da8                NMI_Handler
 .text.HardFault_Handler
                0x08000db0        0x8 CMakeFiles/stm32_cmake_M3.dir/Core/Src/stm32f1xx_it.c.obj
                0x08000db0                HardFault_Handler
 .text.MemManage_Handler
                0x08000db8        0x8 CMakeFiles/stm32_cmake_M3.dir/Core/Src/stm32f1xx_it.c.obj
                0x08000db8                MemManage_Handler
 .text.BusFault_Handler
                0x08000dc0        0x8 CMakeFiles/stm32_cmake_M3.dir/Core/Src/stm32f1xx_it.c.obj
                0x08000dc0                BusFault_Handler
 .text.UsageFault_Handler
                0x08000dc8        0x8 CMakeFiles/stm32_cmake_M3.dir/Core/Src/stm32f1xx_it.c.obj
                0x08000dc8                UsageFault_Handler
 .text.SVC_Handler
                0x08000dd0        0xc CMakeFiles/stm32_cmake_M3.dir/Core/Src/stm32f1xx_it.c.obj
                0x08000dd0                SVC_Handler
 .text.DebugMon_Handler
                0x08000ddc        0xc CMakeFiles/stm32_cmake_M3.dir/Core/Src/stm32f1xx_it.c.obj
                0x08000ddc                DebugMon_Handler
 .text.PendSV_Handler
                0x08000de8        0xc CMakeFiles/stm32_cmake_M3.dir/Core/Src/stm32f1xx_it.c.obj
                0x08000de8                PendSV_Handler
 .text.SysTick_Handler
                0x08000df4        0xc CMakeFiles/stm32_cmake_M3.dir/Core/Src/stm32f1xx_it.c.obj
                0x08000df4                SysTick_Handler
 .text.HAL_MspInit
                0x08000e00       0x64 CMakeFiles/stm32_cmake_M3.dir/Core/Src/stm32f1xx_hal_msp.c.obj
                0x08000e00                HAL_MspInit
 .text.Reset_Handler
                0x08000e64       0x48 CMakeFiles/stm32_cmake_M3.dir/startup_stm32f103xe.s.obj
                0x08000e64                Reset_Handler
 .text.Default_Handler
                0x08000eac        0x2 CMakeFiles/stm32_cmake_M3.dir/startup_stm32f103xe.s.obj
                0x08000eac                RTC_Alarm_IRQHandler
                0x08000eac                EXTI2_IRQHandler
                0x08000eac                TIM8_TRG_COM_IRQHandler
                0x08000eac                TIM8_CC_IRQHandler
                0x08000eac                TIM1_CC_IRQHandler
                0x08000eac                TIM6_IRQHandler
                0x08000eac                PVD_IRQHandler
                0x08000eac                SDIO_IRQHandler
                0x08000eac                EXTI3_IRQHandler
                0x08000eac                EXTI0_IRQHandler
                0x08000eac                I2C2_EV_IRQHandler
                0x08000eac                ADC1_2_IRQHandler
                0x08000eac                SPI1_IRQHandler
                0x08000eac                TAMPER_IRQHandler
                0x08000eac                TIM8_UP_IRQHandler
                0x08000eac                DMA2_Channel2_IRQHandler
                0x08000eac                DMA1_Channel4_IRQHandler
                0x08000eac                USART3_IRQHandler
                0x08000eac                RTC_IRQHandler
                0x08000eac                DMA1_Channel7_IRQHandler
                0x08000eac                CAN1_RX1_IRQHandler
                0x08000eac                UART5_IRQHandler
                0x08000eac                ADC3_IRQHandler
                0x08000eac                TIM4_IRQHandler
                0x08000eac                DMA2_Channel1_IRQHandler
                0x08000eac                I2C1_EV_IRQHandler
                0x08000eac                DMA1_Channel6_IRQHandler
                0x08000eac                UART4_IRQHandler
                0x08000eac                TIM3_IRQHandler
                0x08000eac                RCC_IRQHandler
                0x08000eac                TIM1_TRG_COM_IRQHandler
                0x08000eac                DMA1_Channel1_IRQHandler
                0x08000eac                Default_Handler
                0x08000eac                EXTI15_10_IRQHandler
                0x08000eac                TIM7_IRQHandler
                0x08000eac                TIM5_IRQHandler
                0x08000eac                EXTI9_5_IRQHandler
                0x08000eac                SPI2_IRQHandler
                0x08000eac                DMA1_Channel5_IRQHandler
                0x08000eac                EXTI4_IRQHandler
                0x08000eac                USB_LP_CAN1_RX0_IRQHandler
                0x08000eac                USB_HP_CAN1_TX_IRQHandler
                0x08000eac                DMA1_Channel3_IRQHandler
                0x08000eac                FSMC_IRQHandler
                0x08000eac                TIM1_UP_IRQHandler
                0x08000eac                WWDG_IRQHandler
                0x08000eac                TIM2_IRQHandler
                0x08000eac                TIM1_BRK_IRQHandler
                0x08000eac                EXTI1_IRQHandler
                0x08000eac                DMA2_Channel4_5_IRQHandler
                0x08000eac                USART2_IRQHandler
                0x08000eac                I2C2_ER_IRQHandler
                0x08000eac                DMA1_Channel2_IRQHandler
                0x08000eac                TIM8_BRK_IRQHandler
                0x08000eac                CAN1_SCE_IRQHandler
                0x08000eac                FLASH_IRQHandler
                0x08000eac                USART1_IRQHandler
                0x08000eac                SPI3_IRQHandler
                0x08000eac                I2C1_ER_IRQHandler
                0x08000eac                USBWakeUp_IRQHandler
                0x08000eac                DMA2_Channel3_IRQHandler
 .text.function_init
                0x08000eae        0xc CMakeFiles/stm32_cmake_M3.dir/function/src/function.cpp.obj
                0x08000eae                function_init
 .text.function_loop
                0x08000eba        0xc CMakeFiles/stm32_cmake_M3.dir/function/src/function.cpp.obj
                0x08000eba                function_loop
 .text.memset   0x08000ec6       0x10 /usr/lib/gcc/arm-none-eabi/15.2.0/../../../../arm-none-eabi/lib/thumb/v7-m/nofp/libg_nano.a(libc_a-memset.o)
                0x08000ec6                memset
 *fill*         0x08000ed6        0x2 
 .text.__libc_init_array
                0x08000ed8       0x48 /usr/lib/gcc/arm-none-eabi/15.2.0/../../../../arm-none-eabi/lib/thumb/v7-m/nofp/libg_nano.a(libc_a-init.o)
                0x08000ed8                __libc_init_array
 *(.glue_7)
 .glue_7        0x08000f20        0x0 linker stubs
 *(.glue_7t)
 .glue_7t       0x08000f20        0x0 linker stubs
 *(.eh_frame)
 .eh_frame      0x08000f20        0x0 /usr/lib/gcc/arm-none-eabi/15.2.0/thumb/v7-m/nofp/crtbegin.o
 *(.init)
 .init          0x08000f20        0x4 /usr/lib/gcc/arm-none-eabi/15.2.0/thumb/v7-m/nofp/crti.o
                0x08000f20                _init
 .init          0x08000f24        0x8 /usr/lib/gcc/arm-none-eabi/15.2.0/thumb/v7-m/nofp/crtn.o
 *(.fini)
 .fini          0x08000f2c        0x4 /usr/lib/gcc/arm-none-eabi/15.2.0/thumb/v7-m/nofp/crti.o
                0x08000f2c                _fini
 .fini          0x08000f30        0x8 /usr/lib/gcc/arm-none-eabi/15.2.0/thumb/v7-m/nofp/crtn.o
                0x08000f38                        . = ALIGN (0x4)
                0x08000f38                        _etext = .

.vfp11_veneer   0x08000f38        0x0
 .vfp11_veneer  0x08000f38        0x0 linker stubs

.v4_bx          0x08000f38        0x0
 .v4_bx         0x08000f38        0x0 linker stubs

.iplt           0x08000f38        0x0
 .iplt          0x08000f38        0x0 /usr/lib/gcc/arm-none-eabi/15.2.0/thumb/v7-m/nofp/crtbegin.o

.rodata         0x08000f38       0x24
                0x08000f38                        . = ALIGN (0x4)
 *(.rodata)
 *(.rodata*)
 .rodata.AHBPrescTable
                0x08000f38       0x10 cmake/stm32cubemx/CMakeFiles/STM32_Drivers.dir/__/__/Core/Src/system_stm32f1xx.c.obj
                0x08000f38                AHBPrescTable
 .rodata.aPLLMULFactorTable.1
                0x08000f48       0x10 cmake/stm32cubemx/CMakeFiles/STM32_Drivers.dir/__/__/Drivers/STM32F1xx_HAL_Driver/Src/stm32f1xx_hal_rcc.c.obj
 .rodata.aPredivFactorTable.0
                0x08000f58        0x2 cmake/stm32cubemx/CMakeFiles/STM32_Drivers.dir/__/__/Drivers/STM32F1xx_HAL_Driver/Src/stm32f1xx_hal_rcc.c.obj
                0x08000f5c                        . = ALIGN (0x4)
 *fill*         0x08000f5a        0x2 

.ARM.extab      0x08000f5c        0x0
                0x08000f5c                        . = ALIGN (0x4)
 *(.ARM.extab* .gnu.linkonce.armextab.*)
                0x08000f5c                        . = ALIGN (0x4)

.ARM            0x08000f5c        0x0
                0x08000f5c                        . = ALIGN (0x4)
                0x08000f5c                        __exidx_start = .
 *(.ARM.exidx*)
                0x08000f5c                        __exidx_end = .
                0x08000f5c                        . = ALIGN (0x4)

.preinit_array  0x08000f5c        0x0
                0x08000f5c                        . = ALIGN (0x4)
                0x08000f5c                        PROVIDE (__preinit_array_start = .)
 *(.preinit_array*)
                0x08000f5c                        PROVIDE (__preinit_array_end = .)
                0x08000f5c                        . = ALIGN (0x4)

.init_array     0x08000f5c        0x4
                0x08000f5c                        . = ALIGN (0x4)
                0x08000f5c                        PROVIDE (__init_array_start = .)
 *(SORT_BY_NAME(.init_array.*))
 *(.init_array*)
 .init_array    0x08000f5c        0x4 /usr/lib/gcc/arm-none-eabi/15.2.0/thumb/v7-m/nofp/crtbegin.o
                0x08000f60                        PROVIDE (__init_array_end = .)
                0x08000f60                        . = ALIGN (0x4)

.fini_array     0x08000f60        0x4
                0x08000f60                        . = ALIGN (0x4)
                0x08000f60                        PROVIDE (__fini_array_start = .)
 *(SORT_BY_NAME(.fini_array.*))
 *(.fini_array*)
 .fini_array    0x08000f60        0x4 /usr/lib/gcc/arm-none-eabi/15.2.0/thumb/v7-m/nofp/crtbegin.o
                0x08000f64                        PROVIDE (__fini_array_end = .)
                0x08000f64                        . = ALIGN (0x4)
                0x08000f64                        _sidata = LOADADDR (.data)

.rel.dyn        0x08000f64        0x0
 .rel.iplt      0x08000f64        0x0 /usr/lib/gcc/arm-none-eabi/15.2.0/thumb/v7-m/nofp/crtbegin.o

.data           0x20000000        0xc load address 0x08000f64
                0x20000000                        . = ALIGN (0x4)
                0x20000000                        _sdata = .
 *(.data)
 *(.data*)
 .data.SystemCoreClock
                0x20000000        0x4 cmake/stm32cubemx/CMakeFiles/STM32_Drivers.dir/__/__/Core/Src/system_stm32f1xx.c.obj
                0x20000000                SystemCoreClock
 .data.uwTickPrio
                0x20000004        0x4 cmake/stm32cubemx/CMakeFiles/STM32_Drivers.dir/__/__/Drivers/STM32F1xx_HAL_Driver/Src/stm32f1xx_hal.c.obj
                0x20000004                uwTickPrio
 .data.uwTickFreq
                0x20000008        0x1 cmake/stm32cubemx/CMakeFiles/STM32_Drivers.dir/__/__/Drivers/STM32F1xx_HAL_Driver/Src/stm32f1xx_hal.c.obj
                0x20000008                uwTickFreq
 *(.RamFunc)
 *(.RamFunc*)
                0x2000000c                        . = ALIGN (0x4)
 *fill*         0x20000009        0x3 

.tm_clone_table
                0x2000000c        0x0 load address 0x08000f70
 .tm_clone_table
                0x2000000c        0x0 /usr/lib/gcc/arm-none-eabi/15.2.0/thumb/v7-m/nofp/crtbegin.o
 .tm_clone_table
                0x2000000c        0x0 /usr/lib/gcc/arm-none-eabi/15.2.0/thumb/v7-m/nofp/crtend.o

.igot.plt       0x2000000c        0x0 load address 0x08000f70
 .igot.plt      0x2000000c        0x0 /usr/lib/gcc/arm-none-eabi/15.2.0/thumb/v7-m/nofp/crtbegin.o

.tdata          0x2000000c        0x0 load address 0x08000f70
 *(.tdata .tdata.* .gnu.linkonce.td.*)
                0x2000000c                        . = ALIGN (0x4)
                0x2000000c                        _edata = .
                [!provide]                        PROVIDE (__data_end = .)
                [!provide]                        PROVIDE (__tdata_end = .)
                [!provide]                        PROVIDE (__tdata_start = ADDR (.tdata))
                [!provide]                        PROVIDE (__tdata_size = (__tdata_end - __tdata_start))
                [!provide]                        PROVIDE (__data_start = ADDR (.data))
                [!provide]                        PROVIDE (__data_size = (__data_end - __data_start))
                [!provide]                        PROVIDE (__tdata_source = LOADADDR (.tdata))
                [!provide]                        PROVIDE (__tdata_source_end = (LOADADDR (.tdata) + SIZEOF (.tdata)))
                [!provide]                        PROVIDE (__tdata_source_size = (__tdata_source_end - __tdata_source))
                [!provide]                        PROVIDE (__data_source = LOADADDR (.data))
                [!provide]                        PROVIDE (__data_source_end = __tdata_source_end)
                [!provide]                        PROVIDE (__data_source_size = (__data_source_end - __data_source))

.tbss           0x2000000c        0x0 load address 0x08000f70
                0x2000000c                        _sbss = .
                0x2000000c                        __bss_start__ = _sbss
 *(.tbss .tbss.*)
                0x2000000c                        . = ALIGN (0x4)
                [!provide]                        PROVIDE (__tbss_end = .)
                [!provide]                        PROVIDE (__tbss_start = ADDR (.tbss))
                [!provide]                        PROVIDE (__tbss_size = (__tbss_end - __tbss_start))
                [!provide]                        PROVIDE (__tbss_offset = (ADDR (.tbss) - ADDR (.tdata)))
                [!provide]                        PROVIDE (__tls_base = __tdata_start)
                [!provide]                        PROVIDE (__tls_end = __tbss_end)
                [!provide]                        PROVIDE (__tls_size = (__tls_end - __tls_base))
                [!provide]                        PROVIDE (__tls_align = MAX (ALIGNOF (.tdata), ALIGNOF (.tbss)))
                [!provide]                        PROVIDE (__tls_size_align = (((__tls_size + __tls_align) - 0x1) & ~ ((__tls_align - 0x1))))
                [!provide]                        PROVIDE (__arm32_tls_tcb_offset = MAX (0x8, __tls_align))
                [!provide]                        PROVIDE (__arm64_tls_tcb_offset = MAX (0x10, __tls_align))

.bss            0x2000000c       0x20 load address 0x08000f70
 *(.bss)
 .bss           0x2000000c       0x1c /usr/lib/gcc/arm-none-eabi/15.2.0/thumb/v7-m/nofp/crtbegin.o
 *(.bss*)
 .bss.uwTick    0x20000028        0x4 cmake/stm32cubemx/CMakeFiles/STM32_Drivers.dir/__/__/Drivers/STM32F1xx_HAL_Driver/Src/stm32f1xx_hal.c.obj
                0x20000028                uwTick
 *(COMMON)
                0x2000002c                        . = ALIGN (0x4)
                0x2000002c                        _ebss = .
                0x2000002c                        __bss_end__ = _ebss
                [!provide]                        PROVIDE (__bss_end = .)
                [!provide]                        PROVIDE (__non_tls_bss_start = ADDR (.bss))
                [!provide]                        PROVIDE (__bss_start = __tbss_start)
                [!provide]                        PROVIDE (__bss_size = (__bss_end - __bss_start))

._user_heap_stack
                0x2000002c      0x604 load address 0x08000f70
                0x20000030                        . = ALIGN (0x8)
 *fill*         0x2000002c        0x4 
                [!provide]                        PROVIDE (end = .)
                0x20000030                        PROVIDE (_end = .)
                0x20000230                        . = (. + _Min_Heap_Size)
 *fill*         0x20000030      0x200 
                0x20000630                        . = (. + _Min_Stack_Size)
 *fill*         0x20000230      0x400 
                0x20000630                        . = ALIGN (0x8)

/DISCARD/
 libc.a:*(*)
 libm.a:*(*)
 libgcc.a:*(*)
OUTPUT(stm32_cmake_M3.elf elf32-littlearm)
LOAD linker stubs

.ARM.attributes
                0x00000000       0x29
 .ARM.attributes
                0x00000000       0x1d /usr/lib/gcc/arm-none-eabi/15.2.0/thumb/v7-m/nofp/crti.o
 .ARM.attributes
                0x0000001d       0x2d /usr/lib/gcc/arm-none-eabi/15.2.0/thumb/v7-m/nofp/crtbegin.o
 .ARM.attributes
                0x0000004a       0x2d cmake/stm32cubemx/CMakeFiles/STM32_Drivers.dir/__/__/Core/Src/system_stm32f1xx.c.obj
 .ARM.attributes
                0x00000077       0x2d cmake/stm32cubemx/CMakeFiles/STM32_Drivers.dir/__/__/Drivers/STM32F1xx_HAL_Driver/Src/stm32f1xx_hal.c.obj
 .ARM.attributes
                0x000000a4       0x2d cmake/stm32cubemx/CMakeFiles/STM32_Drivers.dir/__/__/Drivers/STM32F1xx_HAL_Driver/Src/stm32f1xx_hal_rcc.c.obj
 .ARM.attributes
                0x000000d1       0x2d cmake/stm32cubemx/CMakeFiles/STM32_Drivers.dir/__/__/Drivers/STM32F1xx_HAL_Driver/Src/stm32f1xx_hal_cortex.c.obj
 .ARM.attributes
                0x000000fe       0x2d CMakeFiles/stm32_cmake_M3.dir/Core/Src/main.c.obj
 .ARM.attributes
                0x0000012b       0x2d CMakeFiles/stm32_cmake_M3.dir/Core/Src/gpio.c.obj
 .ARM.attributes
                0x00000158       0x2d CMakeFiles/stm32_cmake_M3.dir/Core/Src/stm32f1xx_it.c.obj
 .ARM.attributes
                0x00000185       0x2d CMakeFiles/stm32_cmake_M3.dir/Core/Src/stm32f1xx_hal_msp.c.obj
 .ARM.attributes
                0x000001b2       0x21 CMakeFiles/stm32_cmake_M3.dir/startup_stm32f103xe.s.obj
 .ARM.attributes
                0x000001d3       0x2d CMakeFiles/stm32_cmake_M3.dir/function/src/function.cpp.obj
 .ARM.attributes
                0x00000200       0x2d /usr/lib/gcc/arm-none-eabi/15.2.0/../../../../arm-none-eabi/lib/thumb/v7-m/nofp/libg_nano.a(libc_a-memset.o)
 .ARM.attributes
                0x0000022d       0x2d /usr/lib/gcc/arm-none-eabi/15.2.0/../../../../arm-none-eabi/lib/thumb/v7-m/nofp/libg_nano.a(libc_a-init.o)
 .ARM.attributes
                0x0000025a       0x2d /usr/lib/gcc/arm-none-eabi/15.2.0/thumb/v7-m/nofp/crtend.o
 .ARM.attributes
                0x00000287       0x1d /usr/lib/gcc/arm-none-eabi/15.2.0/thumb/v7-m/nofp/crtn.o

.comment        0x00000000       0x46
 .comment       0x00000000       0x46 /usr/lib/gcc/arm-none-eabi/15.2.0/thumb/v7-m/nofp/crtbegin.o
                                 0x24 (size before relaxing)
 .comment       0x00000046        0x0 cmake/stm32cubemx/CMakeFiles/STM32_Drivers.dir/__/__/Core/Src/system_stm32f1xx.c.obj
                                 0x24 (size before relaxing)
 .comment       0x00000046        0x0 cmake/stm32cubemx/CMakeFiles/STM32_Drivers.dir/__/__/Drivers/STM32F1xx_HAL_Driver/Src/stm32f1xx_hal.c.obj
                                 0x24 (size before relaxing)
 .comment       0x00000046        0x0 cmake/stm32cubemx/CMakeFiles/STM32_Drivers.dir/__/__/Drivers/STM32F1xx_HAL_Driver/Src/stm32f1xx_hal_rcc.c.obj
                                 0x24 (size before relaxing)
 .comment       0x00000046        0x0 cmake/stm32cubemx/CMakeFiles/STM32_Drivers.dir/__/__/Drivers/STM32F1xx_HAL_Driver/Src/stm32f1xx_hal_cortex.c.obj
                                 0x24 (size before relaxing)
 .comment       0x00000046        0x0 CMakeFiles/stm32_cmake_M3.dir/Core/Src/main.c.obj
                                 0x24 (size before relaxing)
 .comment       0x00000046        0x0 CMakeFiles/stm32_cmake_M3.dir/Core/Src/gpio.c.obj
                                 0x24 (size before relaxing)
 .comment       0x00000046        0x0 CMakeFiles/stm32_cmake_M3.dir/Core/Src/stm32f1xx_it.c.obj
                                 0x24 (size before relaxing)
 .comment       0x00000046        0x0 CMakeFiles/stm32_cmake_M3.dir/Core/Src/stm32f1xx_hal_msp.c.obj
                                 0x24 (size before relaxing)
 .comment       0x00000046        0x0 CMakeFiles/stm32_cmake_M3.dir/function/src/function.cpp.obj
                                 0x24 (size before relaxing)
 .comment       0x00000046        0x0 /usr/lib/gcc/arm-none-eabi/15.2.0/../../../../arm-none-eabi/lib/thumb/v7-m/nofp/libg_nano.a(libc_a-memset.o)
                                 0x24 (size before relaxing)
 .comment       0x00000046        0x0 /usr/lib/gcc/arm-none-eabi/15.2.0/../../../../arm-none-eabi/lib/thumb/v7-m/nofp/libg_nano.a(libc_a-init.o)
                                 0x24 (size before relaxing)
 .comment       0x00000046        0x0 /usr/lib/gcc/arm-none-eabi/15.2.0/thumb/v7-m/nofp/crtend.o
                                 0x24 (size before relaxing)

.debug_info     0x00000000     0x25f7
 .debug_info    0x00000000      0x222 cmake/stm32cubemx/CMakeFiles/STM32_Drivers.dir/__/__/Core/Src/system_stm32f1xx.c.obj
 .debug_info    0x00000222      0x76a cmake/stm32cubemx/CMakeFiles/STM32_Drivers.dir/__/__/Drivers/STM32F1xx_HAL_Driver/Src/stm32f1xx_hal.c.obj
 .debug_info    0x0000098c      0x7d5 cmake/stm32cubemx/CMakeFiles/STM32_Drivers.dir/__/__/Drivers/STM32F1xx_HAL_Driver/Src/stm32f1xx_hal_rcc.c.obj
 .debug_info    0x00001161      0xaed cmake/stm32cubemx/CMakeFiles/STM32_Drivers.dir/__/__/Drivers/STM32F1xx_HAL_Driver/Src/stm32f1xx_hal_cortex.c.obj
 .debug_info    0x00001c4e      0x29a CMakeFiles/stm32_cmake_M3.dir/Core/Src/main.c.obj
 .debug_info    0x00001ee8      0x150 CMakeFiles/stm32_cmake_M3.dir/Core/Src/gpio.c.obj
 .debug_info    0x00002038      0x113 CMakeFiles/stm32_cmake_M3.dir/Core/Src/stm32f1xx_it.c.obj
 .debug_info    0x0000214b      0x1f1 CMakeFiles/stm32_cmake_M3.dir/Core/Src/stm32f1xx_hal_msp.c.obj
 .debug_info    0x0000233c       0x30 CMakeFiles/stm32_cmake_M3.dir/startup_stm32f103xe.s.obj
 .debug_info    0x0000236c       0x96 CMakeFiles/stm32_cmake_M3.dir/function/src/function.cpp.obj
 .debug_info    0x00002402       0xe5 /usr/lib/gcc/arm-none-eabi/15.2.0/../../../../arm-none-eabi/lib/thumb/v7-m/nofp/libg_nano.a(libc_a-memset.o)
 .debug_info    0x000024e7      0x110 /usr/lib/gcc/arm-none-eabi/15.2.0/../../../../arm-none-eabi/lib/thumb/v7-m/nofp/libg_nano.a(libc_a-init.o)

.debug_abbrev   0x00000000      0xe45
 .debug_abbrev  0x00000000      0x13f cmake/stm32cubemx/CMakeFiles/STM32_Drivers.dir/__/__/Core/Src/system_stm32f1xx.c.obj
 .debug_abbrev  0x0000013f      0x201 cmake/stm32cubemx/CMakeFiles/STM32_Drivers.dir/__/__/Drivers/STM32F1xx_HAL_Driver/Src/stm32f1xx_hal.c.obj
 .debug_abbrev  0x00000340      0x2b3 cmake/stm32cubemx/CMakeFiles/STM32_Drivers.dir/__/__/Drivers/STM32F1xx_HAL_Driver/Src/stm32f1xx_hal_rcc.c.obj
 .debug_abbrev  0x000005f3      0x2f8 cmake/stm32cubemx/CMakeFiles/STM32_Drivers.dir/__/__/Drivers/STM32F1xx_HAL_Driver/Src/stm32f1xx_hal_cortex.c.obj
 .debug_abbrev  0x000008eb      0x171 CMakeFiles/stm32_cmake_M3.dir/Core/Src/main.c.obj
 .debug_abbrev  0x00000a5c       0xb9 CMakeFiles/stm32_cmake_M3.dir/Core/Src/gpio.c.obj
 .debug_abbrev  0x00000b15       0x73 CMakeFiles/stm32_cmake_M3.dir/Core/Src/stm32f1xx_it.c.obj
 .debug_abbrev  0x00000b88       0xdb CMakeFiles/stm32_cmake_M3.dir/Core/Src/stm32f1xx_hal_msp.c.obj
 .debug_abbrev  0x00000c63       0x24 CMakeFiles/stm32_cmake_M3.dir/startup_stm32f103xe.s.obj
 .debug_abbrev  0x00000c87       0x4b CMakeFiles/stm32_cmake_M3.dir/function/src/function.cpp.obj
 .debug_abbrev  0x00000cd2       0xa4 /usr/lib/gcc/arm-none-eabi/15.2.0/../../../../arm-none-eabi/lib/thumb/v7-m/nofp/libg_nano.a(libc_a-memset.o)
 .debug_abbrev  0x00000d76       0xcf /usr/lib/gcc/arm-none-eabi/15.2.0/../../../../arm-none-eabi/lib/thumb/v7-m/nofp/libg_nano.a(libc_a-init.o)

.debug_aranges  0x00000000      0x3f8
 .debug_aranges
                0x00000000       0x28 cmake/stm32cubemx/CMakeFiles/STM32_Drivers.dir/__/__/Core/Src/system_stm32f1xx.c.obj
 .debug_aranges
                0x00000028       0xe0 cmake/stm32cubemx/CMakeFiles/STM32_Drivers.dir/__/__/Drivers/STM32F1xx_HAL_Driver/Src/stm32f1xx_hal.c.obj
 .debug_aranges
                0x00000108       0x90 cmake/stm32cubemx/CMakeFiles/STM32_Drivers.dir/__/__/Drivers/STM32F1xx_HAL_Driver/Src/stm32f1xx_hal_rcc.c.obj
 .debug_aranges
                0x00000198      0x100 cmake/stm32cubemx/CMakeFiles/STM32_Drivers.dir/__/__/Drivers/STM32F1xx_HAL_Driver/Src/stm32f1xx_hal_cortex.c.obj
 .debug_aranges
                0x00000298       0x30 CMakeFiles/stm32_cmake_M3.dir/Core/Src/main.c.obj
 .debug_aranges
                0x000002c8       0x20 CMakeFiles/stm32_cmake_M3.dir/Core/Src/gpio.c.obj
 .debug_aranges
                0x000002e8       0x60 CMakeFiles/stm32_cmake_M3.dir/Core/Src/stm32f1xx_it.c.obj
 .debug_aranges
                0x00000348       0x20 CMakeFiles/stm32_cmake_M3.dir/Core/Src/stm32f1xx_hal_msp.c.obj
 .debug_aranges
                0x00000368       0x28 CMakeFiles/stm32_cmake_M3.dir/startup_stm32f103xe.s.obj
 .debug_aranges
                0x00000390       0x28 CMakeFiles/stm32_cmake_M3.dir/function/src/function.cpp.obj
 .debug_aranges
                0x000003b8       0x20 /usr/lib/gcc/arm-none-eabi/15.2.0/../../../../arm-none-eabi/lib/thumb/v7-m/nofp/libg_nano.a(libc_a-memset.o)
 .debug_aranges
                0x000003d8       0x20 /usr/lib/gcc/arm-none-eabi/15.2.0/../../../../arm-none-eabi/lib/thumb/v7-m/nofp/libg_nano.a(libc_a-init.o)

.debug_rnglists
                0x00000000      0x2c5
 .debug_rnglists
                0x00000000       0x1a cmake/stm32cubemx/CMakeFiles/STM32_Drivers.dir/__/__/Core/Src/system_stm32f1xx.c.obj
 .debug_rnglists
                0x0000001a       0xa3 cmake/stm32cubemx/CMakeFiles/STM32_Drivers.dir/__/__/Drivers/STM32F1xx_HAL_Driver/Src/stm32f1xx_hal.c.obj
 .debug_rnglists
                0x000000bd       0x6c cmake/stm32cubemx/CMakeFiles/STM32_Drivers.dir/__/__/Drivers/STM32F1xx_HAL_Driver/Src/stm32f1xx_hal_rcc.c.obj
 .debug_rnglists
                0x00000129       0xbb cmake/stm32cubemx/CMakeFiles/STM32_Drivers.dir/__/__/Drivers/STM32F1xx_HAL_Driver/Src/stm32f1xx_hal_cortex.c.obj
 .debug_rnglists
                0x000001e4       0x20 CMakeFiles/stm32_cmake_M3.dir/Core/Src/main.c.obj
 .debug_rnglists
                0x00000204       0x13 CMakeFiles/stm32_cmake_M3.dir/Core/Src/gpio.c.obj
 .debug_rnglists
                0x00000217       0x43 CMakeFiles/stm32_cmake_M3.dir/Core/Src/stm32f1xx_it.c.obj
 .debug_rnglists
                0x0000025a       0x13 CMakeFiles/stm32_cmake_M3.dir/Core/Src/stm32f1xx_hal_msp.c.obj
 .debug_rnglists
                0x0000026d       0x19 CMakeFiles/stm32_cmake_M3.dir/startup_stm32f103xe.s.obj
 .debug_rnglists
                0x00000286       0x19 CMakeFiles/stm32_cmake_M3.dir/function/src/function.cpp.obj
 .debug_rnglists
                0x0000029f       0x13 /usr/lib/gcc/arm-none-eabi/15.2.0/../../../../arm-none-eabi/lib/thumb/v7-m/nofp/libg_nano.a(libc_a-memset.o)
 .debug_rnglists
                0x000002b2       0x13 /usr/lib/gcc/arm-none-eabi/15.2.0/../../../../arm-none-eabi/lib/thumb/v7-m/nofp/libg_nano.a(libc_a-init.o)

.debug_macro    0x00000000    0x1891b
 .debug_macro   0x00000000      0x18e cmake/stm32cubemx/CMakeFiles/STM32_Drivers.dir/__/__/Core/Src/system_stm32f1xx.c.obj
 .debug_macro   0x0000018e      0xade cmake/stm32cubemx/CMakeFiles/STM32_Drivers.dir/__/__/Core/Src/system_stm32f1xx.c.obj
 .debug_macro   0x00000c6c       0x2e cmake/stm32cubemx/CMakeFiles/STM32_Drivers.dir/__/__/Core/Src/system_stm32f1xx.c.obj
 .debug_macro   0x00000c9a       0x22 cmake/stm32cubemx/CMakeFiles/STM32_Drivers.dir/__/__/Core/Src/system_stm32f1xx.c.obj
 .debug_macro   0x00000cbc       0x22 cmake/stm32cubemx/CMakeFiles/STM32_Drivers.dir/__/__/Core/Src/system_stm32f1xx.c.obj
 .debug_macro   0x00000cde       0x8e cmake/stm32cubemx/CMakeFiles/STM32_Drivers.dir/__/__/Core/Src/system_stm32f1xx.c.obj
 .debug_macro   0x00000d6c       0x51 cmake/stm32cubemx/CMakeFiles/STM32_Drivers.dir/__/__/Core/Src/system_stm32f1xx.c.obj
 .debug_macro   0x00000dbd      0x103 cmake/stm32cubemx/CMakeFiles/STM32_Drivers.dir/__/__/Core/Src/system_stm32f1xx.c.obj
 .debug_macro   0x00000ec0       0x6a cmake/stm32cubemx/CMakeFiles/STM32_Drivers.dir/__/__/Core/Src/system_stm32f1xx.c.obj
 .debug_macro   0x00000f2a      0x1df cmake/stm32cubemx/CMakeFiles/STM32_Drivers.dir/__/__/Core/Src/system_stm32f1xx.c.obj
 .debug_macro   0x00001109       0x1c cmake/stm32cubemx/CMakeFiles/STM32_Drivers.dir/__/__/Core/Src/system_stm32f1xx.c.obj
 .debug_macro   0x00001125       0x22 cmake/stm32cubemx/CMakeFiles/STM32_Drivers.dir/__/__/Core/Src/system_stm32f1xx.c.obj
 .debug_macro   0x00001147       0xbd cmake/stm32cubemx/CMakeFiles/STM32_Drivers.dir/__/__/Core/Src/system_stm32f1xx.c.obj
 .debug_macro   0x00001204      0xd23 cmake/stm32cubemx/CMakeFiles/STM32_Drivers.dir/__/__/Core/Src/system_stm32f1xx.c.obj
 .debug_macro   0x00001f27     0xfd8c cmake/stm32cubemx/CMakeFiles/STM32_Drivers.dir/__/__/Core/Src/system_stm32f1xx.c.obj
 .debug_macro   0x00011cb3       0x6d cmake/stm32cubemx/CMakeFiles/STM32_Drivers.dir/__/__/Core/Src/system_stm32f1xx.c.obj
 .debug_macro   0x00011d20      0x215 cmake/stm32cubemx/CMakeFiles/STM32_Drivers.dir/__/__/Core/Src/system_stm32f1xx.c.obj
 .debug_macro   0x00011f35     0x34a2 cmake/stm32cubemx/CMakeFiles/STM32_Drivers.dir/__/__/Core/Src/system_stm32f1xx.c.obj
 .debug_macro   0x000153d7      0x190 cmake/stm32cubemx/CMakeFiles/STM32_Drivers.dir/__/__/Core/Src/system_stm32f1xx.c.obj
 .debug_macro   0x00015567       0x5c cmake/stm32cubemx/CMakeFiles/STM32_Drivers.dir/__/__/Core/Src/system_stm32f1xx.c.obj
 .debug_macro   0x000155c3      0x5bc cmake/stm32cubemx/CMakeFiles/STM32_Drivers.dir/__/__/Core/Src/system_stm32f1xx.c.obj
 .debug_macro   0x00015b7f      0x4d5 cmake/stm32cubemx/CMakeFiles/STM32_Drivers.dir/__/__/Core/Src/system_stm32f1xx.c.obj
 .debug_macro   0x00016054      0x1cb cmake/stm32cubemx/CMakeFiles/STM32_Drivers.dir/__/__/Core/Src/system_stm32f1xx.c.obj
 .debug_macro   0x0001621f      0x114 cmake/stm32cubemx/CMakeFiles/STM32_Drivers.dir/__/__/Core/Src/system_stm32f1xx.c.obj
 .debug_macro   0x00016333      0x1ea cmake/stm32cubemx/CMakeFiles/STM32_Drivers.dir/__/__/Core/Src/system_stm32f1xx.c.obj
 .debug_macro   0x0001651d       0x27 cmake/stm32cubemx/CMakeFiles/STM32_Drivers.dir/__/__/Core/Src/system_stm32f1xx.c.obj
 .debug_macro   0x00016544      0x144 cmake/stm32cubemx/CMakeFiles/STM32_Drivers.dir/__/__/Core/Src/system_stm32f1xx.c.obj
 .debug_macro   0x00016688      0x1bc cmake/stm32cubemx/CMakeFiles/STM32_Drivers.dir/__/__/Core/Src/system_stm32f1xx.c.obj
 .debug_macro   0x00016844       0x30 cmake/stm32cubemx/CMakeFiles/STM32_Drivers.dir/__/__/Core/Src/system_stm32f1xx.c.obj
 .debug_macro   0x00016874       0x3c cmake/stm32cubemx/CMakeFiles/STM32_Drivers.dir/__/__/Core/Src/system_stm32f1xx.c.obj
 .debug_macro   0x000168b0       0x57 cmake/stm32cubemx/CMakeFiles/STM32_Drivers.dir/__/__/Core/Src/system_stm32f1xx.c.obj
 .debug_macro   0x00016907       0x87 cmake/stm32cubemx/CMakeFiles/STM32_Drivers.dir/__/__/Core/Src/system_stm32f1xx.c.obj
 .debug_macro   0x0001698e      0x24f cmake/stm32cubemx/CMakeFiles/STM32_Drivers.dir/__/__/Core/Src/system_stm32f1xx.c.obj
 .debug_macro   0x00016bdd      0x140 cmake/stm32cubemx/CMakeFiles/STM32_Drivers.dir/__/__/Core/Src/system_stm32f1xx.c.obj
 .debug_macro   0x00016d1d      0x217 cmake/stm32cubemx/CMakeFiles/STM32_Drivers.dir/__/__/Core/Src/system_stm32f1xx.c.obj
 .debug_macro   0x00016f34       0xb5 cmake/stm32cubemx/CMakeFiles/STM32_Drivers.dir/__/__/Core/Src/system_stm32f1xx.c.obj
 .debug_macro   0x00016fe9      0x1b2 cmake/stm32cubemx/CMakeFiles/STM32_Drivers.dir/__/__/Drivers/STM32F1xx_HAL_Driver/Src/stm32f1xx_hal.c.obj
 .debug_macro   0x0001719b      0x1a0 cmake/stm32cubemx/CMakeFiles/STM32_Drivers.dir/__/__/Drivers/STM32F1xx_HAL_Driver/Src/stm32f1xx_hal_rcc.c.obj
 .debug_macro   0x0001733b      0x18e cmake/stm32cubemx/CMakeFiles/STM32_Drivers.dir/__/__/Drivers/STM32F1xx_HAL_Driver/Src/stm32f1xx_hal_cortex.c.obj
 .debug_macro   0x000174c9      0x1b3 CMakeFiles/stm32_cmake_M3.dir/Core/Src/main.c.obj
 .debug_macro   0x0001767c       0x1c CMakeFiles/stm32_cmake_M3.dir/Core/Src/main.c.obj
 .debug_macro   0x00017698      0x1a2 CMakeFiles/stm32_cmake_M3.dir/Core/Src/gpio.c.obj
 .debug_macro   0x0001783a      0x1a2 CMakeFiles/stm32_cmake_M3.dir/Core/Src/stm32f1xx_it.c.obj
 .debug_macro   0x000179dc      0x198 CMakeFiles/stm32_cmake_M3.dir/Core/Src/stm32f1xx_hal_msp.c.obj
 .debug_macro   0x00017b74       0x75 CMakeFiles/stm32_cmake_M3.dir/function/src/function.cpp.obj
 .debug_macro   0x00017be9      0xc88 CMakeFiles/stm32_cmake_M3.dir/function/src/function.cpp.obj
 .debug_macro   0x00018871       0x1c CMakeFiles/stm32_cmake_M3.dir/function/src/function.cpp.obj
 .debug_macro   0x0001888d       0x8e CMakeFiles/stm32_cmake_M3.dir/function/src/function.cpp.obj

.debug_line     0x00000000     0x4115
 .debug_line    0x00000000      0x5ee cmake/stm32cubemx/CMakeFiles/STM32_Drivers.dir/__/__/Core/Src/system_stm32f1xx.c.obj
 .debug_line    0x000005ee      0x822 cmake/stm32cubemx/CMakeFiles/STM32_Drivers.dir/__/__/Drivers/STM32F1xx_HAL_Driver/Src/stm32f1xx_hal.c.obj
 .debug_line    0x00000e10      0xcd8 cmake/stm32cubemx/CMakeFiles/STM32_Drivers.dir/__/__/Drivers/STM32F1xx_HAL_Driver/Src/stm32f1xx_hal_rcc.c.obj
 .debug_line    0x00001ae8      0x9fb cmake/stm32cubemx/CMakeFiles/STM32_Drivers.dir/__/__/Drivers/STM32F1xx_HAL_Driver/Src/stm32f1xx_hal_cortex.c.obj
 .debug_line    0x000024e3      0x683 CMakeFiles/stm32_cmake_M3.dir/Core/Src/main.c.obj
 .debug_line    0x00002b66      0x56b CMakeFiles/stm32_cmake_M3.dir/Core/Src/gpio.c.obj
 .debug_line    0x000030d1      0x61e CMakeFiles/stm32_cmake_M3.dir/Core/Src/stm32f1xx_it.c.obj
 .debug_line    0x000036ef      0x570 CMakeFiles/stm32_cmake_M3.dir/Core/Src/stm32f1xx_hal_msp.c.obj
 .debug_line    0x00003c5f       0x79 CMakeFiles/stm32_cmake_M3.dir/startup_stm32f103xe.s.obj
 .debug_line    0x00003cd8      0x20d CMakeFiles/stm32_cmake_M3.dir/function/src/function.cpp.obj
 .debug_line    0x00003ee5      0x130 /usr/lib/gcc/arm-none-eabi/15.2.0/../../../../arm-none-eabi/lib/thumb/v7-m/nofp/libg_nano.a(libc_a-memset.o)
 .debug_line    0x00004015      0x100 /usr/lib/gcc/arm-none-eabi/15.2.0/../../../../arm-none-eabi/lib/thumb/v7-m/nofp/libg_nano.a(libc_a-init.o)

.debug_str      0x00000000    0x8bf9b
 .debug_str     0x00000000    0x8bf9b cmake/stm32cubemx/CMakeFiles/STM32_Drivers.dir/__/__/Core/Src/system_stm32f1xx.c.obj
                              0x8a5d3 (size before relaxing)
 .debug_str     0x0008bf9b        0x0 cmake/stm32cubemx/CMakeFiles/STM32_Drivers.dir/__/__/Drivers/STM32F1xx_HAL_Driver/Src/stm32f1xx_hal.c.obj
                              0x8adea (size before relaxing)
 .debug_str     0x0008bf9b        0x0 cmake/stm32cubemx/CMakeFiles/STM32_Drivers.dir/__/__/Drivers/STM32F1xx_HAL_Driver/Src/stm32f1xx_hal_rcc.c.obj
                              0x8aa02 (size before relaxing)
 .debug_str     0x0008bf9b        0x0 cmake/stm32cubemx/CMakeFiles/STM32_Drivers.dir/__/__/Drivers/STM32F1xx_HAL_Driver/Src/stm32f1xx_hal_cortex.c.obj
                              0x8ad36 (size before relaxing)
 .debug_str     0x0008bf9b        0x0 CMakeFiles/stm32_cmake_M3.dir/Core/Src/main.c.obj
                              0x8a757 (size before relaxing)
 .debug_str     0x0008bf9b        0x0 CMakeFiles/stm32_cmake_M3.dir/Core/Src/gpio.c.obj
                              0x8a57a (size before relaxing)
 .debug_str     0x0008bf9b        0x0 CMakeFiles/stm32_cmake_M3.dir/Core/Src/stm32f1xx_it.c.obj
                              0x8a5bd (size before relaxing)
 .debug_str     0x0008bf9b        0x0 CMakeFiles/stm32_cmake_M3.dir/Core/Src/stm32f1xx_hal_msp.c.obj
                              0x8a5a8 (size before relaxing)
 .debug_str     0x0008bf9b        0x0 CMakeFiles/stm32_cmake_M3.dir/startup_stm32f103xe.s.obj
                                 0x96 (size before relaxing)
 .debug_str     0x0008bf9b        0x0 CMakeFiles/stm32_cmake_M3.dir/function/src/function.cpp.obj
                               0x4707 (size before relaxing)
 .debug_str     0x0008bf9b        0x0 /usr/lib/gcc/arm-none-eabi/15.2.0/../../../../arm-none-eabi/lib/thumb/v7-m/nofp/libg_nano.a(libc_a-memset.o)
                                0x1d7 (size before relaxing)
 .debug_str     0x0008bf9b        0x0 /usr/lib/gcc/arm-none-eabi/15.2.0/../../../../arm-none-eabi/lib/thumb/v7-m/nofp/libg_nano.a(libc_a-init.o)
                                0x238 (size before relaxing)

.debug_frame    0x00000000      0xc44
 .debug_frame   0x00000000       0x58 cmake/stm32cubemx/CMakeFiles/STM32_Drivers.dir/__/__/Core/Src/system_stm32f1xx.c.obj
 .debug_frame   0x00000058      0x334 cmake/stm32cubemx/CMakeFiles/STM32_Drivers.dir/__/__/Drivers/STM32F1xx_HAL_Driver/Src/stm32f1xx_hal.c.obj
 .debug_frame   0x0000038c      0x218 cmake/stm32cubemx/CMakeFiles/STM32_Drivers.dir/__/__/Drivers/STM32F1xx_HAL_Driver/Src/stm32f1xx_hal_rcc.c.obj
 .debug_frame   0x000005a4      0x428 cmake/stm32cubemx/CMakeFiles/STM32_Drivers.dir/__/__/Drivers/STM32F1xx_HAL_Driver/Src/stm32f1xx_hal_cortex.c.obj
 .debug_frame   0x000009cc       0x68 CMakeFiles/stm32_cmake_M3.dir/Core/Src/main.c.obj
 .debug_frame   0x00000a34       0x38 CMakeFiles/stm32_cmake_M3.dir/Core/Src/gpio.c.obj
 .debug_frame   0x00000a6c      0x104 CMakeFiles/stm32_cmake_M3.dir/Core/Src/stm32f1xx_it.c.obj
 .debug_frame   0x00000b70       0x38 CMakeFiles/stm32_cmake_M3.dir/Core/Src/stm32f1xx_hal_msp.c.obj
 .debug_frame   0x00000ba8       0x50 CMakeFiles/stm32_cmake_M3.dir/function/src/function.cpp.obj
 .debug_frame   0x00000bf8       0x20 /usr/lib/gcc/arm-none-eabi/15.2.0/../../../../arm-none-eabi/lib/thumb/v7-m/nofp/libg_nano.a(libc_a-memset.o)
 .debug_frame   0x00000c18       0x2c /usr/lib/gcc/arm-none-eabi/15.2.0/../../../../arm-none-eabi/lib/thumb/v7-m/nofp/libg_nano.a(libc_a-init.o)

.debug_line_str
                0x00000000       0x7c
 .debug_line_str
                0x00000000       0x7c CMakeFiles/stm32_cmake_M3.dir/startup_stm32f103xe.s.obj

.debug_loclists
                0x00000000       0x83
 .debug_loclists
                0x00000000       0x3b /usr/lib/gcc/arm-none-eabi/15.2.0/../../../../arm-none-eabi/lib/thumb/v7-m/nofp/libg_nano.a(libc_a-memset.o)
 .debug_loclists
                0x0000003b       0x48 /usr/lib/gcc/arm-none-eabi/15.2.0/../../../../arm-none-eabi/lib/thumb/v7-m/nofp/libg_nano.a(libc_a-init.o)
