Archive member included to satisfy reference by file (symbol)

/usr/lib/gcc/arm-none-eabi/15.2.0/../../../../arm-none-eabi/lib/thumb/v7-m/nofp/libstdc++_nano.a(atexit_arm.o)
                              CMakeFiles/stm32_cmake_M3.dir/function/src/function.cpp.obj (__aeabi_atexit)
/usr/lib/gcc/arm-none-eabi/15.2.0/../../../../arm-none-eabi/lib/thumb/v7-m/nofp/libstdc++_nano.a(del_ops.o)
                              CMakeFiles/stm32_cmake_M3.dir/interface/src/inter_soft_spi.cpp.obj (operator delete(void*, unsigned int))
/usr/lib/gcc/arm-none-eabi/15.2.0/../../../../arm-none-eabi/lib/thumb/v7-m/nofp/libstdc++_nano.a(del_op.o)
                              /usr/lib/gcc/arm-none-eabi/15.2.0/../../../../arm-none-eabi/lib/thumb/v7-m/nofp/libstdc++_nano.a(del_ops.o) (operator delete(void*))
/usr/lib/gcc/arm-none-eabi/15.2.0/thumb/v7-m/nofp/libgcc.a(_aeabi_ldivmod.o)
                              CMakeFiles/stm32_cmake_M3.dir/device/src/device_ina226.cpp.obj (__aeabi_ldivmod)
/usr/lib/gcc/arm-none-eabi/15.2.0/thumb/v7-m/nofp/libgcc.a(_aeabi_uldivmod.o)
                              CMakeFiles/stm32_cmake_M3.dir/device/src/device_ina226.cpp.obj (__aeabi_uldivmod)
/usr/lib/gcc/arm-none-eabi/15.2.0/thumb/v7-m/nofp/libgcc.a(_udivmoddi4.o)
                              /usr/lib/gcc/arm-none-eabi/15.2.0/thumb/v7-m/nofp/libgcc.a(_aeabi_ldivmod.o) (__udivmoddi4)
/usr/lib/gcc/arm-none-eabi/15.2.0/thumb/v7-m/nofp/libgcc.a(_dvmd_tls.o)
                              /usr/lib/gcc/arm-none-eabi/15.2.0/thumb/v7-m/nofp/libgcc.a(_aeabi_ldivmod.o) (__aeabi_ldiv0)
/usr/lib/gcc/arm-none-eabi/15.2.0/../../../../arm-none-eabi/lib/thumb/v7-m/nofp/libg_nano.a(libc_a-assert.o)
                              CMakeFiles/stm32_cmake_M3.dir/interface/src/inter_io_ctrl.cpp.obj (__assert_func)
/usr/lib/gcc/arm-none-eabi/15.2.0/../../../../arm-none-eabi/lib/thumb/v7-m/nofp/libg_nano.a(libc_a-atexit.o)
                              /usr/lib/gcc/arm-none-eabi/15.2.0/../../../../arm-none-eabi/lib/thumb/v7-m/nofp/crt0.o (atexit)
/usr/lib/gcc/arm-none-eabi/15.2.0/../../../../arm-none-eabi/lib/thumb/v7-m/nofp/libg_nano.a(libc_a-exit.o)
                              /usr/lib/gcc/arm-none-eabi/15.2.0/../../../../arm-none-eabi/lib/thumb/v7-m/nofp/crt0.o (exit)
/usr/lib/gcc/arm-none-eabi/15.2.0/../../../../arm-none-eabi/lib/thumb/v7-m/nofp/libg_nano.a(libc_a-malloc.o)
                              /usr/lib/gcc/arm-none-eabi/15.2.0/../../../../arm-none-eabi/lib/thumb/v7-m/nofp/libstdc++_nano.a(del_op.o) (free)
/usr/lib/gcc/arm-none-eabi/15.2.0/../../../../arm-none-eabi/lib/thumb/v7-m/nofp/libg_nano.a(libc_a-mallocr.o)
                              /usr/lib/gcc/arm-none-eabi/15.2.0/../../../../arm-none-eabi/lib/thumb/v7-m/nofp/libg_nano.a(libc_a-malloc.o) (_malloc_r)
/usr/lib/gcc/arm-none-eabi/15.2.0/../../../../arm-none-eabi/lib/thumb/v7-m/nofp/libg_nano.a(libc_a-mlock.o)
                              /usr/lib/gcc/arm-none-eabi/15.2.0/../../../../arm-none-eabi/lib/thumb/v7-m/nofp/libg_nano.a(libc_a-mallocr.o) (__malloc_lock)
/usr/lib/gcc/arm-none-eabi/15.2.0/../../../../arm-none-eabi/lib/thumb/v7-m/nofp/libg_nano.a(libc_a-cxa_atexit.o)
                              /usr/lib/gcc/arm-none-eabi/15.2.0/../../../../arm-none-eabi/lib/thumb/v7-m/nofp/libstdc++_nano.a(atexit_arm.o) (__cxa_atexit)
/usr/lib/gcc/arm-none-eabi/15.2.0/../../../../arm-none-eabi/lib/thumb/v7-m/nofp/libg_nano.a(libc_a-findfp.o)
                              /usr/lib/gcc/arm-none-eabi/15.2.0/../../../../arm-none-eabi/lib/thumb/v7-m/nofp/libg_nano.a(libc_a-exit.o) (__stdio_exit_handler)
/usr/lib/gcc/arm-none-eabi/15.2.0/../../../../arm-none-eabi/lib/thumb/v7-m/nofp/libg_nano.a(libc_a-fprintf.o)
                              /usr/lib/gcc/arm-none-eabi/15.2.0/../../../../arm-none-eabi/lib/thumb/v7-m/nofp/libg_nano.a(libc_a-assert.o) (fiprintf)
/usr/lib/gcc/arm-none-eabi/15.2.0/../../../../arm-none-eabi/lib/thumb/v7-m/nofp/libg_nano.a(libc_a-fwalk.o)
                              /usr/lib/gcc/arm-none-eabi/15.2.0/../../../../arm-none-eabi/lib/thumb/v7-m/nofp/libg_nano.a(libc_a-findfp.o) (_fwalk_sglue)
/usr/lib/gcc/arm-none-eabi/15.2.0/../../../../arm-none-eabi/lib/thumb/v7-m/nofp/libg_nano.a(libc_a-stdio.o)
                              /usr/lib/gcc/arm-none-eabi/15.2.0/../../../../arm-none-eabi/lib/thumb/v7-m/nofp/libg_nano.a(libc_a-findfp.o) (__sread)
/usr/lib/gcc/arm-none-eabi/15.2.0/../../../../arm-none-eabi/lib/thumb/v7-m/nofp/libg_nano.a(libc_a-vsnprintf.o)
                              CMakeFiles/stm32_cmake_M3.dir/function/src/function.cpp.obj (vsnprintf)
/usr/lib/gcc/arm-none-eabi/15.2.0/../../../../arm-none-eabi/lib/thumb/v7-m/nofp/libg_nano.a(libc_a-memset.o)
                              /usr/lib/gcc/arm-none-eabi/15.2.0/../../../../arm-none-eabi/lib/thumb/v7-m/nofp/crt0.o (memset)
/usr/lib/gcc/arm-none-eabi/15.2.0/../../../../arm-none-eabi/lib/thumb/v7-m/nofp/libg_nano.a(libc_a-closer.o)
[...]
Memory Configuration

Name             Origin             Length             Attributes
RAM              0x20000000         0x00010000         xrw
FLASH            0x08000000         0x00080000         xr
*default*        0x00000000         0xffffffff

Linker script and memory map

LOAD /usr/lib/gcc/arm-none-eabi/15.2.0/thumb/v7-m/nofp/crti.o
LOAD /usr/lib/gcc/arm-none-eabi/15.2.0/thumb/v7-m/nofp/crtbegin.o
LOAD /usr/lib/gcc/arm-none-eabi/15.2.0/../../../../arm-none-eabi/lib/thumb/v7-m/nofp/crt0.o
LOAD cmake/stm32cubemx/CMakeFiles/STM32_Drivers.dir/__/__/Core/Src/system_stm32f1xx.c.obj
LOAD cmake/stm32cubemx/CMakeFiles/STM32_Drivers.dir/__/__/Drivers/STM32F1xx_HAL_Driver/Src/stm32f1xx_hal_gpio_ex.c.obj
LOAD cmake/stm32cubemx/CMakeFiles/STM32_Drivers.dir/__/__/Drivers/STM32F1xx_HAL_Driver/Src/stm32f1xx_hal.c.obj
LOAD cmake/stm32cubemx/CMakeFiles/STM32_Drivers.dir/__/__/Drivers/STM32F1xx_HAL_Driver/Src/stm32f1xx_hal_rcc.c.obj
LOAD cmake/stm32cubemx/CMakeFiles/STM32_Drivers.dir/__/__/Drivers/STM32F1xx_HAL_Driver/Src/stm32f1xx_hal_rcc_ex.c.obj
LOAD cmake/stm32cubemx/CMakeFiles/STM32_Drivers.dir/__/__/Drivers/STM32F1xx_HAL_Driver/Src/stm32f1xx_hal_gpio.c.obj
LOAD cmake/stm32cubemx/CMakeFiles/STM32_Drivers.dir/__/__/Drivers/STM32F1xx_HAL_Driver/Src/stm32f1xx_hal_spi.c.obj
LOAD cmake/stm32cubemx/CMakeFiles/STM32_Drivers.dir/__/__/Drivers/STM32F1xx_HAL_Driver/Src/stm32f1xx_hal_dma.c.obj
LOAD cmake/stm32cubemx/CMakeFiles/STM32_Drivers.dir/__/__/Drivers/STM32F1xx_HAL_Driver/Src/stm32f1xx_hal_cortex.c.obj
LOAD cmake/stm32cubemx/CMakeFiles/STM32_Drivers.dir/__/__/Drivers/STM32F1xx_HAL_Driver/Src/stm32f1xx_hal_pwr.c.obj
LOAD cmake/stm32cubemx/CMakeFiles/STM32_Drivers.dir/__/__/Drivers/STM32F1xx_HAL_Driver/Src/stm32f1xx_hal_flash.c.obj
LOAD cmake/stm32cubemx/CMakeFiles/STM32_Drivers.dir/__/__/Drivers/STM32F1xx_HAL_Driver/Src/stm32f1xx_hal_flash_ex.c.obj
LOAD cmake/stm32cubemx/CMakeFiles/STM32_Drivers.dir/__/__/Drivers/STM32F1xx_HAL_Driver/Src/stm32f1xx_hal_exti.c.obj
LOAD cmake/stm32cubemx/CMakeFiles/STM32_Drivers.dir/__/__/Drivers/STM32F1xx_HAL_Driver/Src/stm32f1xx_hal_adc.c.obj
LOAD cmake/stm32cubemx/CMakeFiles/STM32_Drivers.dir/__/__/Drivers/STM32F1xx_HAL_Driver/Src/stm32f1xx_hal_adc_ex.c.obj
LOAD CMakeFiles/stm32_cmake_M3.dir/Core/Src/main.c.obj
LOAD CMakeFiles/stm32_cmake_M3.dir/Core/Src/delay.c.obj
LOAD CMakeFiles/stm32_cmake_M3.dir/Core/Src/gpio.c.obj
LOAD CMakeFiles/stm32_cmake_M3.dir/Core/Src/stm32f1xx_it.c.obj
LOAD CMakeFiles/stm32_cmake_M3.dir/Core/Src/stm32f1xx_hal_msp.c.obj
LOAD CMakeFiles/stm32_cmake_M3.dir/Core/Src/sysmem.c.obj
LOAD CMakeFiles/stm32_cmake_M3.dir/Core/Src/syscalls.c.obj
LOAD CMakeFiles/stm32_cmake_M3.dir/startup_stm32f103xe.s.obj
LOAD CMakeFiles/stm32_cmake_M3.dir/function/src/function.cpp.obj
LOAD CMakeFiles/stm32_cmake_M3.dir/interface/src/inter_io_ctrl.cpp.obj
LOAD CMakeFiles/stm32_cmake_M3.dir/interface/src/inter_i2c_bus.cpp.obj
LOAD CMakeFiles/stm32_cmake_M3.dir/interface/src/inter_i2c_dev.cpp.obj
LOAD CMakeFiles/stm32_cmake_M3.dir/interface/src/inter_soft_spi.cpp.obj
LOAD CMakeFiles/stm32_cmake_M3.dir/interface/src/inter_soft_uart.cpp.obj
LOAD CMakeFiles/stm32_cmake_M3.dir/interface/src/inter_usart.cpp.obj
LOAD CMakeFiles/stm32_cmake_M3.dir/interface/src/inter_spi.cpp.obj
LOAD CMakeFiles/stm32_cmake_M3.dir/interface/src/inter_flash.cpp.obj
LOAD CMakeFiles/stm32_cmake_M3.dir/interface/src/inter_dma.cpp.obj
LOAD CMakeFiles/stm32_cmake_M3.dir/interface/src/inter_adc.cpp.obj
LOAD CMakeFiles/stm32_cmake_M3.dir/device/src/device_ds18b20.cpp.obj
LOAD CMakeFiles/stm32_cmake_M3.dir/device/src/device_ina226.cpp.obj
LOAD CMakeFiles/stm32_cmake_M3.dir/device/src/device_ina228.cpp.obj
LOAD CMakeFiles/stm32_cmake_M3.dir/device/src/device_serial.cpp.obj
LOAD CMakeFiles/stm32_cmake_M3.dir/device/src/device_w25qxx.cpp.obj
LOAD /usr/lib/gcc/arm-none-eabi/15.2.0/../../../../arm-none-eabi/lib/thumb/v7-m/nofp/libstdc++_nano.a
LOAD /usr/lib/gcc/arm-none-eabi/15.2.0/../../../../arm-none-eabi/lib/thumb/v7-m/nofp/libm.a
START GROUP
LOAD /usr/lib/gcc/arm-none-eabi/15.2.0/thumb/v7-m/nofp/libgcc.a
LOAD /usr/lib/gcc/arm-none-eabi/15.2.0/../../../../arm-none-eabi/lib/thumb/v7-m/nofp/libg_nano.a
LOAD /usr/lib/gcc/arm-none-eabi/15.2.0/../../../../arm-none-eabi/lib/thumb/v7-m/nofp/libc_nano.a
END GROUP
START GROUP
LOAD /usr/lib/gcc/arm-none-eabi/15.2.0/thumb/v7-m/nofp/libgcc.a
LOAD /usr/lib/gcc/arm-none-eabi/15.2.0/../../../../arm-none-eabi/lib/thumb/v7-m/nofp/libc_nano.a
END GROUP
LOAD /usr/lib/gcc/arm-none-eabi/15.2.0/thumb/v7-m/nofp/crtend.o
LOAD /usr/lib/gcc/arm-none-eabi/15.2.0/thumb/v7-m/nofp/crtn.o
                0x20010000                        _estack = (ORIGIN (RAM) + LENGTH (RAM))
                0x2000fc00                        _sstack = (_estack - _Min_Stack_Size)
                0x00000200                        _Min_Heap_Size = 0x200
                0x00000400                        _Min_Stack_Size = 0x400

.isr_vector     0x08000000      0x1e4
                0x08000000                        . = ALIGN (0x4)
 *(.isr_vector)
 .isr_vector    0x08000000      0x1e4 CMakeFiles/stm32_cmake_M3.dir/startup_stm32f103xe.s.obj
                0x08000000                g_pfnVectors
                0x080001e4                        . = ALIGN (0x4)

.text           0x080001e4     0x79b0
                0x080001e4                        . = ALIGN (0x4)
 *(.text)
 .text          0x080001e4       0x88 /usr/lib/gcc/arm-none-eabi/15.2.0/thumb/v7-m/nofp/crtbegin.o
 .text          0x0800026c       0x10 /usr/lib/gcc/arm-none-eabi/15.2.0/../../../../arm-none-eabi/lib/thumb/v7-m/nofp/libg_nano.a(libc_a-strlen.o)
                0x0800026c                strlen
 *(.text*)
 .text.SystemInit
                0x0800027c        0xc cmake/stm32cubemx/CMakeFiles/STM32_Drivers.dir/__/__/Core/Src/system_stm32f1xx.c.obj
                0x0800027c                SystemInit
 .text.HAL_Init
                0x08000288       0x2c cmake/stm32cubemx/CMakeFiles/STM32_Drivers.dir/__/__/Drivers/STM32F1xx_HAL_Driver/Src/stm32f1xx_hal.c.obj
                0x08000288                HAL_Init
 .text.HAL_InitTick
                0x080002b4       0x60 cmake/stm32cubemx/CMakeFiles/STM32_Drivers.dir/__/__/Drivers/STM32F1xx_HAL_Driver/Src/stm32f1xx_hal.c.obj
                0x080002b4                HAL_InitTick
 .text.HAL_IncTick
                0x08000314       0x24 cmake/stm32cubemx/CMakeFiles/STM32_Drivers.dir/__/__/Drivers/STM32F1xx_HAL_Driver/Src/stm32f1xx_hal.c.obj
                0x08000314                HAL_IncTick
 .text.HAL_GetTick
                0x08000338       0x14 cmake/stm32cubemx/CMakeFiles/STM32_Drivers.dir/__/__/Drivers/STM32F1xx_HAL_Driver/Src/stm32f1xx_hal.c.obj
                0x08000338                HAL_GetTick
 .text.HAL_RCC_OscConfig
                0x0800034c      0x504 cmake/stm32cubemx/CMakeFiles/STM32_Drivers.dir/__/__/Drivers/STM32F1xx_HAL_Driver/Src/stm32f1xx_hal_rcc.c.obj
                0x0800034c                HAL_RCC_OscConfig
 .text.HAL_RCC_ClockConfig
                0x08000850      0x1d4 cmake/stm32cubemx/CMakeFiles/STM32_Drivers.dir/__/__/Drivers/STM32F1xx_HAL_Driver/Src/stm32f1xx_hal_rcc.c.obj
                0x08000850                HAL_RCC_ClockConfig
 .text.HAL_RCC_GetSysClockFreq
                0x08000a24       0xa8 cmake/stm32cubemx/CMakeFiles/STM32_Drivers.dir/__/__/Drivers/STM32F1xx_HAL_Driver/Src/stm32f1xx_hal_rcc.c.obj
                0x08000a24                HAL_RCC_GetSysClockFreq
 .text.HAL_RCC_GetHCLKFreq
                0x08000acc       0x14 cmake/stm32cubemx/CMakeFiles/STM32_Drivers.dir/__/__/Drivers/STM32F1xx_HAL_Driver/Src/stm32f1xx_hal_rcc.c.obj
                0x08000acc                HAL_RCC_GetHCLKFreq
 .text.HAL_RCC_GetPCLK1Freq
                0x08000ae0       0x28 cmake/stm32cubemx/CMakeFiles/STM32_Drivers.dir/__/__/Drivers/STM32F1xx_HAL_Driver/Src/stm32f1xx_hal_rcc.c.obj
                0x08000ae0                HAL_RCC_GetPCLK1Freq
 .text.HAL_RCC_GetPCLK2Freq
                0x08000b08       0x28 cmake/stm32cubemx/CMakeFiles/STM32_Drivers.dir/__/__/Drivers/STM32F1xx_HAL_Driver/Src/stm32f1xx_hal_rcc.c.obj
                0x08000b08                HAL_RCC_GetPCLK2Freq
 .text.RCC_Delay
                0x08000b30       0x3c cmake/stm32cubemx/CMakeFiles/STM32_Drivers.dir/__/__/Drivers/STM32F1xx_HAL_Driver/Src/stm32f1xx_hal_rcc.c.obj
 .text.HAL_RCCEx_GetPeriphCLKFreq
                0x08000b6c      0x198 cmake/stm32cubemx/CMakeFiles/STM32_Drivers.dir/__/__/Drivers/STM32F1xx_HAL_Driver/Src/stm32f1xx_hal_rcc_ex.c.obj
                0x08000b6c                HAL_RCCEx_GetPeriphCLKFreq
 .text.HAL_GPIO_Init
                0x08000d04      0x2fc cmake/stm32cubemx/CMakeFiles/STM32_Drivers.dir/__/__/Drivers/STM32F1xx_HAL_Driver/Src/stm32f1xx_hal_gpio.c.obj
                0x08000d04                HAL_GPIO_Init
 .text.HAL_GPIO_DeInit
                0x08001000      0x19c cmake/stm32cubemx/CMakeFiles/STM32_Drivers.dir/__/__/Drivers/STM32F1xx_HAL_Driver/Src/stm32f1xx_hal_gpio.c.obj
                0x08001000                HAL_GPIO_DeInit
 .text.HAL_DMA_Init
                0x0800119c       0xec cmake/stm32cubemx/CMakeFiles/STM32_Drivers.dir/__/__/Drivers/STM32F1xx_HAL_Driver/Src/stm32f1xx_hal_dma.c.obj
                0x0800119c                HAL_DMA_Init
 .text.HAL_DMA_DeInit
                0x08001288       0xf0 cmake/stm32cubemx/CMakeFiles/STM32_Drivers.dir/__/__/Drivers/STM32F1xx_HAL_Driver/Src/stm32f1xx_hal_dma.c.obj
                0x08001288                HAL_DMA_DeInit
 .text.HAL_DMA_Start_IT
                0x08001378       0xc0 cmake/stm32cubemx/CMakeFiles/STM32_Drivers.dir/__/__/Drivers/STM32F1xx_HAL_Driver/Src/stm32f1xx_hal_dma.c.obj
                0x08001378                HAL_DMA_Start_IT
 .text.HAL_DMA_Abort
                0x08001438       0x76 cmake/stm32cubemx/CMakeFiles/STM32_Drivers.dir/__/__/Drivers/STM32F1xx_HAL_Driver/Src/stm32f1xx_hal_dma.c.obj
                0x08001438                HAL_DMA_Abort
 *fill*         0x080014ae        0x2 
 .text.HAL_DMA_IRQHandler
                0x080014b0      0x478 cmake/stm32cubemx/CMakeFiles/STM32_Drivers.dir/__/__/Drivers/STM32F1xx_HAL_Driver/Src/stm32f1xx_hal_dma.c.obj
                0x080014b0                HAL_DMA_IRQHandler
 .text.DMA_SetConfig
                0x08001928       0x5a cmake/stm32cubemx/CMakeFiles/STM32_Drivers.dir/__/__/Drivers/STM32F1xx_HAL_Driver/Src/stm32f1xx_hal_dma.c.obj
 *fill*         0x08001982        0x2 
 .text.__NVIC_SetPriorityGrouping
                0x08001984       0x48 cmake/stm32cubemx/CMakeFiles/STM32_Drivers.dir/__/__/Drivers/STM32F1xx_HAL_Driver/Src/stm32f1xx_hal_cortex.c.obj
 .text.__NVIC_GetPriorityGrouping
                0x080019cc       0x1c cmake/stm32cubemx/CMakeFiles/STM32_Drivers.dir/__/__/Drivers/STM32F1xx_HAL_Driver/Src/stm32f1xx_hal_cortex.c.obj
 .text.__NVIC_EnableIRQ
                0x080019e8       0x38 cmake/stm32cubemx/CMakeFiles/STM32_Drivers.dir/__/__/Drivers/STM32F1xx_HAL_Driver/Src/stm32f1xx_hal_cortex.c.obj
 .text.__NVIC_DisableIRQ
                0x08001a20       0x48 cmake/stm32cubemx/CMakeFiles/STM32_Drivers.dir/__/__/Drivers/STM32F1xx_HAL_Driver/Src/stm32f1xx_hal_cortex.c.obj
 .text.__NVIC_SetPriority
                0x08001a68       0x54 cmake/stm32cubemx/CMakeFiles/STM32_Drivers.dir/__/__/Drivers/STM32F1xx_HAL_Driver/Src/stm32f1xx_hal_cortex.c.obj
 .text.NVIC_EncodePriority
                0x08001abc       0x6e cmake/stm32cubemx/CMakeFiles/STM32_Drivers.dir/__/__/Drivers/STM32F1xx_HAL_Driver/Src/stm32f1xx_hal_cortex.c.obj
 *fill*         0x08001b2a        0x2 
 .text.SysTick_Config
                0x08001b2c       0x44 cmake/stm32cubemx/CMakeFiles/STM32_Drivers.dir/__/__/Drivers/STM32F1xx_HAL_Driver/Src/stm32f1xx_hal_cortex.c.obj
 .text.HAL_NVIC_SetPriorityGrouping
                0x08001b70       0x16 cmake/stm32cubemx/CMakeFiles/STM32_Drivers.dir/__/__/Drivers/STM32F1xx_HAL_Driver/Src/stm32f1xx_hal_cortex.c.obj
                0x08001b70                HAL_NVIC_SetPriorityGrouping
 .text.HAL_NVIC_SetPriority
                0x08001b86       0x38 cmake/stm32cubemx/CMakeFiles/STM32_Drivers.dir/__/__/Drivers/STM32F1xx_HAL_Driver/Src/stm32f1xx_hal_cortex.c.obj
                0x08001b86                HAL_NVIC_SetPriority
 .text.HAL_NVIC_EnableIRQ
                0x08001bbe       0x1c cmake/stm32cubemx/CMakeFiles/STM32_Drivers.dir/__/__/Drivers/STM32F1xx_HAL_Driver/Src/stm32f1xx_hal_cortex.c.obj
                0x08001bbe                HAL_NVIC_EnableIRQ
 .text.HAL_NVIC_DisableIRQ
                0x08001bda       0x1c cmake/stm32cubemx/CMakeFiles/STM32_Drivers.dir/__/__/Drivers/STM32F1xx_HAL_Driver/Src/stm32f1xx_hal_cortex.c.obj
                0x08001bda                HAL_NVIC_DisableIRQ
 .text.HAL_SYSTICK_Config
                0x08001bf6       0x18 cmake/stm32cubemx/CMakeFiles/STM32_Drivers.dir/__/__/Drivers/STM32F1xx_HAL_Driver/Src/stm32f1xx_hal_cortex.c.obj
                0x08001bf6                HAL_SYSTICK_Config
 *fill*         0x08001c0e        0x2 
 .text.HAL_FLASH_Program
                0x08001c10       0xe0 cmake/stm32cubemx/CMakeFiles/STM32_Drivers.dir/__/__/Drivers/STM32F1xx_HAL_Driver/Src/stm32f1xx_hal_flash.c.obj
                0x08001c10                HAL_FLASH_Program
 .text.HAL_FLASH_Unlock
                0x08001cf0       0x4c cmake/stm32cubemx/CMakeFiles/STM32_Drivers.dir/__/__/Drivers/STM32F1xx_HAL_Driver/Src/stm32f1xx_hal_flash.c.obj
                0x08001cf0                HAL_FLASH_Unlock
 .text.FLASH_Program_HalfWord
                0x08001d3c       0x38 cmake/stm32cubemx/CMakeFiles/STM32_Drivers.dir/__/__/Drivers/STM32F1xx_HAL_Driver/Src/stm32f1xx_hal_flash.c.obj
 .text.FLASH_WaitForLastOperation
                0x08001d74       0x8c cmake/stm32cubemx/CMakeFiles/STM32_Drivers.dir/__/__/Drivers/STM32F1xx_HAL_Driver/Src/stm32f1xx_hal_flash.c.obj
                0x08001d74                FLASH_WaitForLastOperation
 .text.FLASH_SetErrorCode
                0x08001e00       0xa0 cmake/stm32cubemx/CMakeFiles/STM32_Drivers.dir/__/__/Drivers/STM32F1xx_HAL_Driver/Src/stm32f1xx_hal_flash.c.obj
 .text.HAL_FLASHEx_Erase
                0x08001ea0       0xd8 cmake/stm32cubemx/CMakeFiles/STM32_Drivers.dir/__/__/Drivers/STM32F1xx_HAL_Driver/Src/stm32f1xx_hal_flash_ex.c.obj
                0x08001ea0                HAL_FLASHEx_Erase
 .text.FLASH_MassErase
                0x08001f78       0x38 cmake/stm32cubemx/CMakeFiles/STM32_Drivers.dir/__/__/Drivers/STM32F1xx_HAL_Driver/Src/stm32f1xx_hal_flash_ex.c.obj
 .text.FLASH_PageErase
                0x08001fb0       0x40 cmake/stm32cubemx/CMakeFiles/STM32_Drivers.dir/__/__/Drivers/STM32F1xx_HAL_Driver/Src/stm32f1xx_hal_flash_ex.c.obj
                0x08001fb0                FLASH_PageErase
 .text.HAL_ADC_Init
                0x08001ff0      0x1d4 cmake/stm32cubemx/CMakeFiles/STM32_Drivers.dir/__/__/Drivers/STM32F1xx_HAL_Driver/Src/stm32f1xx_hal_adc.c.obj
                0x08001ff0                HAL_ADC_Init
 .text.HAL_ADC_MspInit
                0x080021c4       0x12 cmake/stm32cubemx/CMakeFiles/STM32_Drivers.dir/__/__/Drivers/STM32F1xx_HAL_Driver/Src/stm32f1xx_hal_adc.c.obj
                0x080021c4                HAL_ADC_MspInit
 *fill*         0x080021d6        0x2 
 .text.HAL_ADC_Start
                0x080021d8      0x15c cmake/stm32cubemx/CMakeFiles/STM32_Drivers.dir/__/__/Drivers/STM32F1xx_HAL_Driver/Src/stm32f1xx_hal_adc.c.obj
                0x080021d8                HAL_ADC_Start
 .text.HAL_ADC_Stop
                0x08002334       0x58 cmake/stm32cubemx/CMakeFiles/STM32_Drivers.dir/__/__/Drivers/STM32F1xx_HAL_Driver/Src/stm32f1xx_hal_adc.c.obj
                0x08002334                HAL_ADC_Stop
 .text.HAL_ADC_PollForConversion
                0x0800238c      0x20c cmake/stm32cubemx/CMakeFiles/STM32_Drivers.dir/__/__/Drivers/STM32F1xx_HAL_Driver/Src/stm32f1xx_hal_adc.c.obj
                0x0800238c                HAL_ADC_PollForConversion
 .text.HAL_ADC_Start_DMA
                0x08002598      0x1bc cmake/stm32cubemx/CMakeFiles/STM32_Drivers.dir/__/__/Drivers/STM32F1xx_HAL_Driver/Src/stm32f1xx_hal_adc.c.obj
                0x08002598                HAL_ADC_Start_DMA
 .text.HAL_ADC_Stop_DMA
                0x08002754       0x98 cmake/stm32cubemx/CMakeFiles/STM32_Drivers.dir/__/__/Drivers/STM32F1xx_HAL_Driver/Src/stm32f1xx_hal_adc.c.obj
                0x08002754                HAL_ADC_Stop_DMA
 .text.HAL_ADC_GetValue
                0x080027ec       0x18 cmake/stm32cubemx/CMakeFiles/STM32_Drivers.dir/__/__/Drivers/STM32F1xx_HAL_Driver/Src/stm32f1xx_hal_adc.c.obj
                0x080027ec                HAL_ADC_GetValue
 .text.HAL_ADC_ConvCpltCallback
                0x08002804       0x12 cmake/stm32cubemx/CMakeFiles/STM32_Drivers.dir/__/__/Drivers/STM32F1xx_HAL_Driver/Src/stm32f1xx_hal_adc.c.obj
                0x08002804                HAL_ADC_ConvCpltCallback
 .text.HAL_ADC_ConvHalfCpltCallback
                0x08002816       0x12 cmake/stm32cubemx/CMakeFiles/STM32_Drivers.dir/__/__/Drivers/STM32F1xx_HAL_Driver/Src/stm32f1xx_hal_adc.c.obj
                0x08002816                HAL_ADC_ConvHalfCpltCallback
 .text.HAL_ADC_ErrorCallback
                0x08002828       0x12 cmake/stm32cubemx/CMakeFiles/STM32_Drivers.dir/__/__/Drivers/STM32F1xx_HAL_Driver/Src/stm32f1xx_hal_adc.c.obj
                0x08002828                HAL_ADC_ErrorCallback
 *fill*         0x0800283a        0x2 
 .text.HAL_ADC_ConfigChannel
                0x0800283c      0x1f8 cmake/stm32cubemx/CMakeFiles/STM32_Drivers.dir/__/__/Drivers/STM32F1xx_HAL_Driver/Src/stm32f1xx_hal_adc.c.obj
                0x0800283c                HAL_ADC_ConfigChannel
 .text.ADC_Enable
                0x08002a34       0xb4 cmake/stm32cubemx/CMakeFiles/STM32_Drivers.dir/__/__/Drivers/STM32F1xx_HAL_Driver/Src/stm32f1xx_hal_adc.c.obj
                0x08002a34                ADC_Enable
 .text.ADC_ConversionStop_Disable
                0x08002ae8       0x82 cmake/stm32cubemx/CMakeFiles/STM32_Drivers.dir/__/__/Drivers/STM32F1xx_HAL_Driver/Src/stm32f1xx_hal_adc.c.obj
                0x08002ae8                ADC_ConversionStop_Disable
 .text.ADC_DMAConvCplt
                0x08002b6a       0x7c cmake/stm32cubemx/CMakeFiles/STM32_Drivers.dir/__/__/Drivers/STM32F1xx_HAL_Driver/Src/stm32f1xx_hal_adc.c.obj
                0x08002b6a                ADC_DMAConvCplt
 .text.ADC_DMAHalfConvCplt
                0x08002be6       0x1c cmake/stm32cubemx/CMakeFiles/STM32_Drivers.dir/__/__/Drivers/STM32F1xx_HAL_Driver/Src/stm32f1xx_hal_adc.c.obj
                0x08002be6                ADC_DMAHalfConvCplt
 .text.ADC_DMAError
                0x08002c02       0x34 cmake/stm32cubemx/CMakeFiles/STM32_Drivers.dir/__/__/Drivers/STM32F1xx_HAL_Driver/Src/stm32f1xx_hal_adc.c.obj
                0x08002c02                ADC_DMAError
 *fill*         0x08002c36        0x2 
 .text.HAL_ADCEx_Calibration_Start
                0x08002c38      0x15c cmake/stm32cubemx/CMakeFiles/STM32_Drivers.dir/__/__/Drivers/STM32F1xx_HAL_Driver/Src/stm32f1xx_hal_adc_ex.c.obj
                0x08002c38                HAL_ADCEx_Calibration_Start
 .text.main     0x08002d94       0x1a CMakeFiles/stm32_cmake_M3.dir/Core/Src/main.c.obj
                0x08002d94                main
 .text.SystemClock_Config
                0x08002dae       0x8a CMakeFiles/stm32_cmake_M3.dir/Core/Src/main.c.obj
                0x08002dae                SystemClock_Config
 .text.Error_Handler
                0x08002e38        0xc CMakeFiles/stm32_cmake_M3.dir/Core/Src/main.c.obj
                0x08002e38                Error_Handler
 .text.delay_us
                0x08002e44       0x2a CMakeFiles/stm32_cmake_M3.dir/Core/Src/delay.c.obj
                0x08002e44                delay_us
 .text.delay_ms
                0x08002e6e       0x2c CMakeFiles/stm32_cmake_M3.dir/Core/Src/delay.c.obj
                0x08002e6e                delay_ms
 *fill*         0x08002e9a        0x2 
 .text.MX_GPIO_Init
                0x08002e9c       0x2c CMakeFiles/stm32_cmake_M3.dir/Core/Src/gpio.c.obj
                0x08002e9c                MX_GPIO_Init
 .text.NMI_Handler
                0x08002ec8        0x8 CMakeFiles/stm32_cmake_M3.dir/Core/Src/stm32f1xx_it.c.obj
                0x08002ec8                NMI_Handler
 .text.HardFault_Handler
                0x08002ed0        0x8 CMakeFiles/stm32_cmake_M3.dir/Core/Src/stm32f1xx_it.c.obj
                0x08002ed0                HardFault_Handler
 .text.MemManage_Handler
                0x08002ed8        0x8 CMakeFiles/stm32_cmake_M3.dir/Core/Src/stm32f1xx_it.c.obj
                0x08002ed8                MemManage_Handler
 .text.BusFault_Handler
                0x08002ee0        0x8 CMakeFiles/stm32_cmake_M3.dir/Core/Src/stm32f1xx_it.c.obj
                0x08002ee0                BusFault_Handler
 .text.UsageFault_Handler
                0x08002ee8        0x8 CMakeFiles/stm32_cmake_M3.dir/Core/Src/stm32f1xx_it.c.obj
                0x08002ee8                UsageFault_Handler
 .text.SVC_Handler
                0x08002ef0        0xc CMakeFiles/stm32_cmake_M3.dir/Core/Src/stm32f1xx_it.c.obj
                0x08002ef0                SVC_Handler
 .text.DebugMon_Handler
                0x08002efc        0xc CMakeFiles/stm32_cmake_M3.dir/Core/Src/stm32f1xx_it.c.obj
                0x08002efc                DebugMon_Handler
 .text.PendSV_Handler
                0x08002f08        0xc CMakeFiles/stm32_cmake_M3.dir/Core/Src/stm32f1xx_it.c.obj
                0x08002f08                PendSV_Handler
 .text.SysTick_Handler
                0x08002f14        0xc CMakeFiles/stm32_cmake_M3.dir/Core/Src/stm32f1xx_it.c.obj
                0x08002f14                SysTick_Handler
 .text.HAL_MspInit
                0x08002f20       0x64 CMakeFiles/stm32_cmake_M3.dir/Core/Src/stm32f1xx_hal_msp.c.obj
                0x08002f20                HAL_MspInit
 .text._sbrk    0x08002f84       0x6c CMakeFiles/stm32_cmake_M3.dir/Core/Src/sysmem.c.obj
                0x08002f84                _sbrk
 .text._getpid  0x08002ff0        0xe CMakeFiles/stm32_cmake_M3.dir/Core/Src/syscalls.c.obj
                0x08002ff0                _getpid
 .text._kill    0x08002ffe       0x20 CMakeFiles/stm32_cmake_M3.dir/Core/Src/syscalls.c.obj
                0x08002ffe                _kill
 .text._exit    0x0800301e       0x16 CMakeFiles/stm32_cmake_M3.dir/Core/Src/syscalls.c.obj
                0x0800301e                _exit
 .text._read    0x08003034       0x3a CMakeFiles/stm32_cmake_M3.dir/Core/Src/syscalls.c.obj
                0x08003034                _read
 .text._write   0x0800306e       0x38 CMakeFiles/stm32_cmake_M3.dir/Core/Src/syscalls.c.obj
                0x0800306e                _write
 .text._close   0x080030a6       0x16 CMakeFiles/stm32_cmake_M3.dir/Core/Src/syscalls.c.obj
                0x080030a6                _close
 .text._fstat   0x080030bc       0x1e CMakeFiles/stm32_cmake_M3.dir/Core/Src/syscalls.c.obj
                0x080030bc                _fstat
 .text._isatty  0x080030da       0x14 CMakeFiles/stm32_cmake_M3.dir/Core/Src/syscalls.c.obj
                0x080030da                _isatty
 .text._lseek   0x080030ee       0x18 CMakeFiles/stm32_cmake_M3.dir/Core/Src/syscalls.c.obj
                0x080030ee                _lseek
 *fill*         0x08003106        0x2 
 .text.Reset_Handler
                0x08003108       0x48 CMakeFiles/stm32_cmake_M3.dir/startup_stm32f103xe.s.obj
                0x08003108                Reset_Handler
 .text.Default_Handler
                0x08003150        0x2 CMakeFiles/stm32_cmake_M3.dir/startup_stm32f103xe.s.obj
                0x08003150                RTC_Alarm_IRQHandler
                0x08003150                EXTI2_IRQHandler
                0x08003150                TIM8_TRG_COM_IRQHandler
                0x08003150                TIM8_CC_IRQHandler
                0x08003150                TIM1_CC_IRQHandler
                0x08003150                TIM6_IRQHandler
                0x08003150                PVD_IRQHandler
                0x08003150                SDIO_IRQHandler
                0x08003150                EXTI3_IRQHandler
                0x08003150                EXTI0_IRQHandler
                0x08003150                I2C2_EV_IRQHandler
                0x08003150                ADC1_2_IRQHandler
                0x08003150                SPI1_IRQHandler
                0x08003150                TAMPER_IRQHandler
                0x08003150                TIM8_UP_IRQHandler
                0x08003150                DMA2_Channel2_IRQHandler
                0x08003150                DMA1_Channel4_IRQHandler
                0x08003150                RTC_IRQHandler
                0x08003150                DMA1_Channel7_IRQHandler
                0x08003150                CAN1_RX1_IRQHandler
                0x08003150                ADC3_IRQHandler
                0x08003150                TIM4_IRQHandler
                0x08003150                DMA2_Channel1_IRQHandler
                0x08003150                I2C1_EV_IRQHandler
                0x08003150                DMA1_Channel6_IRQHandler
                0x08003150                TIM3_IRQHandler
                0x08003150                RCC_IRQHandler
                0x08003150                TIM1_TRG_COM_IRQHandler
                0x08003150                Default_Handler
                0x08003150                EXTI15_10_IRQHandler
                0x08003150                TIM7_IRQHandler
                0x08003150                TIM5_IRQHandler
                0x08003150                EXTI9_5_IRQHandler
                0x08003150                SPI2_IRQHandler
                0x08003150                DMA1_Channel5_IRQHandler
                0x08003150                EXTI4_IRQHandler
                0x08003150                USB_LP_CAN1_RX0_IRQHandler
                0x08003150                USB_HP_CAN1_TX_IRQHandler
                0x08003150                DMA1_Channel3_IRQHandler
                0x08003150                FSMC_IRQHandler
                0x08003150                TIM1_UP_IRQHandler
                0x08003150                WWDG_IRQHandler
                0x08003150                TIM2_IRQHandler
                0x08003150                TIM1_BRK_IRQHandler
                0x08003150                EXTI1_IRQHandler
                0x08003150                I2C2_ER_IRQHandler
                0x08003150                DMA1_Channel2_IRQHandler
                0x08003150                TIM8_BRK_IRQHandler
                0x08003150                CAN1_SCE_IRQHandler
                0x08003150                FLASH_IRQHandler
                0x08003150                SPI3_IRQHandler
                0x08003150                I2C1_ER_IRQHandler
                0x08003150                USBWakeUp_IRQHandler
                0x08003150                DMA2_Channel3_IRQHandler
 *fill*         0x08003152        0x2 
 .text._ZL7adc_outPKc
                0x08003154       0x38 CMakeFiles/stm32_cmake_M3.dir/function/src/function.cpp.obj
 .text._ZL8adc_outfPKcz
                0x0800318c       0x36 CMakeFiles/stm32_cmake_M3.dir/function/src/function.cpp.obj
 *fill*         0x080031c2        0x2 
 .text._ZL16adc_multi_verifyv
                0x080031c4      0x258 CMakeFiles/stm32_cmake_M3.dir/function/src/function.cpp.obj
 .text.function_init
                0x0800341c       0x90 CMakeFiles/stm32_cmake_M3.dir/function/src/function.cpp.obj
                0x0800341c                function_init
 .text.function_loop
                0x080034ac       0x14 CMakeFiles/stm32_cmake_M3.dir/function/src/function.cpp.obj
                0x080034ac                function_loop
 .text._Z41__static_initialization_and_destruction_0v
                0x080034c0       0x50 CMakeFiles/stm32_cmake_M3.dir/function/src/function.cpp.obj
 .text._GLOBAL__sub_I_spi_bus_64
                0x08003510        0xa CMakeFiles/stm32_cmake_M3.dir/function/src/function.cpp.obj
 .text._ZNK7io_ctrl11_check_initEv
                0x0800351a       0x16 CMakeFiles/stm32_cmake_M3.dir/interface/src/inter_io_ctrl.cpp.obj
                0x0800351a                io_ctrl::_check_init() const
 .text._ZN7io_ctrlC2EP12GPIO_TypeDef10pin_enum_t
                0x08003530       0x3e CMakeFiles/stm32_cmake_M3.dir/interface/src/inter_io_ctrl.cpp.obj
                0x08003530                io_ctrl::io_ctrl(GPIO_TypeDef*, pin_enum_t)
                0x08003530                io_ctrl::io_ctrl(GPIO_TypeDef*, pin_enum_t)
 .text._ZN7io_ctrlD2Ev
                0x0800356e       0x18 CMakeFiles/stm32_cmake_M3.dir/interface/src/inter_io_ctrl.cpp.obj
                0x0800356e                io_ctrl::~io_ctrl()
                0x0800356e                io_ctrl::~io_ctrl()
 *fill*         0x08003586        0x2 
 .text._ZN7io_ctrl13_enable_clockEv
                0x08003588      0x144 CMakeFiles/stm32_cmake_M3.dir/interface/src/inter_io_ctrl.cpp.obj
                0x08003588                io_ctrl::_enable_clock()
 .text._ZN7io_ctrl6_applyE11mode_enum_t11pull_enum_t12speed_enum_t
                0x080036cc       0x4a CMakeFiles/stm32_cmake_M3.dir/interface/src/inter_io_ctrl.cpp.obj
                0x080036cc                io_ctrl::_apply(mode_enum_t, pull_enum_t, speed_enum_t)
 .text._ZN7io_ctrl4initE11mode_enum_t11pull_enum_t12speed_enum_t
                0x08003716       0x38 CMakeFiles/stm32_cmake_M3.dir/interface/src/inter_io_ctrl.cpp.obj
                0x08003716                io_ctrl::init(mode_enum_t, pull_enum_t, speed_enum_t)
 .text._ZN7io_ctrl6deinitEv
                0x0800374e       0x34 CMakeFiles/stm32_cmake_M3.dir/interface/src/inter_io_ctrl.cpp.obj
                0x0800374e                io_ctrl::deinit()
 *fill*         0x08003782        0x2 
 .text._ZN7io_ctrl6set_afE11afio_enum_t
                0x08003784      0x8e4 CMakeFiles/stm32_cmake_M3.dir/interface/src/inter_io_ctrl.cpp.obj
                0x08003784                io_ctrl::set_af(afio_enum_t)
 .text._ZN7io_ctrl4highEv
                0x08004068       0x1c CMakeFiles/stm32_cmake_M3.dir/interface/src/inter_io_ctrl.cpp.obj
                0x08004068                io_ctrl::high()
 .text._ZN7io_ctrl3lowEv
                0x08004084       0x1c CMakeFiles/stm32_cmake_M3.dir/interface/src/inter_io_ctrl.cpp.obj
                0x08004084                io_ctrl::low()
 .text._ZN7io_ctrl3setEb
                0x080040a0       0x28 CMakeFiles/stm32_cmake_M3.dir/interface/src/inter_io_ctrl.cpp.obj
                0x080040a0                io_ctrl::set(bool)
 .text._ZN7io_ctrl5writeE8polarity
                0x080040c8       0x28 CMakeFiles/stm32_cmake_M3.dir/interface/src/inter_io_ctrl.cpp.obj
                0x080040c8                io_ctrl::write(polarity)
 .text._ZN7io_ctrl4readEv
                0x080040f0       0x46 CMakeFiles/stm32_cmake_M3.dir/interface/src/inter_io_ctrl.cpp.obj
                0x080040f0                io_ctrl::read()
 *fill*         0x08004136        0x2 
 .text._ZN7spi_busC2Ev
                0x08004138       0x20 CMakeFiles/stm32_cmake_M3.dir/interface/src/inter_soft_spi.cpp.obj
                0x08004138                spi_bus::spi_bus()
                0x08004138                spi_bus::spi_bus()
 .text._ZN7spi_busD2Ev
                0x08004158       0x20 CMakeFiles/stm32_cmake_M3.dir/interface/src/inter_soft_spi.cpp.obj
                0x08004158                spi_bus::~spi_bus()
                0x08004158                spi_bus::~spi_bus()
 .text._ZN7spi_busD0Ev
                0x08004178       0x20 CMakeFiles/stm32_cmake_M3.dir/interface/src/inter_soft_spi.cpp.obj
                0x08004178                spi_bus::~spi_bus()
 .text._ZN12soft_spi_busC2ERK13SoftSpiConfig
                0x08004198       0xf8 CMakeFiles/stm32_cmake_M3.dir/interface/src/inter_soft_spi.cpp.obj
                0x08004198                soft_spi_bus::soft_spi_bus(SoftSpiConfig const&)
                0x08004198                soft_spi_bus::soft_spi_bus(SoftSpiConfig const&)
 .text._ZN12soft_spi_busD2Ev
                0x08004290       0x54 CMakeFiles/stm32_cmake_M3.dir/interface/src/inter_soft_spi.cpp.obj
                0x08004290                soft_spi_bus::~soft_spi_bus()
                0x08004290                soft_spi_bus::~soft_spi_bus()
 .text._ZN12soft_spi_busD0Ev
                0x080042e4       0x20 CMakeFiles/stm32_cmake_M3.dir/interface/src/inter_soft_spi.cpp.obj
                0x080042e4                soft_spi_bus::~soft_spi_bus()
 .text._ZN12soft_spi_bus4initEv
                0x08004304       0x96 CMakeFiles/stm32_cmake_M3.dir/interface/src/inter_soft_spi.cpp.obj
                0x08004304                soft_spi_bus::init()
 .text._ZN12soft_spi_bus6deinitEv
                0x0800439a       0x64 CMakeFiles/stm32_cmake_M3.dir/interface/src/inter_soft_spi.cpp.obj
                0x0800439a                soft_spi_bus::deinit()
 .text._ZN12soft_spi_bus6_delayEv
                0x080043fe       0x26 CMakeFiles/stm32_cmake_M3.dir/interface/src/inter_soft_spi.cpp.obj
                0x080043fe                soft_spi_bus::_delay()
 .text._ZN12soft_spi_bus19_transfer_byte_coreEh
                0x08004424      0x12a CMakeFiles/stm32_cmake_M3.dir/interface/src/inter_soft_spi.cpp.obj
                0x08004424                soft_spi_bus::_transfer_byte_core(unsigned char)
 .text._ZN12soft_spi_bus13transfer_byteEh
                0x0800454e       0x20 CMakeFiles/stm32_cmake_M3.dir/interface/src/inter_soft_spi.cpp.obj
                0x0800454e                soft_spi_bus::transfer_byte(unsigned char)
 .text._ZN12soft_spi_bus8transferEPKhPht
                0x0800456e       0x66 CMakeFiles/stm32_cmake_M3.dir/interface/src/inter_soft_spi.cpp.obj
                0x0800456e                soft_spi_bus::transfer(unsigned char const*, unsigned char*, unsigned short)
 .text._ZN12soft_spi_bus9cs_selectEv
                0x080045d4       0x46 CMakeFiles/stm32_cmake_M3.dir/interface/src/inter_soft_spi.cpp.obj
                0x080045d4                soft_spi_bus::cs_select()
 .text._ZN12soft_spi_bus11cs_deselectEv
                0x0800461a       0x50 CMakeFiles/stm32_cmake_M3.dir/interface/src/inter_soft_spi.cpp.obj
                0x0800461a                soft_spi_bus::cs_deselect()
 *fill*         0x0800466a        0x2 
 .text._ZN14soft_uart_portILt256EEC2ERK14SoftUartConfig
                0x0800466c       0x98 CMakeFiles/stm32_cmake_M3.dir/interface/src/inter_soft_uart.cpp.obj
                0x0800466c                soft_uart_port<(unsigned short)256>::soft_uart_port(SoftUartConfig const&)
                0x0800466c                soft_uart_port<(unsigned short)256>::soft_uart_port(SoftUartConfig const&)
 .text._ZN14soft_uart_portILt256EED2Ev
                0x08004704       0x40 CMakeFiles/stm32_cmake_M3.dir/interface/src/inter_soft_uart.cpp.obj
                0x08004704                soft_uart_port<(unsigned short)256>::~soft_uart_port()
                0x08004704                soft_uart_port<(unsigned short)256>::~soft_uart_port()
 .text._ZN14soft_uart_portILt256EED0Ev
                0x08004744       0x22 CMakeFiles/stm32_cmake_M3.dir/interface/src/inter_soft_uart.cpp.obj
                0x08004744                soft_uart_port<(unsigned short)256>::~soft_uart_port()
 *fill*         0x08004766        0x2 
 .text._ZN14soft_uart_portILt256EE4initEv
                0x08004768       0x98 CMakeFiles/stm32_cmake_M3.dir/interface/src/inter_soft_uart.cpp.obj
                0x08004768                soft_uart_port<(unsigned short)256>::init()
 .text._ZN14soft_uart_portILt256EE6deinitEv
                0x08004800       0x4e CMakeFiles/stm32_cmake_M3.dir/interface/src/inter_soft_uart.cpp.obj
                0x08004800                soft_uart_port<(unsigned short)256>::deinit()
 .text._ZNK14soft_uart_portILt256EE14is_initializedEv
                0x0800484e       0x18 CMakeFiles/stm32_cmake_M3.dir/interface/src/inter_soft_uart.cpp.obj
                0x0800484e                soft_uart_port<(unsigned short)256>::is_initialized() const
 *fill*         0x08004866        0x2 
 .text._ZN14soft_uart_portILt256EE4putcEh
                0x08004868       0xc8 CMakeFiles/stm32_cmake_M3.dir/interface/src/inter_soft_uart.cpp.obj
                0x08004868                soft_uart_port<(unsigned short)256>::putc(unsigned char)
 .text._ZN14soft_uart_portILt256EE9send_dataEPKht
                0x08004930       0x5c CMakeFiles/stm32_cmake_M3.dir/interface/src/inter_soft_uart.cpp.obj
                0x08004930                soft_uart_port<(unsigned short)256>::send_data(unsigned char const*, unsigned short)
 .text._ZN14soft_uart_portILt256EE12send_data_itEPKht
                0x0800498c       0x28 CMakeFiles/stm32_cmake_M3.dir/interface/src/inter_soft_uart.cpp.obj
                0x0800498c                soft_uart_port<(unsigned short)256>::send_data_it(unsigned char const*, unsigned short)
 .text._ZN14soft_uart_portILt256EE6bufferEv
                0x080049b4       0x18 CMakeFiles/stm32_cmake_M3.dir/interface/src/inter_soft_uart.cpp.obj
                0x080049b4                soft_uart_port<(unsigned short)256>::buffer()
 .text._ZNK14soft_uart_portILt256EE6periphEv
                0x080049cc       0x14 CMakeFiles/stm32_cmake_M3.dir/interface/src/inter_soft_uart.cpp.obj
                0x080049cc                soft_uart_port<(unsigned short)256>::periph() const
 .text._ZNK14soft_uart_portILt256EE15rx_buf_capacityEv
                0x080049e0       0x16 CMakeFiles/stm32_cmake_M3.dir/interface/src/inter_soft_uart.cpp.obj
                0x080049e0                soft_uart_port<(unsigned short)256>::rx_buf_capacity() const
 *fill*         0x080049f6        0x2 
 .text._ZN14soft_uart_portILt256EE11_dwt_enableEv
                0x080049f8       0x38 CMakeFiles/stm32_cmake_M3.dir/interface/src/inter_soft_uart.cpp.obj
                0x080049f8                soft_uart_port<(unsigned short)256>::_dwt_enable()
 .text._ZN14soft_uart_portILt256EE11_wait_untilEm
                0x08004a30       0x2c CMakeFiles/stm32_cmake_M3.dir/interface/src/inter_soft_uart.cpp.obj
                0x08004a30                soft_uart_port<(unsigned short)256>::_wait_until(unsigned long)
 .text._ZN15usart_port_baseC2Ev
                0x08004a5c       0x20 CMakeFiles/stm32_cmake_M3.dir/interface/src/inter_soft_uart.cpp.obj
                0x08004a5c                usart_port_base::usart_port_base()
                0x08004a5c                usart_port_base::usart_port_base()
 .text._ZN15usart_port_baseD2Ev
                0x08004a7c       0x20 CMakeFiles/stm32_cmake_M3.dir/interface/src/inter_soft_uart.cpp.obj
                0x08004a7c                usart_port_base::~usart_port_base()
                0x08004a7c                usart_port_base::~usart_port_base()
 .text._ZN15usart_port_baseD0Ev
                0x08004a9c       0x20 CMakeFiles/stm32_cmake_M3.dir/interface/src/inter_soft_uart.cpp.obj
                0x08004a9c                usart_port_base::~usart_port_base()
 .text._ZN12_GLOBAL__N_1L12_usart_indexE12usart_enum_t
                0x08004abc       0x4e CMakeFiles/stm32_cmake_M3.dir/interface/src/inter_usart.cpp.obj
 *fill*         0x08004b0a        0x2 
 .text._ZN12_GLOBAL__N_1L19_usart_clock_enableE12usart_enum_t
                0x08004b0c       0xc0 CMakeFiles/stm32_cmake_M3.dir/interface/src/inter_usart.cpp.obj
 .text._ZN12_GLOBAL__N_1L20_usart_clock_disableE12usart_enum_t
                0x08004bcc       0x84 CMakeFiles/stm32_cmake_M3.dir/interface/src/inter_usart.cpp.obj
 .text._ZN12_GLOBAL__N_1L10_usart_irqE12usart_enum_t
                0x08004c50       0x4e CMakeFiles/stm32_cmake_M3.dir/interface/src/inter_usart.cpp.obj
 *fill*         0x08004c9e        0x2 
 .text._Z16usart_periph_ptr12usart_enum_t
                0x08004ca0       0x64 CMakeFiles/stm32_cmake_M3.dir/interface/src/inter_usart.cpp.obj
                0x08004ca0                usart_periph_ptr(usart_enum_t)
 .text._ZL9_uart_isrP15usart_port_base
                0x08004d04      0x16e CMakeFiles/stm32_cmake_M3.dir/interface/src/inter_usart.cpp.obj
 *fill*         0x08004e72        0x2 
 .text.USART1_IRQHandler
                0x08004e74       0x24 CMakeFiles/stm32_cmake_M3.dir/interface/src/inter_usart.cpp.obj
                0x08004e74                USART1_IRQHandler
 .text.USART2_IRQHandler
                0x08004e98       0x24 CMakeFiles/stm32_cmake_M3.dir/interface/src/inter_usart.cpp.obj
                0x08004e98                USART2_IRQHandler
 .text.USART3_IRQHandler
                0x08004ebc       0x24 CMakeFiles/stm32_cmake_M3.dir/interface/src/inter_usart.cpp.obj
                0x08004ebc                USART3_IRQHandler
 .text.UART4_IRQHandler
                0x08004ee0       0x24 CMakeFiles/stm32_cmake_M3.dir/interface/src/inter_usart.cpp.obj
                0x08004ee0                UART4_IRQHandler
 .text.UART5_IRQHandler
                0x08004f04       0x24 CMakeFiles/stm32_cmake_M3.dir/interface/src/inter_usart.cpp.obj
                0x08004f04                UART5_IRQHandler
 .text._ZN10usart_portILt256EEC2ERK15UsartPortConfig
                0x08004f28       0x88 CMakeFiles/stm32_cmake_M3.dir/interface/src/inter_usart.cpp.obj
                0x08004f28                usart_port<(unsigned short)256>::usart_port(UsartPortConfig const&)
                0x08004f28                usart_port<(unsigned short)256>::usart_port(UsartPortConfig const&)
 .text._ZN10usart_portILt256EED2Ev
                0x08004fb0       0x40 CMakeFiles/stm32_cmake_M3.dir/interface/src/inter_usart.cpp.obj
                0x08004fb0                usart_port<(unsigned short)256>::~usart_port()
                0x08004fb0                usart_port<(unsigned short)256>::~usart_port()
 .text._ZN10usart_portILt256EED0Ev
                0x08004ff0       0x22 CMakeFiles/stm32_cmake_M3.dir/interface/src/inter_usart.cpp.obj
                0x08004ff0                usart_port<(unsigned short)256>::~usart_port()
 *fill*         0x08005012        0x2 
 .text._ZN10usart_portILt256EE4initEv
                0x08005014      0x128 CMakeFiles/stm32_cmake_M3.dir/interface/src/inter_usart.cpp.obj
                0x08005014                usart_port<(unsigned short)256>::init()
 .text._ZN10usart_portILt256EE6deinitEv
                0x0800513c       0x94 CMakeFiles/stm32_cmake_M3.dir/interface/src/inter_usart.cpp.obj
                0x0800513c                usart_port<(unsigned short)256>::deinit()
 .text._ZNK10usart_portILt256EE14is_initializedEv
                0x080051d0       0x18 CMakeFiles/stm32_cmake_M3.dir/interface/src/inter_usart.cpp.obj
                0x080051d0                usart_port<(unsigned short)256>::is_initialized() const
 .text._ZN10usart_portILt256EE9send_dataEPKht
                0x080051e8       0xee CMakeFiles/stm32_cmake_M3.dir/interface/src/inter_usart.cpp.obj
                0x080051e8                usart_port<(unsigned short)256>::send_data(unsigned char const*, unsigned short)
 .text._ZN10usart_portILt256EE12send_data_itEPKht
                0x080052d6       0xb6 CMakeFiles/stm32_cmake_M3.dir/interface/src/inter_usart.cpp.obj
                0x080052d6                usart_port<(unsigned short)256>::send_data_it(unsigned char const*, unsigned short)
 .text._ZN10usart_portILt256EE6bufferEv
                0x0800538c       0x18 CMakeFiles/stm32_cmake_M3.dir/interface/src/inter_usart.cpp.obj
                0x0800538c                usart_port<(unsigned short)256>::buffer()
 .text._ZNK10usart_portILt256EE6periphEv
                0x080053a4       0x1c CMakeFiles/stm32_cmake_M3.dir/interface/src/inter_usart.cpp.obj
                0x080053a4                usart_port<(unsigned short)256>::periph() const
 .text._ZNK10usart_portILt256EE15rx_buf_capacityEv
                0x080053c0       0x16 CMakeFiles/stm32_cmake_M3.dir/interface/src/inter_usart.cpp.obj
                0x080053c0                usart_port<(unsigned short)256>::rx_buf_capacity() const
 .text._ZN10usart_portILt256EE13_enable_clockEv
                0x080053d6       0x1a CMakeFiles/stm32_cmake_M3.dir/interface/src/inter_usart.cpp.obj
                0x080053d6                usart_port<(unsigned short)256>::_enable_clock()
 .text._ZNK10usart_portILt256EE8_get_irqEv
                0x080053f0       0x1c CMakeFiles/stm32_cmake_M3.dir/interface/src/inter_usart.cpp.obj
                0x080053f0                usart_port<(unsigned short)256>::_get_irq() const
 .text._ZN10usart_portILt256EE14_register_portEv
                0x0800540c       0x34 CMakeFiles/stm32_cmake_M3.dir/interface/src/inter_usart.cpp.obj
                0x0800540c                usart_port<(unsigned short)256>::_register_port()
 .text._ZN10usart_portILt256EE16_unregister_portEv
                0x08005440       0x34 CMakeFiles/stm32_cmake_M3.dir/interface/src/inter_usart.cpp.obj
                0x08005440                usart_port<(unsigned short)256>::_unregister_port()
 .text._ZL12page_base_ofmRm
                0x08005474       0x48 CMakeFiles/stm32_cmake_M3.dir/interface/src/inter_flash.cpp.obj
 .text._ZN10flash_port4initEmm
                0x080054bc       0x30 CMakeFiles/stm32_cmake_M3.dir/interface/src/inter_flash.cpp.obj
                0x080054bc                flash_port::init(unsigned long, unsigned long)
 .text._ZN10flash_port9_in_rangeEmm
                0x080054ec       0x50 CMakeFiles/stm32_cmake_M3.dir/interface/src/inter_flash.cpp.obj
                0x080054ec                flash_port::_in_range(unsigned long, unsigned long)
 .text._ZN10flash_port5eraseEm
                0x0800553c       0xc8 CMakeFiles/stm32_cmake_M3.dir/interface/src/inter_flash.cpp.obj
                0x0800553c                flash_port::erase(unsigned long)
 .text._ZN10flash_port15_write_halfwordEmt
                0x08005604       0x3c CMakeFiles/stm32_cmake_M3.dir/interface/src/inter_flash.cpp.obj
                0x08005604                flash_port::_write_halfword(unsigned long, unsigned short)
 .text._ZN10flash_port10write_wordEmm
                0x08005640       0x90 CMakeFiles/stm32_cmake_M3.dir/interface/src/inter_flash.cpp.obj
                0x08005640                flash_port::write_word(unsigned long, unsigned long)
 .text._ZN10flash_port10write_byteEmh
                0x080056d0       0x98 CMakeFiles/stm32_cmake_M3.dir/interface/src/inter_flash.cpp.obj
                0x080056d0                flash_port::write_byte(unsigned long, unsigned char)
 .text._ZN10flash_port9read_byteEm
                0x08005768       0x18 CMakeFiles/stm32_cmake_M3.dir/interface/src/inter_flash.cpp.obj
                0x08005768                flash_port::read_byte(unsigned long)
 .text._ZN11dma_channel10hal_handleEv
                0x08005780       0x16 CMakeFiles/stm32_cmake_M3.dir/interface/src/inter_dma.cpp.obj
                0x08005780                dma_channel::hal_handle()
 *fill*         0x08005796        0x2 
 .text._ZL11_channel_of6dma_idh
                0x08005798       0x50 CMakeFiles/stm32_cmake_M3.dir/interface/src/inter_dma.cpp.obj
 .text._ZL10_mem_alignm
                0x080057e8       0x30 CMakeFiles/stm32_cmake_M3.dir/interface/src/inter_dma.cpp.obj
 .text._ZN11dma_channelC2ERK9DmaConfig
                0x08005818       0x5a CMakeFiles/stm32_cmake_M3.dir/interface/src/inter_dma.cpp.obj
                0x08005818                dma_channel::dma_channel(DmaConfig const&)
                0x08005818                dma_channel::dma_channel(DmaConfig const&)
 .text._ZN11dma_channelD2Ev
                0x08005872       0x18 CMakeFiles/stm32_cmake_M3.dir/interface/src/inter_dma.cpp.obj
                0x08005872                dma_channel::~dma_channel()
                0x08005872                dma_channel::~dma_channel()
 *fill*         0x0800588a        0x2 
 .text._ZN11dma_channel13_enable_clockEv
                0x0800588c       0x50 CMakeFiles/stm32_cmake_M3.dir/interface/src/inter_dma.cpp.obj
                0x0800588c                dma_channel::_enable_clock()
 .text.DMA1_Channel1_IRQHandler
                0x080058dc       0x28 CMakeFiles/stm32_cmake_M3.dir/interface/src/inter_dma.cpp.obj
                0x080058dc                DMA1_Channel1_IRQHandler
 .text.DMA2_Channel4_5_IRQHandler
                0x08005904       0x28 CMakeFiles/stm32_cmake_M3.dir/interface/src/inter_dma.cpp.obj
                0x08005904                DMA2_Channel4_5_IRQHandler
 .text._ZN11dma_channel4initEv
                0x0800592c       0x7c CMakeFiles/stm32_cmake_M3.dir/interface/src/inter_dma.cpp.obj
                0x0800592c                dma_channel::init()
 .text._ZN11dma_channel6deinitEv
                0x080059a8       0x58 CMakeFiles/stm32_cmake_M3.dir/interface/src/inter_dma.cpp.obj
                0x080059a8                dma_channel::deinit()
 .text._ZN11dma_channel9set_widthEm
                0x08005a00       0x1a CMakeFiles/stm32_cmake_M3.dir/interface/src/inter_dma.cpp.obj
                0x08005a00                dma_channel::set_width(unsigned long)
 .text._ZN11dma_channel13set_directionEm
                0x08005a1a       0x1a CMakeFiles/stm32_cmake_M3.dir/interface/src/inter_dma.cpp.obj
                0x08005a1a                dma_channel::set_direction(unsigned long)
 .text._ZN11dma_channel13set_incrementEbb
                0x08005a34       0x2a CMakeFiles/stm32_cmake_M3.dir/interface/src/inter_dma.cpp.obj
                0x08005a34                dma_channel::set_increment(bool, bool)
 .text._ZN11dma_channel12set_circularEb
                0x08005a5e       0x1e CMakeFiles/stm32_cmake_M3.dir/interface/src/inter_dma.cpp.obj
                0x08005a5e                dma_channel::set_circular(bool)
 .text._ZN11dma_channel13_apply_configEv
                0x08005a7c       0xca CMakeFiles/stm32_cmake_M3.dir/interface/src/inter_dma.cpp.obj
                0x08005a7c                dma_channel::_apply_config()
 .text._ZN11dma_channel13hal_configureEv
                0x08005b46       0x36 CMakeFiles/stm32_cmake_M3.dir/interface/src/inter_dma.cpp.obj
                0x08005b46                dma_channel::hal_configure()
 .text._ZnwjPv  0x08005b7c       0x16 CMakeFiles/stm32_cmake_M3.dir/interface/src/inter_adc.cpp.obj
                0x08005b7c                operator new(unsigned int, void*)
 *fill*         0x08005b92        0x2 
 .text._ZL8_adc_ptr6adc_id
                0x08005b94       0x38 CMakeFiles/stm32_cmake_M3.dir/interface/src/inter_adc.cpp.obj
 .text._ZL12_adc_clk_bit6adc_id
                0x08005bcc       0x32 CMakeFiles/stm32_cmake_M3.dir/interface/src/inter_adc.cpp.obj
 .text._ZL9_dma_irqn6dma_idh
                0x08005bfe       0x3e CMakeFiles/stm32_cmake_M3.dir/interface/src/inter_adc.cpp.obj
 .text._ZL11_dma_map_ok6dma_idh
                0x08005c3c       0x38 CMakeFiles/stm32_cmake_M3.dir/interface/src/inter_adc.cpp.obj
 .text._ZN8adc_portC2ERK13AdcPortConfig
                0x08005c74      0x122 CMakeFiles/stm32_cmake_M3.dir/interface/src/inter_adc.cpp.obj
                0x08005c74                adc_port::adc_port(AdcPortConfig const&)
                0x08005c74                adc_port::adc_port(AdcPortConfig const&)
 .text._ZN8adc_portD2Ev
                0x08005d96       0x18 CMakeFiles/stm32_cmake_M3.dir/interface/src/inter_adc.cpp.obj
                0x08005d96                adc_port::~adc_port()
                0x08005d96                adc_port::~adc_port()
 *fill*         0x08005dae        0x2 
 .text._ZN8adc_port13_enable_clockEv
                0x08005db0       0x44 CMakeFiles/stm32_cmake_M3.dir/interface/src/inter_adc.cpp.obj
                0x08005db0                adc_port::_enable_clock()
 .text._ZN8adc_port9_set_modeEhb
                0x08005df4       0x98 CMakeFiles/stm32_cmake_M3.dir/interface/src/inter_adc.cpp.obj
                0x08005df4                adc_port::_set_mode(unsigned char, bool)
 .text._ZN8adc_port4initEv
                0x08005e8c      0x1d4 CMakeFiles/stm32_cmake_M3.dir/interface/src/inter_adc.cpp.obj
                0x08005e8c                adc_port::init()
 .text._ZN8adc_port6deinitEv
                0x08006060      0x11c CMakeFiles/stm32_cmake_M3.dir/interface/src/inter_adc.cpp.obj
                0x08006060                adc_port::deinit()
 .text._ZN8adc_port12_convert_oneEh
                0x0800617c       0xe8 CMakeFiles/stm32_cmake_M3.dir/interface/src/inter_adc.cpp.obj
                0x0800617c                adc_port::_convert_one(unsigned char)
 .text._ZN8adc_port8scan_rawEPt
                0x08006264       0x58 CMakeFiles/stm32_cmake_M3.dir/interface/src/inter_adc.cpp.obj
                0x08006264                adc_port::scan_raw(unsigned short*)
 .text._ZN8adc_port7scan_mvEPm
                0x080062bc       0x80 CMakeFiles/stm32_cmake_M3.dir/interface/src/inter_adc.cpp.obj
                0x080062bc                adc_port::scan_mv(unsigned long*)
 .text._ZN8adc_port9dma_startEPtt
                0x0800633c      0x21e CMakeFiles/stm32_cmake_M3.dir/interface/src/inter_adc.cpp.obj
                0x0800633c                adc_port::dma_start(unsigned short*, unsigned short)
 .text._ZNK8adc_port8dma_doneEv
                0x0800655a       0x30 CMakeFiles/stm32_cmake_M3.dir/interface/src/inter_adc.cpp.obj
                0x0800655a                adc_port::dma_done() const
 .text._ZN8adc_port8dma_stopEv
                0x0800658a       0x72 CMakeFiles/stm32_cmake_M3.dir/interface/src/inter_adc.cpp.obj
                0x0800658a                adc_port::dma_stop()
 .text.DebugPort_Init
                0x080065fc       0x14 CMakeFiles/stm32_cmake_M3.dir/device/src/device_serial.cpp.obj
                0x080065fc                DebugPort_Init
 .text.soft_485_init
                0x08006610       0x24 CMakeFiles/stm32_cmake_M3.dir/device/src/device_serial.cpp.obj
                0x08006610                soft_485_init
 .text.soft_485_send
                0x08006634       0x40 CMakeFiles/stm32_cmake_M3.dir/device/src/device_serial.cpp.obj
                0x08006634                soft_485_send
 .text._Z41__static_initialization_and_destruction_0v
                0x08006674       0xcc CMakeFiles/stm32_cmake_M3.dir/device/src/device_serial.cpp.obj
 .text._GLOBAL__sub_I_debug_uart
                0x08006740        0xa CMakeFiles/stm32_cmake_M3.dir/device/src/device_serial.cpp.obj
 .text._ZN6w25qxxC2ER7spi_bus
                0x0800674a       0x22 CMakeFiles/stm32_cmake_M3.dir/device/src/device_w25qxx.cpp.obj
                0x0800674a                w25qxx::w25qxx(spi_bus&)
                0x0800674a                w25qxx::w25qxx(spi_bus&)
 .text.__aeabi_atexit
                0x0800676c        0xa /usr/lib/gcc/arm-none-eabi/15.2.0/../../../../arm-none-eabi/lib/thumb/v7-m/nofp/libstdc++_nano.a(atexit_arm.o)
                0x0800676c                __aeabi_atexit
 .text._ZdlPvj  0x08006776        0x4 /usr/lib/gcc/arm-none-eabi/15.2.0/../../../../arm-none-eabi/lib/thumb/v7-m/nofp/libstdc++_nano.a(del_ops.o)
                0x08006776                operator delete(void*, unsigned int)
 .text._ZdlPv   0x0800677a        0x4 /usr/lib/gcc/arm-none-eabi/15.2.0/../../../../arm-none-eabi/lib/thumb/v7-m/nofp/libstdc++_nano.a(del_op.o)
                0x0800677a                operator delete(void*)
 *fill*         0x0800677e        0x2 
 .text.__assert_func
                0x08006780       0x3c /usr/lib/gcc/arm-none-eabi/15.2.0/../../../../arm-none-eabi/lib/thumb/v7-m/nofp/libg_nano.a(libc_a-assert.o)
                0x08006780                __assert_func
 .text.malloc   0x080067bc       0x10 /usr/lib/gcc/arm-none-eabi/15.2.0/../../../../arm-none-eabi/lib/thumb/v7-m/nofp/libg_nano.a(libc_a-malloc.o)
                0x080067bc                malloc
 .text.free     0x080067cc       0x10 /usr/lib/gcc/arm-none-eabi/15.2.0/../../../../arm-none-eabi/lib/thumb/v7-m/nofp/libg_nano.a(libc_a-malloc.o)
                0x080067cc                free
 .text.sbrk_aligned
                0x080067dc       0x44 /usr/lib/gcc/arm-none-eabi/15.2.0/../../../../arm-none-eabi/lib/thumb/v7-m/nofp/libg_nano.a(libc_a-mallocr.o)
 .text._malloc_r
                0x08006820       0xf8 /usr/lib/gcc/arm-none-eabi/15.2.0/../../../../arm-none-eabi/lib/thumb/v7-m/nofp/libg_nano.a(libc_a-mallocr.o)
                0x08006820                _malloc_r
 .text.__malloc_lock
                0x08006918        0xc /usr/lib/gcc/arm-none-eabi/15.2.0/../../../../arm-none-eabi/lib/thumb/v7-m/nofp/libg_nano.a(libc_a-mlock.o)
                0x08006918                __malloc_lock
 .text.__malloc_unlock
                0x08006924        0xc /usr/lib/gcc/arm-none-eabi/15.2.0/../../../../arm-none-eabi/lib/thumb/v7-m/nofp/libg_nano.a(libc_a-mlock.o)
                0x08006924                __malloc_unlock
 .text.__cxa_atexit
                0x08006930       0x1c /usr/lib/gcc/arm-none-eabi/15.2.0/../../../../arm-none-eabi/lib/thumb/v7-m/nofp/libg_nano.a(libc_a-cxa_atexit.o)
                0x08006930                __cxa_atexit
 .text.std      0x0800694c       0x6c /usr/lib/gcc/arm-none-eabi/15.2.0/../../../../arm-none-eabi/lib/thumb/v7-m/nofp/libg_nano.a(libc_a-findfp.o)
 .text.stdio_exit_handler
                0x080069b8       0x18 /usr/lib/gcc/arm-none-eabi/15.2.0/../../../../arm-none-eabi/lib/thumb/v7-m/nofp/libg_nano.a(libc_a-findfp.o)
 .text.cleanup_stdio
                0x080069d0       0x40 /usr/lib/gcc/arm-none-eabi/15.2.0/../../../../arm-none-eabi/lib/thumb/v7-m/nofp/libg_nano.a(libc_a-findfp.o)
 .text.global_stdio_init.part.0
                0x08006a10       0x40 /usr/lib/gcc/arm-none-eabi/15.2.0/../../../../arm-none-eabi/lib/thumb/v7-m/nofp/libg_nano.a(libc_a-findfp.o)
 .text.__sfp_lock_acquire
                0x08006a50        0xc /usr/lib/gcc/arm-none-eabi/15.2.0/../../../../arm-none-eabi/lib/thumb/v7-m/nofp/libg_nano.a(libc_a-findfp.o)
                0x08006a50                __sfp_lock_acquire
 .text.__sfp_lock_release
                0x08006a5c        0xc /usr/lib/gcc/arm-none-eabi/15.2.0/../../../../arm-none-eabi/lib/thumb/v7-m/nofp/libg_nano.a(libc_a-findfp.o)
                0x08006a5c                __sfp_lock_release
 .text.__sinit  0x08006a68       0x30 /usr/lib/gcc/arm-none-eabi/15.2.0/../../../../arm-none-eabi/lib/thumb/v7-m/nofp/libg_nano.a(libc_a-findfp.o)
                0x08006a68                __sinit
 .text.fprintf  0x08006a98       0x24 /usr/lib/gcc/arm-none-eabi/15.2.0/../../../../arm-none-eabi/lib/thumb/v7-m/nofp/libg_nano.a(libc_a-fprintf.o)
                0x08006a98                fprintf
                0x08006a98                fiprintf
 .text._fwalk_sglue
                0x08006abc       0x3a /usr/lib/gcc/arm-none-eabi/15.2.0/../../../../arm-none-eabi/lib/thumb/v7-m/nofp/libg_nano.a(libc_a-fwalk.o)
                0x08006abc                _fwalk_sglue
 .text.__sread  0x08006af6       0x22 /usr/lib/gcc/arm-none-eabi/15.2.0/../../../../arm-none-eabi/lib/thumb/v7-m/nofp/libg_nano.a(libc_a-stdio.o)
                0x08006af6                __sread
 .text.__swrite
                0x08006b18       0x38 /usr/lib/gcc/arm-none-eabi/15.2.0/../../../../arm-none-eabi/lib/thumb/v7-m/nofp/libg_nano.a(libc_a-stdio.o)
                0x08006b18                __swrite
 .text.__sseek  0x08006b50       0x26 /usr/lib/gcc/arm-none-eabi/15.2.0/../../../../arm-none-eabi/lib/thumb/v7-m/nofp/libg_nano.a(libc_a-stdio.o)
                0x08006b50                __sseek
 .text.__sclose
                0x08006b76        0x8 /usr/lib/gcc/arm-none-eabi/15.2.0/../../../../arm-none-eabi/lib/thumb/v7-m/nofp/libg_nano.a(libc_a-stdio.o)
                0x08006b76                __sclose
 *fill*         0x08006b7e        0x2 
 .text._vsnprintf_r
                0x08006b80       0x50 /usr/lib/gcc/arm-none-eabi/15.2.0/../../../../arm-none-eabi/lib/thumb/v7-m/nofp/libg_nano.a(libc_a-vsnprintf.o)
                0x08006b80                _vsnprintf_r
                0x08006b80                _vsniprintf_r
 .text.vsnprintf
                0x08006bd0       0x1c /usr/lib/gcc/arm-none-eabi/15.2.0/../../../../arm-none-eabi/lib/thumb/v7-m/nofp/libg_nano.a(libc_a-vsnprintf.o)
                0x08006bd0                vsnprintf
                0x08006bd0                vsniprintf
 .text.memset   0x08006bec       0x10 /usr/lib/gcc/arm-none-eabi/15.2.0/../../../../arm-none-eabi/lib/thumb/v7-m/nofp/libg_nano.a(libc_a-memset.o)
                0x08006bec                memset
 .text._close_r
                0x08006bfc       0x20 /usr/lib/gcc/arm-none-eabi/15.2.0/../../../../arm-none-eabi/lib/thumb/v7-m/nofp/libg_nano.a(libc_a-closer.o)
                0x08006bfc                _close_r
 .text._lseek_r
                0x08006c1c       0x24 /usr/lib/gcc/arm-none-eabi/15.2.0/../../../../arm-none-eabi/lib/thumb/v7-m/nofp/libg_nano.a(libc_a-lseekr.o)
                0x08006c1c                _lseek_r
 .text._read_r  0x08006c40       0x24 /usr/lib/gcc/arm-none-eabi/15.2.0/../../../../arm-none-eabi/lib/thumb/v7-m/nofp/libg_nano.a(libc_a-readr.o)
                0x08006c40                _read_r
 .text._sbrk_r  0x08006c64       0x20 /usr/lib/gcc/arm-none-eabi/15.2.0/../../../../arm-none-eabi/lib/thumb/v7-m/nofp/libg_nano.a(libc_a-sbrkr.o)
                0x08006c64                _sbrk_r
 .text._write_r
                0x08006c84       0x24 /usr/lib/gcc/arm-none-eabi/15.2.0/../../../../arm-none-eabi/lib/thumb/v7-m/nofp/libg_nano.a(libc_a-writer.o)
                0x08006c84                _write_r
 .text.__errno  0x08006ca8        0xc /usr/lib/gcc/arm-none-eabi/15.2.0/../../../../arm-none-eabi/lib/thumb/v7-m/nofp/libg_nano.a(libc_a-errno.o)
                0x08006ca8                __errno
 .text.__libc_init_array
                0x08006cb4       0x48 /usr/lib/gcc/arm-none-eabi/15.2.0/../../../../arm-none-eabi/lib/thumb/v7-m/nofp/libg_nano.a(libc_a-init.o)
                0x08006cb4                __libc_init_array
 .text.__retarget_lock_init_recursive
                0x08006cfc        0x2 /usr/lib/gcc/arm-none-eabi/15.2.0/../../../../arm-none-eabi/lib/thumb/v7-m/nofp/libg_nano.a(libc_a-lock.o)
                0x08006cfc                __retarget_lock_init_recursive
 .text.__retarget_lock_acquire_recursive
                0x08006cfe        0x2 /usr/lib/gcc/arm-none-eabi/15.2.0/../../../../arm-none-eabi/lib/thumb/v7-m/nofp/libg_nano.a(libc_a-lock.o)
                0x08006cfe                __retarget_lock_acquire_recursive
 .text.__retarget_lock_release_recursive
                0x08006d00        0x2 /usr/lib/gcc/arm-none-eabi/15.2.0/../../../../arm-none-eabi/lib/thumb/v7-m/nofp/libg_nano.a(libc_a-lock.o)
                0x08006d00                __retarget_lock_release_recursive
 .text.memcpy   0x08006d02       0x1c /usr/lib/gcc/arm-none-eabi/15.2.0/../../../../arm-none-eabi/lib/thumb/v7-m/nofp/libg_nano.a(libc_a-memcpy-stub.o)
                0x08006d02                memcpy
 *fill*         0x08006d1e        0x2 
 .text.__register_exitproc
                0x08006d20       0xb8 /usr/lib/gcc/arm-none-eabi/15.2.0/../../../../arm-none-eabi/lib/thumb/v7-m/nofp/libg_nano.a(libc_a-__atexit.o)
                0x08006d20                __register_exitproc
 .text.abort    0x08006dd8        0xe /usr/lib/gcc/arm-none-eabi/15.2.0/../../../../arm-none-eabi/lib/thumb/v7-m/nofp/libg_nano.a(libc_a-abort.o)
                0x08006dd8                abort
 *fill*         0x08006de6        0x2 
 .text._free_r  0x08006de8       0x94 /usr/lib/gcc/arm-none-eabi/15.2.0/../../../../arm-none-eabi/lib/thumb/v7-m/nofp/libg_nano.a(libc_a-freer.o)
                0x08006de8                _free_r
 .text.__ssputs_r
                0x08006e7c       0xc0 /usr/lib/gcc/arm-none-eabi/15.2.0/../../../../arm-none-eabi/lib/thumb/v7-m/nofp/libg_nano.a(libc_a-nano-svfprintf.o)
                0x08006e7c                __ssputs_r
 .text._svfprintf_r
                0x08006f3c      0x1e4 /usr/lib/gcc/arm-none-eabi/15.2.0/../../../../arm-none-eabi/lib/thumb/v7-m/nofp/libg_nano.a(libc_a-nano-svfprintf.o)
                0x08006f3c                _svfprintf_r
                0x08006f3c                _svfiprintf_r
 .text.__sfputc_r
                0x08007120       0x2a /usr/lib/gcc/arm-none-eabi/15.2.0/../../../../arm-none-eabi/lib/thumb/v7-m/nofp/libg_nano.a(libc_a-nano-vfprintf.o)
 .text.__sfputs_r
                0x0800714a       0x24 /usr/lib/gcc/arm-none-eabi/15.2.0/../../../../arm-none-eabi/lib/thumb/v7-m/nofp/libg_nano.a(libc_a-nano-vfprintf.o)
                0x0800714a                __sfputs_r
 *fill*         0x0800716e        0x2 
 .text._vfprintf_r
                0x08007170      0x21c /usr/lib/gcc/arm-none-eabi/15.2.0/../../../../arm-none-eabi/lib/thumb/v7-m/nofp/libg_nano.a(libc_a-nano-vfprintf.o)
                0x08007170                _vfiprintf_r
                0x08007170                _vfprintf_r
 .text._printf_common
                0x0800738c       0xea /usr/lib/gcc/arm-none-eabi/15.2.0/../../../../arm-none-eabi/lib/thumb/v7-m/nofp/libg_nano.a(libc_a-nano-vfprintf_i.o)
                0x0800738c                _printf_common
 *fill*         0x08007476        0x2 
 .text._printf_i
                0x08007478      0x254 /usr/lib/gcc/arm-none-eabi/15.2.0/../../../../arm-none-eabi/lib/thumb/v7-m/nofp/libg_nano.a(libc_a-nano-vfprintf_i.o)
                0x08007478                _printf_i
 .text.__sflush_r
                0x080076cc       0xf8 /usr/lib/gcc/arm-none-eabi/15.2.0/../../../../arm-none-eabi/lib/thumb/v7-m/nofp/libg_nano.a(libc_a-fflush.o)
                0x080076cc                __sflush_r
 .text._fflush_r
                0x080077c4       0x50 /usr/lib/gcc/arm-none-eabi/15.2.0/../../../../arm-none-eabi/lib/thumb/v7-m/nofp/libg_nano.a(libc_a-fflush.o)
                0x080077c4                _fflush_r
 .text.__swbuf_r
                0x08007814       0x7a /usr/lib/gcc/arm-none-eabi/15.2.0/../../../../arm-none-eabi/lib/thumb/v7-m/nofp/libg_nano.a(libc_a-wbuf.o)
                0x08007814                __swbuf_r
 *fill*         0x0800788e        0x2 
 .text.__swsetup_r
                0x08007890       0xa8 /usr/lib/gcc/arm-none-eabi/15.2.0/../../../../arm-none-eabi/lib/thumb/v7-m/nofp/libg_nano.a(libc_a-wsetup.o)
                0x08007890                __swsetup_r
 .text.memmove  0x08007938       0x32 /usr/lib/gcc/arm-none-eabi/15.2.0/../../../../arm-none-eabi/lib/thumb/v7-m/nofp/libg_nano.a(libc_a-memmove.o)
                0x08007938                memmove
 .text._raise_r
                0x0800796a       0x50 /usr/lib/gcc/arm-none-eabi/15.2.0/../../../../arm-none-eabi/lib/thumb/v7-m/nofp/libg_nano.a(libc_a-signal.o)
                0x0800796a                _raise_r
 *fill*         0x080079ba        0x2 
 .text.raise    0x080079bc       0x10 /usr/lib/gcc/arm-none-eabi/15.2.0/../../../../arm-none-eabi/lib/thumb/v7-m/nofp/libg_nano.a(libc_a-signal.o)
                0x080079bc                raise
 .text._kill_r  0x080079cc       0x24 /usr/lib/gcc/arm-none-eabi/15.2.0/../../../../arm-none-eabi/lib/thumb/v7-m/nofp/libg_nano.a(libc_a-signalr.o)
                0x080079cc                _kill_r
 .text._getpid_r
                0x080079f0        0x4 /usr/lib/gcc/arm-none-eabi/15.2.0/../../../../arm-none-eabi/lib/thumb/v7-m/nofp/libg_nano.a(libc_a-signalr.o)
                0x080079f0                _getpid_r
 .text.memchr   0x080079f4       0x1c /usr/lib/gcc/arm-none-eabi/15.2.0/../../../../arm-none-eabi/lib/thumb/v7-m/nofp/libg_nano.a(libc_a-memchr-stub.o)
                0x080079f4                memchr
 .text._realloc_r
                0x08007a10       0x5c /usr/lib/gcc/arm-none-eabi/15.2.0/../../../../arm-none-eabi/lib/thumb/v7-m/nofp/libg_nano.a(libc_a-reallocr.o)
                0x08007a10                _realloc_r
 .text.__swhatbuf_r
                0x08007a6c       0x48 /usr/lib/gcc/arm-none-eabi/15.2.0/../../../../arm-none-eabi/lib/thumb/v7-m/nofp/libg_nano.a(libc_a-makebuf.o)
                0x08007a6c                __swhatbuf_r
 .text.__smakebuf_r
                0x08007ab4       0x72 /usr/lib/gcc/arm-none-eabi/15.2.0/../../../../arm-none-eabi/lib/thumb/v7-m/nofp/libg_nano.a(libc_a-makebuf.o)
                0x08007ab4                __smakebuf_r
 *fill*         0x08007b26        0x2 
 .text._fstat_r
                0x08007b28       0x24 /usr/lib/gcc/arm-none-eabi/15.2.0/../../../../arm-none-eabi/lib/thumb/v7-m/nofp/libg_nano.a(libc_a-fstatr.o)
                0x08007b28                _fstat_r
 .text._isatty_r
                0x08007b4c       0x20 /usr/lib/gcc/arm-none-eabi/15.2.0/../../../../arm-none-eabi/lib/thumb/v7-m/nofp/libg_nano.a(libc_a-isattyr.o)
                0x08007b4c                _isatty_r
 .text._malloc_usable_size_r
                0x08007b6c       0x10 /usr/lib/gcc/arm-none-eabi/15.2.0/../../../../arm-none-eabi/lib/thumb/v7-m/nofp/libg_nano.a(libc_a-msizer.o)
                0x08007b6c                _malloc_usable_size_r
 *(.glue_7)
 .glue_7        0x08007b7c        0x0 linker stubs
 *(.glue_7t)
 .glue_7t       0x08007b7c        0x0 linker stubs
 *(.eh_frame)
 .eh_frame      0x08007b7c        0x0 /usr/lib/gcc/arm-none-eabi/15.2.0/thumb/v7-m/nofp/crtbegin.o
 *(.init)
 .init          0x08007b7c        0x4 /usr/lib/gcc/arm-none-eabi/15.2.0/thumb/v7-m/nofp/crti.o
                0x08007b7c                _init
 .init          0x08007b80        0x8 /usr/lib/gcc/arm-none-eabi/15.2.0/thumb/v7-m/nofp/crtn.o
 *(.fini)
 .fini          0x08007b88        0x4 /usr/lib/gcc/arm-none-eabi/15.2.0/thumb/v7-m/nofp/crti.o
                0x08007b88                _fini
 .fini          0x08007b8c        0x8 /usr/lib/gcc/arm-none-eabi/15.2.0/thumb/v7-m/nofp/crtn.o
                0x08007b94                        . = ALIGN (0x4)
                0x08007b94                        _etext = .

.vfp11_veneer   0x08007b94        0x0
 .vfp11_veneer  0x08007b94        0x0 linker stubs

.v4_bx          0x08007b94        0x0
 .v4_bx         0x08007b94        0x0 linker stubs

.iplt           0x08007b94        0x0
 .iplt          0x08007b94        0x0 /usr/lib/gcc/arm-none-eabi/15.2.0/thumb/v7-m/nofp/crtbegin.o

.rodata         0x08007b94      0x450
                0x08007b94                        . = ALIGN (0x4)
 *(.rodata)
 .rodata        0x08007b94      0x1cc CMakeFiles/stm32_cmake_M3.dir/function/src/function.cpp.obj
 .rodata        0x08007d60       0x71 CMakeFiles/stm32_cmake_M3.dir/interface/src/inter_io_ctrl.cpp.obj
 *fill*         0x08007dd1        0x3 
 .rodata        0x08007dd4       0x4c CMakeFiles/stm32_cmake_M3.dir/device/src/device_serial.cpp.obj
 *(.rodata*)
 .rodata.AHBPrescTable
                0x08007e20       0x10 cmake/stm32cubemx/CMakeFiles/STM32_Drivers.dir/__/__/Core/Src/system_stm32f1xx.c.obj
                0x08007e20                AHBPrescTable
 .rodata.APBPrescTable
                0x08007e30        0x8 cmake/stm32cubemx/CMakeFiles/STM32_Drivers.dir/__/__/Core/Src/system_stm32f1xx.c.obj
                0x08007e30                APBPrescTable
 .rodata.aPLLMULFactorTable.1
                0x08007e38       0x10 cmake/stm32cubemx/CMakeFiles/STM32_Drivers.dir/__/__/Drivers/STM32F1xx_HAL_Driver/Src/stm32f1xx_hal_rcc.c.obj
 .rodata.aPredivFactorTable.0
                0x08007e48        0x2 cmake/stm32cubemx/CMakeFiles/STM32_Drivers.dir/__/__/Drivers/STM32F1xx_HAL_Driver/Src/stm32f1xx_hal_rcc.c.obj
 *fill*         0x08007e4a        0x2 
 .rodata.aPLLMULFactorTable.1
                0x08007e4c       0x10 cmake/stm32cubemx/CMakeFiles/STM32_Drivers.dir/__/__/Drivers/STM32F1xx_HAL_Driver/Src/stm32f1xx_hal_rcc_ex.c.obj
 .rodata.aPredivFactorTable.0
                0x08007e5c        0x2 cmake/stm32cubemx/CMakeFiles/STM32_Drivers.dir/__/__/Drivers/STM32F1xx_HAL_Driver/Src/stm32f1xx_hal_rcc_ex.c.obj
 *fill*         0x08007e5e        0x2 
 .rodata._ZTV12soft_spi_bus
                0x08007e60       0x28 CMakeFiles/stm32_cmake_M3.dir/interface/src/inter_soft_spi.cpp.obj
                0x08007e60                vtable for soft_spi_bus
 .rodata._ZTV7spi_bus
                0x08007e88       0x28 CMakeFiles/stm32_cmake_M3.dir/interface/src/inter_soft_spi.cpp.obj
                0x08007e88                vtable for spi_bus
 .rodata._ZTV14soft_uart_portILt256EE
                0x08007eb0       0x30 CMakeFiles/stm32_cmake_M3.dir/interface/src/inter_soft_uart.cpp.obj
                0x08007eb0                vtable for soft_uart_port<(unsigned short)256>
 .rodata._ZTV15usart_port_base
                0x08007ee0       0x30 CMakeFiles/stm32_cmake_M3.dir/interface/src/inter_soft_uart.cpp.obj
                0x08007ee0                vtable for usart_port_base
 .rodata._ZTV10usart_portILt256EE
                0x08007f10       0x30 CMakeFiles/stm32_cmake_M3.dir/interface/src/inter_usart.cpp.obj
                0x08007f10                vtable for usart_port<(unsigned short)256>
 .rodata._ZZL11_channel_of6dma_idhE4kMap
                0x08007f40       0x1c CMakeFiles/stm32_cmake_M3.dir/interface/src/inter_dma.cpp.obj
 .rodata._ZZL11_channel_of6dma_idhE4kMap_0
                0x08007f5c       0x14 CMakeFiles/stm32_cmake_M3.dir/interface/src/inter_dma.cpp.obj
 .rodata.__assert_func.str1.1
                0x08007f70       0x6f /usr/lib/gcc/arm-none-eabi/15.2.0/../../../../arm-none-eabi/lib/thumb/v7-m/nofp/libg_nano.a(libc_a-assert.o)
                                 0x3d (size before relaxing)
 *fill*         0x08007fdf        0x1 
 .rodata.__on_exit_args
                0x08007fe0        0x4 /usr/lib/gcc/arm-none-eabi/15.2.0/../../../../arm-none-eabi/lib/thumb/v7-m/nofp/libg_nano.a(libc_a-on_exit_args.o)
                0x08007fe0                __on_exit_args
 .rodata._svfprintf_r.str1.1
                0x08007fe4        0x0 /usr/lib/gcc/arm-none-eabi/15.2.0/../../../../arm-none-eabi/lib/thumb/v7-m/nofp/libg_nano.a(libc_a-nano-svfprintf.o)
                                 0x11 (size before relaxing)
 .rodata._vfprintf_r.str1.1
                0x08007fe4        0x0 /usr/lib/gcc/arm-none-eabi/15.2.0/../../../../arm-none-eabi/lib/thumb/v7-m/nofp/libg_nano.a(libc_a-nano-vfprintf.o)
                                 0x11 (size before relaxing)
 .rodata._printf_i.str1.1
                0x08007fe4        0x0 /usr/lib/gcc/arm-none-eabi/15.2.0/../../../../arm-none-eabi/lib/thumb/v7-m/nofp/libg_nano.a(libc_a-nano-vfprintf_i.o)
                                 0x22 (size before relaxing)
                0x08007fe4                        . = ALIGN (0x4)

.ARM.extab      0x08007fe4        0x0
                0x08007fe4                        . = ALIGN (0x4)
 *(.ARM.extab* .gnu.linkonce.armextab.*)
                0x08007fe4                        . = ALIGN (0x4)

.ARM            0x08007fe4        0x8
                0x08007fe4                        . = ALIGN (0x4)
                0x08007fe4                        __exidx_start = .
 *(.ARM.exidx*)
 .ARM.exidx     0x08007fe4        0x8 /usr/lib/gcc/arm-none-eabi/15.2.0/../../../../arm-none-eabi/lib/thumb/v7-m/nofp/libg_nano.a(libc_a-strlen.o)
                0x08007fec                        __exidx_end = .
                0x08007fec                        . = ALIGN (0x4)

.preinit_array  0x08007fec        0x0
                0x08007fec                        . = ALIGN (0x4)
                0x08007fec                        PROVIDE (__preinit_array_start = .)
 *(.preinit_array*)
                0x08007fec                        PROVIDE (__preinit_array_end = .)
                0x08007fec                        . = ALIGN (0x4)

.init_array     0x08007fec        0xc
                0x08007fec                        . = ALIGN (0x4)
                0x08007fec                        PROVIDE (__init_array_start = .)
 *(SORT_BY_NAME(.init_array.*))
 *(.init_array*)
 .init_array    0x08007fec        0x4 /usr/lib/gcc/arm-none-eabi/15.2.0/thumb/v7-m/nofp/crtbegin.o
 .init_array    0x08007ff0        0x4 CMakeFiles/stm32_cmake_M3.dir/function/src/function.cpp.obj
 .init_array    0x08007ff4        0x4 CMakeFiles/stm32_cmake_M3.dir/device/src/device_serial.cpp.obj
                0x08007ff8                        PROVIDE (__init_array_end = .)
                0x08007ff8                        . = ALIGN (0x4)

.fini_array     0x08007ff8        0x4
                0x08007ff8                        . = ALIGN (0x4)
                0x08007ff8                        PROVIDE (__fini_array_start = .)
 *(SORT_BY_NAME(.fini_array.*))
 *(.fini_array*)
 .fini_array    0x08007ff8        0x4 /usr/lib/gcc/arm-none-eabi/15.2.0/thumb/v7-m/nofp/crtbegin.o
                0x08007ffc                        PROVIDE (__fini_array_end = .)
                0x08007ffc                        . = ALIGN (0x4)
                0x08007ffc                        _sidata = LOADADDR (.data)

.rel.dyn        0x08007ffc        0x0
 .rel.iplt      0x08007ffc        0x0 /usr/lib/gcc/arm-none-eabi/15.2.0/thumb/v7-m/nofp/crtbegin.o

.data           0x20000000       0x88 load address 0x08007ffc
                0x20000000                        . = ALIGN (0x4)
                0x20000000                        _sdata = .
 *(.data)
 .data          0x20000000        0x4 /usr/lib/gcc/arm-none-eabi/15.2.0/thumb/v7-m/nofp/crtbegin.o
                0x20000000                __dso_handle
 *(.data*)
 .data.SystemCoreClock
                0x20000004        0x4 cmake/stm32cubemx/CMakeFiles/STM32_Drivers.dir/__/__/Core/Src/system_stm32f1xx.c.obj
                0x20000004                SystemCoreClock
 .data.uwTickPrio
                0x20000008        0x4 cmake/stm32cubemx/CMakeFiles/STM32_Drivers.dir/__/__/Drivers/STM32F1xx_HAL_Driver/Src/stm32f1xx_hal.c.obj
                0x20000008                uwTickPrio
 .data.uwTickFreq
                0x2000000c        0x1 cmake/stm32cubemx/CMakeFiles/STM32_Drivers.dir/__/__/Drivers/STM32F1xx_HAL_Driver/Src/stm32f1xx_hal.c.obj
                0x2000000c                uwTickFreq
 *fill*         0x2000000d        0x3 
 .data._ZZL16adc_multi_verifyvE8kPinName
                0x20000010       0x18 CMakeFiles/stm32_cmake_M3.dir/function/src/function.cpp.obj
 .data.__sglue  0x20000028        0xc /usr/lib/gcc/arm-none-eabi/15.2.0/../../../../arm-none-eabi/lib/thumb/v7-m/nofp/libg_nano.a(libc_a-findfp.o)
                0x20000028                __sglue
 .data._impure_ptr
                0x20000034        0x4 /usr/lib/gcc/arm-none-eabi/15.2.0/../../../../arm-none-eabi/lib/thumb/v7-m/nofp/libg_nano.a(libc_a-impure.o)
                0x20000034                _impure_ptr
 .data._impure_data
                0x20000038       0x4c /usr/lib/gcc/arm-none-eabi/15.2.0/../../../../arm-none-eabi/lib/thumb/v7-m/nofp/libg_nano.a(libc_a-impure.o)
                0x20000038                _impure_data
 .data.__atexit_recursive_mutex
                0x20000084        0x4 /usr/lib/gcc/arm-none-eabi/15.2.0/../../../../arm-none-eabi/lib/thumb/v7-m/nofp/libg_nano.a(libc_a-__call_atexit.o)
                0x20000084                __atexit_recursive_mutex
 *(.RamFunc)
 *(.RamFunc*)
                0x20000088                        . = ALIGN (0x4)

.tm_clone_table
                0x20000088        0x0 load address 0x08008084
 .tm_clone_table
                0x20000088        0x0 /usr/lib/gcc/arm-none-eabi/15.2.0/thumb/v7-m/nofp/crtbegin.o
 .tm_clone_table
                0x20000088        0x0 /usr/lib/gcc/arm-none-eabi/15.2.0/thumb/v7-m/nofp/crtend.o

.igot.plt       0x20000088        0x0 load address 0x08008084
 .igot.plt      0x20000088        0x0 /usr/lib/gcc/arm-none-eabi/15.2.0/thumb/v7-m/nofp/crtbegin.o

.tdata          0x20000088        0x0 load address 0x08008084
 *(.tdata .tdata.* .gnu.linkonce.td.*)
                0x20000088                        . = ALIGN (0x4)
                0x20000088                        _edata = .
                [!provide]                        PROVIDE (__data_end = .)
                [!provide]                        PROVIDE (__tdata_end = .)
                [!provide]                        PROVIDE (__tdata_start = ADDR (.tdata))
                [!provide]                        PROVIDE (__tdata_size = (__tdata_end - __tdata_start))
                [!provide]                        PROVIDE (__data_start = ADDR (.data))
                [!provide]                        PROVIDE (__data_size = (__data_end - __data_start))
                [!provide]                        PROVIDE (__tdata_source = LOADADDR (.tdata))
                [!provide]                        PROVIDE (__tdata_source_end = (LOADADDR (.tdata) + SIZEOF (.tdata)))
                [!provide]                        PROVIDE (__tdata_source_size = (__tdata_source_end - __tdata_source))
                [!provide]                        PROVIDE (__data_source = LOADADDR (.data))
                [!provide]                        PROVIDE (__data_source_end = __tdata_source_end)
                [!provide]                        PROVIDE (__data_source_size = (__data_source_end - __data_source))

.tbss           0x20000088        0x0 load address 0x08008084
                0x20000088                        _sbss = .
                0x20000088                        __bss_start__ = _sbss
 *(.tbss .tbss.*)
                0x20000088                        . = ALIGN (0x4)
                [!provide]                        PROVIDE (__tbss_end = .)
                [!provide]                        PROVIDE (__tbss_start = ADDR (.tbss))
                [!provide]                        PROVIDE (__tbss_size = (__tbss_end - __tbss_start))
                [!provide]                        PROVIDE (__tbss_offset = (ADDR (.tbss) - ADDR (.tdata)))
                [!provide]                        PROVIDE (__tls_base = __tdata_start)
                [!provide]                        PROVIDE (__tls_end = __tbss_end)
                [!provide]                        PROVIDE (__tls_size = (__tls_end - __tls_base))
                [!provide]                        PROVIDE (__tls_align = MAX (ALIGNOF (.tdata), ALIGNOF (.tbss)))
                [!provide]                        PROVIDE (__tls_size_align = (((__tls_size + __tls_align) - 0x1) & ~ ((__tls_align - 0x1))))
                [!provide]                        PROVIDE (__arm32_tls_tcb_offset = MAX (0x8, __tls_align))
                [!provide]                        PROVIDE (__arm64_tls_tcb_offset = MAX (0x10, __tls_align))

.bss            0x20000088      0xdcc load address 0x08008084
 *(.bss)
 .bss           0x20000088       0x1c /usr/lib/gcc/arm-none-eabi/15.2.0/thumb/v7-m/nofp/crtbegin.o
 *(.bss*)
 .bss.uwTick    0x200000a4        0x4 cmake/stm32cubemx/CMakeFiles/STM32_Drivers.dir/__/__/Drivers/STM32F1xx_HAL_Driver/Src/stm32f1xx_hal.c.obj
                0x200000a4                uwTick
 .bss.pFlash    0x200000a8       0x20 cmake/stm32cubemx/CMakeFiles/STM32_Drivers.dir/__/__/Drivers/STM32F1xx_HAL_Driver/Src/stm32f1xx_hal_flash.c.obj
                0x200000a8                pFlash
 .bss.__sbrk_heap_end
                0x200000c8        0x4 CMakeFiles/stm32_cmake_M3.dir/Core/Src/sysmem.c.obj
 .bss._ZZL16adc_multi_verifyvE7dma_buf
                0x200000cc      0x180 CMakeFiles/stm32_cmake_M3.dir/function/src/function.cpp.obj
 .bss._ZZL16adc_multi_verifyvE3adc
                0x2000024c      0x238 CMakeFiles/stm32_cmake_M3.dir/function/src/function.cpp.obj
 .bss._ZGVZL16adc_multi_verifyvE3adc
                0x20000484        0x4 CMakeFiles/stm32_cmake_M3.dir/function/src/function.cpp.obj
 .bss.spi_bus_64
                0x20000488       0x70 CMakeFiles/stm32_cmake_M3.dir/function/src/function.cpp.obj
                0x20000488                spi_bus_64
 .bss.flash64   0x200004f8        0x8 CMakeFiles/stm32_cmake_M3.dir/function/src/function.cpp.obj
                0x200004f8                flash64
 .bss._ZN12_GLOBAL__N_1L10g_port_mapE
                0x20000500       0x14 CMakeFiles/stm32_cmake_M3.dir/interface/src/inter_usart.cpp.obj
 .bss._ZN10flash_port11_safe_startE
                0x20000514        0x4 CMakeFiles/stm32_cmake_M3.dir/interface/src/inter_flash.cpp.obj
                0x20000514                flash_port::_safe_start
 .bss._ZN10flash_port9_safe_endE
                0x20000518        0x4 CMakeFiles/stm32_cmake_M3.dir/interface/src/inter_flash.cpp.obj
                0x20000518                flash_port::_safe_end
 .bss._ZN10flash_port14diag_fail_addrE
                0x2000051c        0x4 CMakeFiles/stm32_cmake_M3.dir/interface/src/inter_flash.cpp.obj
                0x2000051c                flash_port::diag_fail_addr
 .bss._ZN10flash_port15diag_fail_stageE
                0x20000520        0x1 CMakeFiles/stm32_cmake_M3.dir/interface/src/inter_flash.cpp.obj
                0x20000520                flash_port::diag_fail_stage
 *fill*         0x20000521        0x3 
 .bss._ZL11s_isr_owner
                0x20000524        0x8 CMakeFiles/stm32_cmake_M3.dir/interface/src/inter_dma.cpp.obj
 .bss.debug_uart
                0x2000052c      0x268 CMakeFiles/stm32_cmake_M3.dir/device/src/device_serial.cpp.obj
                0x2000052c                debug_uart
 .bss.rs232_uart
                0x20000794      0x268 CMakeFiles/stm32_cmake_M3.dir/device/src/device_serial.cpp.obj
                0x20000794                rs232_uart
 .bss.soft_rs485
                0x200009fc      0x15c CMakeFiles/stm32_cmake_M3.dir/device/src/device_serial.cpp.obj
                0x200009fc                soft_rs485
 .bss.en_485    0x20000b58       0x18 CMakeFiles/stm32_cmake_M3.dir/device/src/device_serial.cpp.obj
                0x20000b58                en_485
 .bss.__malloc_sbrk_start
                0x20000b70        0x4 /usr/lib/gcc/arm-none-eabi/15.2.0/../../../../arm-none-eabi/lib/thumb/v7-m/nofp/libg_nano.a(libc_a-mallocr.o)
                0x20000b70                __malloc_sbrk_start
 .bss.__malloc_free_list
                0x20000b74        0x4 /usr/lib/gcc/arm-none-eabi/15.2.0/../../../../arm-none-eabi/lib/thumb/v7-m/nofp/libg_nano.a(libc_a-mallocr.o)
                0x20000b74                __malloc_free_list
 .bss.__sf      0x20000b78      0x138 /usr/lib/gcc/arm-none-eabi/15.2.0/../../../../arm-none-eabi/lib/thumb/v7-m/nofp/libg_nano.a(libc_a-findfp.o)
                0x20000b78                __sf
 .bss.__stdio_exit_handler
                0x20000cb0        0x4 /usr/lib/gcc/arm-none-eabi/15.2.0/../../../../arm-none-eabi/lib/thumb/v7-m/nofp/libg_nano.a(libc_a-findfp.o)
                0x20000cb0                __stdio_exit_handler
 .bss.errno     0x20000cb4        0x4 /usr/lib/gcc/arm-none-eabi/15.2.0/../../../../arm-none-eabi/lib/thumb/v7-m/nofp/libg_nano.a(libc_a-reent.o)
                0x20000cb4                errno
 .bss.__lock___malloc_recursive_mutex
                0x20000cb8        0x1 /usr/lib/gcc/arm-none-eabi/15.2.0/../../../../arm-none-eabi/lib/thumb/v7-m/nofp/libg_nano.a(libc_a-lock.o)
                0x20000cb8                __lock___malloc_recursive_mutex
 .bss.__lock___atexit_recursive_mutex
                0x20000cb9        0x1 /usr/lib/gcc/arm-none-eabi/15.2.0/../../../../arm-none-eabi/lib/thumb/v7-m/nofp/libg_nano.a(libc_a-lock.o)
                0x20000cb9                __lock___atexit_recursive_mutex
 .bss.__lock___sfp_recursive_mutex
                0x20000cba        0x1 /usr/lib/gcc/arm-none-eabi/15.2.0/../../../../arm-none-eabi/lib/thumb/v7-m/nofp/libg_nano.a(libc_a-lock.o)
                0x20000cba                __lock___sfp_recursive_mutex
 *fill*         0x20000cbb        0x1 
 .bss.__atexit0
                0x20000cbc       0x8c /usr/lib/gcc/arm-none-eabi/15.2.0/../../../../arm-none-eabi/lib/thumb/v7-m/nofp/libg_nano.a(libc_a-__atexit.o)
                0x20000cbc                __atexit0
 .bss.__atexit  0x20000d48        0x4 /usr/lib/gcc/arm-none-eabi/15.2.0/../../../../arm-none-eabi/lib/thumb/v7-m/nofp/libg_nano.a(libc_a-__call_atexit.o)
                0x20000d48                __atexit
 .bss._on_exit_args_instance
                0x20000d4c      0x108 /usr/lib/gcc/arm-none-eabi/15.2.0/../../../../arm-none-eabi/lib/thumb/v7-m/nofp/libg_nano.a(libc_a-on_exit_args.o)
 *(COMMON)
                0x20000e54                        . = ALIGN (0x4)
                0x20000e54                        _ebss = .
                0x20000e54                        __bss_end__ = _ebss
                [!provide]                        PROVIDE (__bss_end = .)
                [!provide]                        PROVIDE (__non_tls_bss_start = ADDR (.bss))
                [!provide]                        PROVIDE (__bss_start = __tbss_start)
                [!provide]                        PROVIDE (__bss_size = (__bss_end - __bss_start))

._user_heap_stack
                0x20000e54      0x604 load address 0x08008084
                0x20000e58                        . = ALIGN (0x8)
 *fill*         0x20000e54        0x4 
                [!provide]                        PROVIDE (end = .)
                0x20000e58                        PROVIDE (_end = .)
                0x20001058                        . = (. + _Min_Heap_Size)
 *fill*         0x20000e58      0x200 
                0x20001458                        . = (. + _Min_Stack_Size)
 *fill*         0x20001058      0x400 
                0x20001458                        . = ALIGN (0x8)

/DISCARD/
 libc.a:*(*)
 libm.a:*(*)
 libgcc.a:*(*)
OUTPUT(stm32_cmake_M3.elf elf32-littlearm)
LOAD linker stubs

.ARM.attributes
                0x00000000       0x29
 .ARM.attributes
                0x00000000       0x1d /usr/lib/gcc/arm-none-eabi/15.2.0/thumb/v7-m/nofp/crti.o
 .ARM.attributes
                0x0000001d       0x2d /usr/lib/gcc/arm-none-eabi/15.2.0/thumb/v7-m/nofp/crtbegin.o
 .ARM.attributes
                0x0000004a       0x2d cmake/stm32cubemx/CMakeFiles/STM32_Drivers.dir/__/__/Core/Src/system_stm32f1xx.c.obj
 .ARM.attributes
                0x00000077       0x2d cmake/stm32cubemx/CMakeFiles/STM32_Drivers.dir/__/__/Drivers/STM32F1xx_HAL_Driver/Src/stm32f1xx_hal.c.obj
 .ARM.attributes
                0x000000a4       0x2d cmake/stm32cubemx/CMakeFiles/STM32_Drivers.dir/__/__/Drivers/STM32F1xx_HAL_Driver/Src/stm32f1xx_hal_rcc.c.obj
 .ARM.attributes
                0x000000d1       0x2d cmake/stm32cubemx/CMakeFiles/STM32_Drivers.dir/__/__/Drivers/STM32F1xx_HAL_Driver/Src/stm32f1xx_hal_rcc_ex.c.obj
 .ARM.attributes
                0x000000fe       0x2d cmake/stm32cubemx/CMakeFiles/STM32_Drivers.dir/__/__/Drivers/STM32F1xx_HAL_Driver/Src/stm32f1xx_hal_gpio.c.obj
 .ARM.attributes
                0x0000012b       0x2d cmake/stm32cubemx/CMakeFiles/STM32_Drivers.dir/__/__/Drivers/STM32F1xx_HAL_Driver/Src/stm32f1xx_hal_dma.c.obj
 .ARM.attributes
                0x00000158       0x2d cmake/stm32cubemx/CMakeFiles/STM32_Drivers.dir/__/__/Drivers/STM32F1xx_HAL_Driver/Src/stm32f1xx_hal_cortex.c.obj
 .ARM.attributes
                0x00000185       0x2d cmake/stm32cubemx/CMakeFiles/STM32_Drivers.dir/__/__/Drivers/STM32F1xx_HAL_Driver/Src/stm32f1xx_hal_flash.c.obj
 .ARM.attributes
                0x000001b2       0x2d cmake/stm32cubemx/CMakeFiles/STM32_Drivers.dir/__/__/Drivers/STM32F1xx_HAL_Driver/Src/stm32f1xx_hal_flash_ex.c.obj
 .ARM.attributes
                0x000001df       0x2d cmake/stm32cubemx/CMakeFiles/STM32_Drivers.dir/__/__/Drivers/STM32F1xx_HAL_Driver/Src/stm32f1xx_hal_adc.c.obj
 .ARM.attributes
                0x0000020c       0x2d cmake/stm32cubemx/CMakeFiles/STM32_Drivers.dir/__/__/Drivers/STM32F1xx_HAL_Driver/Src/stm32f1xx_hal_adc_ex.c.obj
 .ARM.attributes
                0x00000239       0x2d CMakeFiles/stm32_cmake_M3.dir/Core/Src/main.c.obj
 .ARM.attributes
                0x00000266       0x2d CMakeFiles/stm32_cmake_M3.dir/Core/Src/delay.c.obj
 .ARM.attributes
                0x00000293       0x2d CMakeFiles/stm32_cmake_M3.dir/Core/Src/gpio.c.obj
 .ARM.attributes
                0x000002c0       0x2d CMakeFiles/stm32_cmake_M3.dir/Core/Src/stm32f1xx_it.c.obj
 .ARM.attributes
                0x000002ed       0x2d CMakeFiles/stm32_cmake_M3.dir/Core/Src/stm32f1xx_hal_msp.c.obj
 .ARM.attributes
                0x0000031a       0x2d CMakeFiles/stm32_cmake_M3.dir/Core/Src/sysmem.c.obj
 .ARM.attributes
                0x00000347       0x2d CMakeFiles/stm32_cmake_M3.dir/Core/Src/syscalls.c.obj
 .ARM.attributes
                0x00000374       0x21 CMakeFiles/stm32_cmake_M3.dir/startup_stm32f103xe.s.obj
 .ARM.attributes
                0x00000395       0x2d CMakeFiles/stm32_cmake_M3.dir/function/src/function.cpp.obj
 .ARM.attributes
                0x000003c2       0x2d CMakeFiles/stm32_cmake_M3.dir/interface/src/inter_io_ctrl.cpp.obj
 .ARM.attributes
                0x000003ef       0x2d CMakeFiles/stm32_cmake_M3.dir/interface/src/inter_soft_spi.cpp.obj
 .ARM.attributes
                0x0000041c       0x2d CMakeFiles/stm32_cmake_M3.dir/interface/src/inter_soft_uart.cpp.obj
 .ARM.attributes
                0x00000449       0x2d CMakeFiles/stm32_cmake_M3.dir/interface/src/inter_usart.cpp.obj
 .ARM.attributes
                0x00000476       0x2d CMakeFiles/stm32_cmake_M3.dir/interface/src/inter_flash.cpp.obj
 .ARM.attributes
                0x000004a3       0x2d CMakeFiles/stm32_cmake_M3.dir/interface/src/inter_dma.cpp.obj
 .ARM.attributes
                0x000004d0       0x2d CMakeFiles/stm32_cmake_M3.dir/interface/src/inter_adc.cpp.obj
 .ARM.attributes
                0x000004fd       0x2d CMakeFiles/stm32_cmake_M3.dir/device/src/device_serial.cpp.obj
 .ARM.attributes
                0x0000052a       0x2d CMakeFiles/stm32_cmake_M3.dir/device/src/device_w25qxx.cpp.obj
 .ARM.attributes
                0x00000557       0x2d /usr/lib/gcc/arm-none-eabi/15.2.0/../../../../arm-none-eabi/lib/thumb/v7-m/nofp/libstdc++_nano.a(atexit_arm.o)
 .ARM.attributes
                0x00000584       0x2d /usr/lib/gcc/arm-none-eabi/15.2.0/../../../../arm-none-eabi/lib/thumb/v7-m/nofp/libstdc++_nano.a(del_ops.o)
 .ARM.attributes
                0x000005b1       0x2d /usr/lib/gcc/arm-none-eabi/15.2.0/../../../../arm-none-eabi/lib/thumb/v7-m/nofp/libstdc++_nano.a(del_op.o)
 .ARM.attributes
                0x000005de       0x2d /usr/lib/gcc/arm-none-eabi/15.2.0/../../../../arm-none-eabi/lib/thumb/v7-m/nofp/libg_nano.a(libc_a-assert.o)
 .ARM.attributes
                0x0000060b       0x2d /usr/lib/gcc/arm-none-eabi/15.2.0/../../../../arm-none-eabi/lib/thumb/v7-m/nofp/libg_nano.a(libc_a-malloc.o)
 .ARM.attributes
                0x00000638       0x2d /usr/lib/gcc/arm-none-eabi/15.2.0/../../../../arm-none-eabi/lib/thumb/v7-m/nofp/libg_nano.a(libc_a-mallocr.o)
 .ARM.attributes
                0x00000665       0x2d /usr/lib/gcc/arm-none-eabi/15.2.0/../../../../arm-none-eabi/lib/thumb/v7-m/nofp/libg_nano.a(libc_a-mlock.o)
 .ARM.attributes
                0x00000692       0x2d /usr/lib/gcc/arm-none-eabi/15.2.0/../../../../arm-none-eabi/lib/thumb/v7-m/nofp/libg_nano.a(libc_a-cxa_atexit.o)
 .ARM.attributes
                0x000006bf       0x2d /usr/lib/gcc/arm-none-eabi/15.2.0/../../../../arm-none-eabi/lib/thumb/v7-m/nofp/libg_nano.a(libc_a-findfp.o)
 .ARM.attributes
                0x000006ec       0x2d /usr/lib/gcc/arm-none-eabi/15.2.0/../../../../arm-none-eabi/lib/thumb/v7-m/nofp/libg_nano.a(libc_a-fprintf.o)
 .ARM.attributes