Archive member included to satisfy reference by file (symbol)

/usr/lib/gcc/arm-none-eabi/15.2.0/../../../../arm-none-eabi/lib/thumb/v7-m/nofp/libstdc++_nano.a(atexit_arm.o)
                              CMakeFiles/stm32_cmake_M3.dir/function/src/function.cpp.obj (__aeabi_atexit)
/usr/lib/gcc/arm-none-eabi/15.2.0/../../../../arm-none-eabi/lib/thumb/v7-m/nofp/libstdc++_nano.a(del_ops.o)
                              CMakeFiles/stm32_cmake_M3.dir/interface/src/inter_soft_spi.cpp.obj (operator delete(void*, unsigned int))
/usr/lib/gcc/arm-none-eabi/15.2.0/../../../../arm-none-eabi/lib/thumb/v7-m/nofp/libstdc++_nano.a(del_op.o)
                              /usr/lib/gcc/arm-none-eabi/15.2.0/../../../../arm-none-eabi/lib/thumb/v7-m/nofp/libstdc++_nano.a(del_ops.o) (operator delete(void*))
/usr/lib/gcc/arm-none-eabi/15.2.0/thumb/v7-m/nofp/libgcc.a(_aeabi_ldivmod.o)
                              CMakeFiles/stm32_cmake_M3.dir/device/src/device_ina226.cpp.obj (__aeabi_ldivmod)
/usr/lib/gcc/arm-none-eabi/15.2.0/thumb/v7-m/nofp/libgcc.a(_aeabi_uldivmod.o)
                              CMakeFiles/stm32_cmake_M3.dir/device/src/device_ina226.cpp.obj (__aeabi_uldivmod)
/usr/lib/gcc/arm-none-eabi/15.2.0/thumb/v7-m/nofp/libgcc.a(_udivmoddi4.o)
                              /usr/lib/gcc/arm-none-eabi/15.2.0/thumb/v7-m/nofp/libgcc.a(_aeabi_ldivmod.o) (__udivmoddi4)
/usr/lib/gcc/arm-none-eabi/15.2.0/thumb/v7-m/nofp/libgcc.a(_dvmd_tls.o)
                              /usr/lib/gcc/arm-none-eabi/15.2.0/thumb/v7-m/nofp/libgcc.a(_aeabi_ldivmod.o) (__aeabi_ldiv0)
/usr/lib/gcc/arm-none-eabi/15.2.0/../../../../arm-none-eabi/lib/thumb/v7-m/nofp/libg_nano.a(libc_a-assert.o)
                              CMakeFiles/stm32_cmake_M3.dir/interface/src/inter_io_ctrl.cpp.obj (__assert_func)
/usr/lib/gcc/arm-none-eabi/15.2.0/../../../../arm-none-eabi/lib/thumb/v7-m/nofp/libg_nano.a(libc_a-atexit.o)
                              /usr/lib/gcc/arm-none-eabi/15.2.0/../../../../arm-none-eabi/lib/thumb/v7-m/nofp/crt0.o (atexit)
/usr/lib/gcc/arm-none-eabi/15.2.0/../../../../arm-none-eabi/lib/thumb/v7-m/nofp/libg_nano.a(libc_a-exit.o)
                              /usr/lib/gcc/arm-none-eabi/15.2.0/../../../../arm-none-eabi/lib/thumb/v7-m/nofp/crt0.o (exit)
/usr/lib/gcc/arm-none-eabi/15.2.0/../../../../arm-none-eabi/lib/thumb/v7-m/nofp/libg_nano.a(libc_a-malloc.o)
                              /usr/lib/gcc/arm-none-eabi/15.2.0/../../../../arm-none-eabi/lib/thumb/v7-m/nofp/libstdc++_nano.a(del_op.o) (free)
/usr/lib/gcc/arm-none-eabi/15.2.0/../../../../arm-none-eabi/lib/thumb/v7-m/nofp/libg_nano.a(libc_a-mallocr.o)
                              /usr/lib/gcc/arm-none-eabi/15.2.0/../../../../arm-none-eabi/lib/thumb/v7-m/nofp/libg_nano.a(libc_a-malloc.o) (_malloc_r)
/usr/lib/gcc/arm-none-eabi/15.2.0/../../../../arm-none-eabi/lib/thumb/v7-m/nofp/libg_nano.a(libc_a-mlock.o)
                              /usr/lib/gcc/arm-none-eabi/15.2.0/../../../../arm-none-eabi/lib/thumb/v7-m/nofp/libg_nano.a(libc_a-mallocr.o) (__malloc_lock)
/usr/lib/gcc/arm-none-eabi/15.2.0/../../../../arm-none-eabi/lib/thumb/v7-m/nofp/libg_nano.a(libc_a-cxa_atexit.o)
                              /usr/lib/gcc/arm-none-eabi/15.2.0/../../../../arm-none-eabi/lib/thumb/v7-m/nofp/libstdc++_nano.a(atexit_arm.o) (__cxa_atexit)
/usr/lib/gcc/arm-none-eabi/15.2.0/../../../../arm-none-eabi/lib/thumb/v7-m/nofp/libg_nano.a(libc_a-findfp.o)
                              /usr/lib/gcc/arm-none-eabi/15.2.0/../../../../arm-none-eabi/lib/thumb/v7-m/nofp/libg_nano.a(libc_a-exit.o) (__stdio_exit_handler)
/usr/lib/gcc/arm-none-eabi/15.2.0/../../../../arm-none-eabi/lib/thumb/v7-m/nofp/libg_nano.a(libc_a-fprintf.o)
                              /usr/lib/gcc/arm-none-eabi/15.2.0/../../../../arm-none-eabi/lib/thumb/v7-m/nofp/libg_nano.a(libc_a-assert.o) (fiprintf)
/usr/lib/gcc/arm-none-eabi/15.2.0/../../../../arm-none-eabi/lib/thumb/v7-m/nofp/libg_nano.a(libc_a-fwalk.o)
                              /usr/lib/gcc/arm-none-eabi/15.2.0/../../../../arm-none-eabi/lib/thumb/v7-m/nofp/libg_nano.a(libc_a-findfp.o) (_fwalk_sglue)
/usr/lib/gcc/arm-none-eabi/15.2.0/../../../../arm-none-eabi/lib/thumb/v7-m/nofp/libg_nano.a(libc_a-stdio.o)
                              /usr/lib/gcc/arm-none-eabi/15.2.0/../../../../arm-none-eabi/lib/thumb/v7-m/nofp/libg_nano.a(libc_a-findfp.o) (__sread)
/usr/lib/gcc/arm-none-eabi/15.2.0/../../../../arm-none-eabi/lib/thumb/v7-m/nofp/libg_nano.a(libc_a-memset.o)
                              /usr/lib/gcc/arm-none-eabi/15.2.0/../../../../arm-none-eabi/lib/thumb/v7-m/nofp/crt0.o (memset)
/usr/lib/gcc/arm-none-eabi/15.2.0/../../../../arm-none-eabi/lib/thumb/v7-m/nofp/libg_nano.a(libc_a-closer.o)
                              /usr/lib/gcc/arm-none-eabi/15.2.0/../../../../arm-none-eabi/lib/thumb/v7-m/nofp/libg_nano.a(libc_a-stdio.o) (_close_r)
/usr/lib/gcc/arm-none-eabi/15.2.0/../../../../arm-none-eabi/lib/thumb/v7-m/nofp/libg_nano.a(libc_a-reent.o)
[...]
Memory Configuration

Name             Origin             Length             Attributes
RAM              0x20000000         0x00010000         xrw
FLASH            0x08000000         0x00080000         xr
*default*        0x00000000         0xffffffff

Linker script and memory map

LOAD /usr/lib/gcc/arm-none-eabi/15.2.0/thumb/v7-m/nofp/crti.o
LOAD /usr/lib/gcc/arm-none-eabi/15.2.0/thumb/v7-m/nofp/crtbegin.o
LOAD /usr/lib/gcc/arm-none-eabi/15.2.0/../../../../arm-none-eabi/lib/thumb/v7-m/nofp/crt0.o
LOAD cmake/stm32cubemx/CMakeFiles/STM32_Drivers.dir/__/__/Core/Src/system_stm32f1xx.c.obj
LOAD cmake/stm32cubemx/CMakeFiles/STM32_Drivers.dir/__/__/Drivers/STM32F1xx_HAL_Driver/Src/stm32f1xx_hal_gpio_ex.c.obj
LOAD cmake/stm32cubemx/CMakeFiles/STM32_Drivers.dir/__/__/Drivers/STM32F1xx_HAL_Driver/Src/stm32f1xx_hal.c.obj
LOAD cmake/stm32cubemx/CMakeFiles/STM32_Drivers.dir/__/__/Drivers/STM32F1xx_HAL_Driver/Src/stm32f1xx_hal_rcc.c.obj
LOAD cmake/stm32cubemx/CMakeFiles/STM32_Drivers.dir/__/__/Drivers/STM32F1xx_HAL_Driver/Src/stm32f1xx_hal_rcc_ex.c.obj
LOAD cmake/stm32cubemx/CMakeFiles/STM32_Drivers.dir/__/__/Drivers/STM32F1xx_HAL_Driver/Src/stm32f1xx_hal_gpio.c.obj
LOAD cmake/stm32cubemx/CMakeFiles/STM32_Drivers.dir/__/__/Drivers/STM32F1xx_HAL_Driver/Src/stm32f1xx_hal_spi.c.obj
LOAD cmake/stm32cubemx/CMakeFiles/STM32_Drivers.dir/__/__/Drivers/STM32F1xx_HAL_Driver/Src/stm32f1xx_hal_dma.c.obj
LOAD cmake/stm32cubemx/CMakeFiles/STM32_Drivers.dir/__/__/Drivers/STM32F1xx_HAL_Driver/Src/stm32f1xx_hal_cortex.c.obj
LOAD cmake/stm32cubemx/CMakeFiles/STM32_Drivers.dir/__/__/Drivers/STM32F1xx_HAL_Driver/Src/stm32f1xx_hal_pwr.c.obj
LOAD cmake/stm32cubemx/CMakeFiles/STM32_Drivers.dir/__/__/Drivers/STM32F1xx_HAL_Driver/Src/stm32f1xx_hal_flash.c.obj
LOAD cmake/stm32cubemx/CMakeFiles/STM32_Drivers.dir/__/__/Drivers/STM32F1xx_HAL_Driver/Src/stm32f1xx_hal_flash_ex.c.obj
LOAD cmake/stm32cubemx/CMakeFiles/STM32_Drivers.dir/__/__/Drivers/STM32F1xx_HAL_Driver/Src/stm32f1xx_hal_exti.c.obj
LOAD CMakeFiles/stm32_cmake_M3.dir/Core/Src/main.c.obj
LOAD CMakeFiles/stm32_cmake_M3.dir/Core/Src/delay.c.obj
LOAD CMakeFiles/stm32_cmake_M3.dir/Core/Src/gpio.c.obj
LOAD CMakeFiles/stm32_cmake_M3.dir/Core/Src/stm32f1xx_it.c.obj
LOAD CMakeFiles/stm32_cmake_M3.dir/Core/Src/stm32f1xx_hal_msp.c.obj
LOAD CMakeFiles/stm32_cmake_M3.dir/Core/Src/sysmem.c.obj
LOAD CMakeFiles/stm32_cmake_M3.dir/Core/Src/syscalls.c.obj
LOAD CMakeFiles/stm32_cmake_M3.dir/startup_stm32f103xe.s.obj
LOAD CMakeFiles/stm32_cmake_M3.dir/function/src/function.cpp.obj
LOAD CMakeFiles/stm32_cmake_M3.dir/interface/src/inter_io_ctrl.cpp.obj
LOAD CMakeFiles/stm32_cmake_M3.dir/interface/src/inter_i2c_bus.cpp.obj
LOAD CMakeFiles/stm32_cmake_M3.dir/interface/src/inter_i2c_dev.cpp.obj
LOAD CMakeFiles/stm32_cmake_M3.dir/interface/src/inter_soft_spi.cpp.obj
LOAD CMakeFiles/stm32_cmake_M3.dir/interface/src/inter_soft_uart.cpp.obj
LOAD CMakeFiles/stm32_cmake_M3.dir/interface/src/inter_usart.cpp.obj
LOAD CMakeFiles/stm32_cmake_M3.dir/interface/src/inter_spi.cpp.obj
LOAD CMakeFiles/stm32_cmake_M3.dir/device/src/device_ds18b20.cpp.obj
LOAD CMakeFiles/stm32_cmake_M3.dir/device/src/device_ina226.cpp.obj
LOAD CMakeFiles/stm32_cmake_M3.dir/device/src/device_ina228.cpp.obj
LOAD CMakeFiles/stm32_cmake_M3.dir/device/src/device_serial.cpp.obj
LOAD CMakeFiles/stm32_cmake_M3.dir/device/src/device_w25qxx.cpp.obj
LOAD /usr/lib/gcc/arm-none-eabi/15.2.0/../../../../arm-none-eabi/lib/thumb/v7-m/nofp/libstdc++_nano.a
LOAD /usr/lib/gcc/arm-none-eabi/15.2.0/../../../../arm-none-eabi/lib/thumb/v7-m/nofp/libm.a
START GROUP
LOAD /usr/lib/gcc/arm-none-eabi/15.2.0/thumb/v7-m/nofp/libgcc.a
LOAD /usr/lib/gcc/arm-none-eabi/15.2.0/../../../../arm-none-eabi/lib/thumb/v7-m/nofp/libg_nano.a
LOAD /usr/lib/gcc/arm-none-eabi/15.2.0/../../../../arm-none-eabi/lib/thumb/v7-m/nofp/libc_nano.a
END GROUP
START GROUP
LOAD /usr/lib/gcc/arm-none-eabi/15.2.0/thumb/v7-m/nofp/libgcc.a
LOAD /usr/lib/gcc/arm-none-eabi/15.2.0/../../../../arm-none-eabi/lib/thumb/v7-m/nofp/libc_nano.a
END GROUP
LOAD /usr/lib/gcc/arm-none-eabi/15.2.0/thumb/v7-m/nofp/crtend.o
LOAD /usr/lib/gcc/arm-none-eabi/15.2.0/thumb/v7-m/nofp/crtn.o
                0x20010000                        _estack = (ORIGIN (RAM) + LENGTH (RAM))
                0x2000fc00                        _sstack = (_estack - _Min_Stack_Size)
                0x00000200                        _Min_Heap_Size = 0x200
                0x00000400                        _Min_Stack_Size = 0x400

.isr_vector     0x08000000      0x1e4
                0x08000000                        . = ALIGN (0x4)
 *(.isr_vector)
 .isr_vector    0x08000000      0x1e4 CMakeFiles/stm32_cmake_M3.dir/startup_stm32f103xe.s.obj
                0x08000000                g_pfnVectors
                0x080001e4                        . = ALIGN (0x4)

.text           0x080001e4     0x31f0
                0x080001e4                        . = ALIGN (0x4)
 *(.text)
 .text          0x080001e4       0x88 /usr/lib/gcc/arm-none-eabi/15.2.0/thumb/v7-m/nofp/crtbegin.o
 *(.text*)
 .text.SystemInit
                0x0800026c        0x4 cmake/stm32cubemx/CMakeFiles/STM32_Drivers.dir/__/__/Core/Src/system_stm32f1xx.c.obj
                0x0800026c                SystemInit
 .text.HAL_InitTick
                0x08000270       0x50 cmake/stm32cubemx/CMakeFiles/STM32_Drivers.dir/__/__/Drivers/STM32F1xx_HAL_Driver/Src/stm32f1xx_hal.c.obj
                0x08000270                HAL_InitTick
 .text.HAL_Init
                0x080002c0       0x24 cmake/stm32cubemx/CMakeFiles/STM32_Drivers.dir/__/__/Drivers/STM32F1xx_HAL_Driver/Src/stm32f1xx_hal.c.obj
                0x080002c0                HAL_Init
 .text.HAL_IncTick
                0x080002e4       0x18 cmake/stm32cubemx/CMakeFiles/STM32_Drivers.dir/__/__/Drivers/STM32F1xx_HAL_Driver/Src/stm32f1xx_hal.c.obj
                0x080002e4                HAL_IncTick
 .text.HAL_GetTick
                0x080002fc        0xc cmake/stm32cubemx/CMakeFiles/STM32_Drivers.dir/__/__/Drivers/STM32F1xx_HAL_Driver/Src/stm32f1xx_hal.c.obj
                0x080002fc                HAL_GetTick
 .text.HAL_RCC_OscConfig
                0x08000308      0x3ec cmake/stm32cubemx/CMakeFiles/STM32_Drivers.dir/__/__/Drivers/STM32F1xx_HAL_Driver/Src/stm32f1xx_hal_rcc.c.obj
                0x08000308                HAL_RCC_OscConfig
 .text.HAL_RCC_GetSysClockFreq
                0x080006f4       0x50 cmake/stm32cubemx/CMakeFiles/STM32_Drivers.dir/__/__/Drivers/STM32F1xx_HAL_Driver/Src/stm32f1xx_hal_rcc.c.obj
                0x080006f4                HAL_RCC_GetSysClockFreq
 .text.HAL_RCC_ClockConfig
                0x08000744      0x140 cmake/stm32cubemx/CMakeFiles/STM32_Drivers.dir/__/__/Drivers/STM32F1xx_HAL_Driver/Src/stm32f1xx_hal_rcc.c.obj
                0x08000744                HAL_RCC_ClockConfig
 .text.HAL_RCC_GetPCLK1Freq
                0x08000884       0x20 cmake/stm32cubemx/CMakeFiles/STM32_Drivers.dir/__/__/Drivers/STM32F1xx_HAL_Driver/Src/stm32f1xx_hal_rcc.c.obj
                0x08000884                HAL_RCC_GetPCLK1Freq
 .text.HAL_RCC_GetPCLK2Freq
                0x080008a4       0x20 cmake/stm32cubemx/CMakeFiles/STM32_Drivers.dir/__/__/Drivers/STM32F1xx_HAL_Driver/Src/stm32f1xx_hal_rcc.c.obj
                0x080008a4                HAL_RCC_GetPCLK2Freq
 .text.HAL_GPIO_Init
                0x080008c4      0x248 cmake/stm32cubemx/CMakeFiles/STM32_Drivers.dir/__/__/Drivers/STM32F1xx_HAL_Driver/Src/stm32f1xx_hal_gpio.c.obj
                0x080008c4                HAL_GPIO_Init
 .text.HAL_GPIO_DeInit
                0x08000b0c      0x138 cmake/stm32cubemx/CMakeFiles/STM32_Drivers.dir/__/__/Drivers/STM32F1xx_HAL_Driver/Src/stm32f1xx_hal_gpio.c.obj
                0x08000b0c                HAL_GPIO_DeInit
 .text.HAL_NVIC_SetPriorityGrouping
                0x08000c44       0x24 cmake/stm32cubemx/CMakeFiles/STM32_Drivers.dir/__/__/Drivers/STM32F1xx_HAL_Driver/Src/stm32f1xx_hal_cortex.c.obj
                0x08000c44                HAL_NVIC_SetPriorityGrouping
 .text.HAL_NVIC_SetPriority
                0x08000c68       0x64 cmake/stm32cubemx/CMakeFiles/STM32_Drivers.dir/__/__/Drivers/STM32F1xx_HAL_Driver/Src/stm32f1xx_hal_cortex.c.obj
                0x08000c68                HAL_NVIC_SetPriority
 .text.HAL_NVIC_EnableIRQ
                0x08000ccc       0x1c cmake/stm32cubemx/CMakeFiles/STM32_Drivers.dir/__/__/Drivers/STM32F1xx_HAL_Driver/Src/stm32f1xx_hal_cortex.c.obj
                0x08000ccc                HAL_NVIC_EnableIRQ
 .text.HAL_NVIC_DisableIRQ
                0x08000ce8       0x24 cmake/stm32cubemx/CMakeFiles/STM32_Drivers.dir/__/__/Drivers/STM32F1xx_HAL_Driver/Src/stm32f1xx_hal_cortex.c.obj
                0x08000ce8                HAL_NVIC_DisableIRQ
 .text.HAL_SYSTICK_Config
                0x08000d0c       0x2c cmake/stm32cubemx/CMakeFiles/STM32_Drivers.dir/__/__/Drivers/STM32F1xx_HAL_Driver/Src/stm32f1xx_hal_cortex.c.obj
                0x08000d0c                HAL_SYSTICK_Config
 .text.SystemClock_Config
                0x08000d38       0x70 CMakeFiles/stm32_cmake_M3.dir/Core/Src/main.c.obj
                0x08000d38                SystemClock_Config
 .text.startup.main
                0x08000da8       0x18 CMakeFiles/stm32_cmake_M3.dir/Core/Src/main.c.obj
                0x08000da8                main
 .text.delay_us
                0x08000dc0       0x18 CMakeFiles/stm32_cmake_M3.dir/Core/Src/delay.c.obj
                0x08000dc0                delay_us
 .text.delay_ms
                0x08000dd8       0x1c CMakeFiles/stm32_cmake_M3.dir/Core/Src/delay.c.obj
                0x08000dd8                delay_ms
 .text.MX_GPIO_Init
                0x08000df4       0x20 CMakeFiles/stm32_cmake_M3.dir/Core/Src/gpio.c.obj
                0x08000df4                MX_GPIO_Init
 .text.NMI_Handler
                0x08000e14        0x4 CMakeFiles/stm32_cmake_M3.dir/Core/Src/stm32f1xx_it.c.obj
                0x08000e14                NMI_Handler
 .text.HardFault_Handler
                0x08000e18        0x4 CMakeFiles/stm32_cmake_M3.dir/Core/Src/stm32f1xx_it.c.obj
                0x08000e18                HardFault_Handler
 .text.MemManage_Handler
                0x08000e1c        0x4 CMakeFiles/stm32_cmake_M3.dir/Core/Src/stm32f1xx_it.c.obj
                0x08000e1c                MemManage_Handler
 .text.BusFault_Handler
                0x08000e20        0x4 CMakeFiles/stm32_cmake_M3.dir/Core/Src/stm32f1xx_it.c.obj
                0x08000e20                BusFault_Handler
 .text.UsageFault_Handler
                0x08000e24        0x4 CMakeFiles/stm32_cmake_M3.dir/Core/Src/stm32f1xx_it.c.obj
                0x08000e24                UsageFault_Handler
 .text.SVC_Handler
                0x08000e28        0x4 CMakeFiles/stm32_cmake_M3.dir/Core/Src/stm32f1xx_it.c.obj
                0x08000e28                SVC_Handler
 .text.DebugMon_Handler
                0x08000e2c        0x4 CMakeFiles/stm32_cmake_M3.dir/Core/Src/stm32f1xx_it.c.obj
                0x08000e2c                DebugMon_Handler
 .text.PendSV_Handler
                0x08000e30        0x4 CMakeFiles/stm32_cmake_M3.dir/Core/Src/stm32f1xx_it.c.obj
                0x08000e30                PendSV_Handler
 .text.SysTick_Handler
                0x08000e34        0x4 CMakeFiles/stm32_cmake_M3.dir/Core/Src/stm32f1xx_it.c.obj
                0x08000e34                SysTick_Handler
 .text.HAL_MspInit
                0x08000e38       0x44 CMakeFiles/stm32_cmake_M3.dir/Core/Src/stm32f1xx_hal_msp.c.obj
                0x08000e38                HAL_MspInit
 .text._sbrk    0x08000e7c       0x50 CMakeFiles/stm32_cmake_M3.dir/Core/Src/sysmem.c.obj
                0x08000e7c                _sbrk
 .text._getpid  0x08000ecc        0x4 CMakeFiles/stm32_cmake_M3.dir/Core/Src/syscalls.c.obj
                0x08000ecc                _getpid
 .text._kill    0x08000ed0       0x14 CMakeFiles/stm32_cmake_M3.dir/Core/Src/syscalls.c.obj
                0x08000ed0                _kill
 .text._exit    0x08000ee4        0xc CMakeFiles/stm32_cmake_M3.dir/Core/Src/syscalls.c.obj
                0x08000ee4                _exit
 .text._read    0x08000ef0       0x1c CMakeFiles/stm32_cmake_M3.dir/Core/Src/syscalls.c.obj
                0x08000ef0                _read
 .text._write   0x08000f0c       0x1c CMakeFiles/stm32_cmake_M3.dir/Core/Src/syscalls.c.obj
                0x08000f0c                _write
 .text._close   0x08000f28        0x8 CMakeFiles/stm32_cmake_M3.dir/Core/Src/syscalls.c.obj
                0x08000f28                _close
 .text._fstat   0x08000f30        0xc CMakeFiles/stm32_cmake_M3.dir/Core/Src/syscalls.c.obj
                0x08000f30                _fstat
 .text._isatty  0x08000f3c        0x4 CMakeFiles/stm32_cmake_M3.dir/Core/Src/syscalls.c.obj
                0x08000f3c                _isatty
 .text._lseek   0x08000f40        0x4 CMakeFiles/stm32_cmake_M3.dir/Core/Src/syscalls.c.obj
                0x08000f40                _lseek
 .text.Reset_Handler
                0x08000f44       0x48 CMakeFiles/stm32_cmake_M3.dir/startup_stm32f103xe.s.obj
                0x08000f44                Reset_Handler
 .text.Default_Handler
                0x08000f8c        0x2 CMakeFiles/stm32_cmake_M3.dir/startup_stm32f103xe.s.obj
                0x08000f8c                RTC_Alarm_IRQHandler
                0x08000f8c                EXTI2_IRQHandler
                0x08000f8c                TIM8_TRG_COM_IRQHandler
                0x08000f8c                TIM8_CC_IRQHandler
                0x08000f8c                TIM1_CC_IRQHandler
                0x08000f8c                TIM6_IRQHandler
                0x08000f8c                PVD_IRQHandler
                0x08000f8c                SDIO_IRQHandler
                0x08000f8c                EXTI3_IRQHandler
                0x08000f8c                EXTI0_IRQHandler
                0x08000f8c                I2C2_EV_IRQHandler
                0x08000f8c                ADC1_2_IRQHandler
                0x08000f8c                SPI1_IRQHandler
                0x08000f8c                TAMPER_IRQHandler
                0x08000f8c                TIM8_UP_IRQHandler
                0x08000f8c                DMA2_Channel2_IRQHandler
                0x08000f8c                DMA1_Channel4_IRQHandler
                0x08000f8c                RTC_IRQHandler
                0x08000f8c                DMA1_Channel7_IRQHandler
                0x08000f8c                CAN1_RX1_IRQHandler
                0x08000f8c                ADC3_IRQHandler
                0x08000f8c                TIM4_IRQHandler
                0x08000f8c                DMA2_Channel1_IRQHandler
                0x08000f8c                I2C1_EV_IRQHandler
                0x08000f8c                DMA1_Channel6_IRQHandler
                0x08000f8c                TIM3_IRQHandler
                0x08000f8c                RCC_IRQHandler
                0x08000f8c                TIM1_TRG_COM_IRQHandler
                0x08000f8c                DMA1_Channel1_IRQHandler
                0x08000f8c                Default_Handler
                0x08000f8c                EXTI15_10_IRQHandler
                0x08000f8c                TIM7_IRQHandler
                0x08000f8c                TIM5_IRQHandler
                0x08000f8c                EXTI9_5_IRQHandler
                0x08000f8c                SPI2_IRQHandler
                0x08000f8c                DMA1_Channel5_IRQHandler
                0x08000f8c                EXTI4_IRQHandler
                0x08000f8c                USB_LP_CAN1_RX0_IRQHandler
                0x08000f8c                USB_HP_CAN1_TX_IRQHandler
                0x08000f8c                DMA1_Channel3_IRQHandler
                0x08000f8c                FSMC_IRQHandler
                0x08000f8c                TIM1_UP_IRQHandler
                0x08000f8c                WWDG_IRQHandler
                0x08000f8c                TIM2_IRQHandler
                0x08000f8c                TIM1_BRK_IRQHandler
                0x08000f8c                EXTI1_IRQHandler
                0x08000f8c                DMA2_Channel4_5_IRQHandler
                0x08000f8c                I2C2_ER_IRQHandler
                0x08000f8c                DMA1_Channel2_IRQHandler
                0x08000f8c                TIM8_BRK_IRQHandler
                0x08000f8c                CAN1_SCE_IRQHandler
                0x08000f8c                FLASH_IRQHandler
                0x08000f8c                SPI3_IRQHandler
                0x08000f8c                I2C1_ER_IRQHandler
                0x08000f8c                USBWakeUp_IRQHandler
                0x08000f8c                DMA2_Channel3_IRQHandler
 *fill*         0x08000f8e        0x2 
 .text.function_loop
                0x08000f90       0x28 CMakeFiles/stm32_cmake_M3.dir/function/src/function.cpp.obj
                0x08000f90                function_loop
 .text.startup._GLOBAL__sub_I_spi_bus_64
                0x08000fb8       0x58 CMakeFiles/stm32_cmake_M3.dir/function/src/function.cpp.obj
 .text.function_init
                0x08001010       0x20 CMakeFiles/stm32_cmake_M3.dir/function/src/function.cpp.obj
                0x08001010                function_init
 .text._ZN7io_ctrlC2EP12GPIO_TypeDef10pin_enum_t
                0x08001030       0x18 CMakeFiles/stm32_cmake_M3.dir/interface/src/inter_io_ctrl.cpp.obj
                0x08001030                io_ctrl::io_ctrl(GPIO_TypeDef*, pin_enum_t)
                0x08001030                io_ctrl::io_ctrl(GPIO_TypeDef*, pin_enum_t)
 .text._ZN7io_ctrlD2Ev
                0x08001048       0x20 CMakeFiles/stm32_cmake_M3.dir/interface/src/inter_io_ctrl.cpp.obj
                0x08001048                io_ctrl::~io_ctrl()
                0x08001048                io_ctrl::~io_ctrl()
 .text._ZN7io_ctrl13_enable_clockEv
                0x08001068      0x10c CMakeFiles/stm32_cmake_M3.dir/interface/src/inter_io_ctrl.cpp.obj
                0x08001068                io_ctrl::_enable_clock()
 .text._ZN7io_ctrl4initE11mode_enum_t11pull_enum_t12speed_enum_t
                0x08001174       0x3c CMakeFiles/stm32_cmake_M3.dir/interface/src/inter_io_ctrl.cpp.obj
                0x08001174                io_ctrl::init(mode_enum_t, pull_enum_t, speed_enum_t)
 .text._ZN7io_ctrl6deinitEv
                0x080011b0       0x24 CMakeFiles/stm32_cmake_M3.dir/interface/src/inter_io_ctrl.cpp.obj
                0x080011b0                io_ctrl::deinit()
 .text._ZN7io_ctrl6set_afE11afio_enum_t
                0x080011d4      0x340 CMakeFiles/stm32_cmake_M3.dir/interface/src/inter_io_ctrl.cpp.obj
                0x080011d4                io_ctrl::set_af(afio_enum_t)
 .text._ZN7io_ctrl4highEv
                0x08001514        0x8 CMakeFiles/stm32_cmake_M3.dir/interface/src/inter_io_ctrl.cpp.obj
                0x08001514                io_ctrl::high()
 .text._ZN7io_ctrl3lowEv
                0x0800151c        0x8 CMakeFiles/stm32_cmake_M3.dir/interface/src/inter_io_ctrl.cpp.obj
                0x0800151c                io_ctrl::low()
 .text._ZN7io_ctrl3setEb
                0x08001524       0x10 CMakeFiles/stm32_cmake_M3.dir/interface/src/inter_io_ctrl.cpp.obj
                0x08001524                io_ctrl::set(bool)
 .text._ZN7io_ctrl5writeE8polarity
                0x08001534       0x10 CMakeFiles/stm32_cmake_M3.dir/interface/src/inter_io_ctrl.cpp.obj
                0x08001534                io_ctrl::write(polarity)
 .text._ZN7io_ctrl4readEv
                0x08001544       0x18 CMakeFiles/stm32_cmake_M3.dir/interface/src/inter_io_ctrl.cpp.obj
                0x08001544                io_ctrl::read()
 .text._ZN12soft_spi_busD2Ev
                0x0800155c       0x78 CMakeFiles/stm32_cmake_M3.dir/interface/src/inter_soft_spi.cpp.obj
                0x0800155c                soft_spi_bus::~soft_spi_bus()
                0x0800155c                soft_spi_bus::~soft_spi_bus()
 .text._ZN12soft_spi_busD0Ev
                0x080015d4       0x14 CMakeFiles/stm32_cmake_M3.dir/interface/src/inter_soft_spi.cpp.obj
                0x080015d4                soft_spi_bus::~soft_spi_bus()
 .text._ZN12soft_spi_bus9cs_selectEv
                0x080015e8       0x18 CMakeFiles/stm32_cmake_M3.dir/interface/src/inter_soft_spi.cpp.obj
                0x080015e8                soft_spi_bus::cs_select()
 .text._ZN12soft_spi_bus11cs_deselectEv
                0x08001600       0x20 CMakeFiles/stm32_cmake_M3.dir/interface/src/inter_soft_spi.cpp.obj
                0x08001600                soft_spi_bus::cs_deselect()
 .text._ZN12soft_spi_bus6deinitEv
                0x08001620       0x48 CMakeFiles/stm32_cmake_M3.dir/interface/src/inter_soft_spi.cpp.obj
                0x08001620                soft_spi_bus::deinit()
 .text._ZN12soft_spi_bus4initEv
                0x08001668       0xa4 CMakeFiles/stm32_cmake_M3.dir/interface/src/inter_soft_spi.cpp.obj
                0x08001668                soft_spi_bus::init()
 .text._ZN12soft_spi_busC2ERK13SoftSpiConfig
                0x0800170c       0x84 CMakeFiles/stm32_cmake_M3.dir/interface/src/inter_soft_spi.cpp.obj
                0x0800170c                soft_spi_bus::soft_spi_bus(SoftSpiConfig const&)
                0x0800170c                soft_spi_bus::soft_spi_bus(SoftSpiConfig const&)
 .text._ZN12soft_spi_bus19_transfer_byte_coreEh
                0x08001790       0xf0 CMakeFiles/stm32_cmake_M3.dir/interface/src/inter_soft_spi.cpp.obj
                0x08001790                soft_spi_bus::_transfer_byte_core(unsigned char)
 .text._ZN12soft_spi_bus13transfer_byteEh
                0x08001880        0x4 CMakeFiles/stm32_cmake_M3.dir/interface/src/inter_soft_spi.cpp.obj
                0x08001880                soft_spi_bus::transfer_byte(unsigned char)
 .text._ZN12soft_spi_bus8transferEPKhPht
                0x08001884       0x30 CMakeFiles/stm32_cmake_M3.dir/interface/src/inter_soft_spi.cpp.obj
                0x08001884                soft_spi_bus::transfer(unsigned char const*, unsigned char*, unsigned short)
 .text._ZNK14soft_uart_portILt256EE14is_initializedEv
                0x080018b4        0x8 CMakeFiles/stm32_cmake_M3.dir/interface/src/inter_soft_uart.cpp.obj
                0x080018b4                soft_uart_port<(unsigned short)256>::is_initialized() const
 .text._ZN14soft_uart_portILt256EE6bufferEv
                0x080018bc        0x8 CMakeFiles/stm32_cmake_M3.dir/interface/src/inter_soft_uart.cpp.obj
                0x080018bc                soft_uart_port<(unsigned short)256>::buffer()
 .text._ZNK14soft_uart_portILt256EE6periphEv
                0x080018c4        0x4 CMakeFiles/stm32_cmake_M3.dir/interface/src/inter_soft_uart.cpp.obj
                0x080018c4                soft_uart_port<(unsigned short)256>::periph() const
 .text._ZNK14soft_uart_portILt256EE15rx_buf_capacityEv
                0x080018c8        0x8 CMakeFiles/stm32_cmake_M3.dir/interface/src/inter_soft_uart.cpp.obj
                0x080018c8                soft_uart_port<(unsigned short)256>::rx_buf_capacity() const
 .text._ZN14soft_uart_portILt256EE4initEv
                0x080018d0       0x84 CMakeFiles/stm32_cmake_M3.dir/interface/src/inter_soft_uart.cpp.obj
                0x080018d0                soft_uart_port<(unsigned short)256>::init()
 .text._ZN14soft_uart_portILt256EED2Ev
                0x08001954       0x4c CMakeFiles/stm32_cmake_M3.dir/interface/src/inter_soft_uart.cpp.obj
                0x08001954                soft_uart_port<(unsigned short)256>::~soft_uart_port()
                0x08001954                soft_uart_port<(unsigned short)256>::~soft_uart_port()
 .text._ZN14soft_uart_portILt256EE6deinitEv
                0x080019a0       0x2c CMakeFiles/stm32_cmake_M3.dir/interface/src/inter_soft_uart.cpp.obj
                0x080019a0                soft_uart_port<(unsigned short)256>::deinit()
 .text._ZN14soft_uart_portILt256EED0Ev
                0x080019cc       0x54 CMakeFiles/stm32_cmake_M3.dir/interface/src/inter_soft_uart.cpp.obj
                0x080019cc                soft_uart_port<(unsigned short)256>::~soft_uart_port()
 .text._ZN14soft_uart_portILt256EEC2ERK14SoftUartConfig
                0x08001a20       0x48 CMakeFiles/stm32_cmake_M3.dir/interface/src/inter_soft_uart.cpp.obj
                0x08001a20                soft_uart_port<(unsigned short)256>::soft_uart_port(SoftUartConfig const&)
                0x08001a20                soft_uart_port<(unsigned short)256>::soft_uart_port(SoftUartConfig const&)
 .text._ZN14soft_uart_portILt256EE4putcEh
                0x08001a68       0x8c CMakeFiles/stm32_cmake_M3.dir/interface/src/inter_soft_uart.cpp.obj
                0x08001a68                soft_uart_port<(unsigned short)256>::putc(unsigned char)
 .text._ZN14soft_uart_portILt256EE9send_dataEPKht
                0x08001af4       0x30 CMakeFiles/stm32_cmake_M3.dir/interface/src/inter_soft_uart.cpp.obj
                0x08001af4                soft_uart_port<(unsigned short)256>::send_data(unsigned char const*, unsigned short)
 .text._ZN14soft_uart_portILt256EE12send_data_itEPKht
                0x08001b24       0x48 CMakeFiles/stm32_cmake_M3.dir/interface/src/inter_soft_uart.cpp.obj
                0x08001b24                soft_uart_port<(unsigned short)256>::send_data_it(unsigned char const*, unsigned short)
 .text._ZN12_GLOBAL__N_1L19_usart_clock_enableE12usart_enum_t
                0x08001b6c       0x8c CMakeFiles/stm32_cmake_M3.dir/interface/src/inter_usart.cpp.obj
 .text._ZNK10usart_portILt256EE14is_initializedEv
                0x08001bf8        0x8 CMakeFiles/stm32_cmake_M3.dir/interface/src/inter_usart.cpp.obj
                0x08001bf8                usart_port<(unsigned short)256>::is_initialized() const
 .text._ZN10usart_portILt256EE9send_dataEPKht
                0x08001c00       0x80 CMakeFiles/stm32_cmake_M3.dir/interface/src/inter_usart.cpp.obj
                0x08001c00                usart_port<(unsigned short)256>::send_data(unsigned char const*, unsigned short)
 .text._ZN10usart_portILt256EE6bufferEv
                0x08001c80        0x8 CMakeFiles/stm32_cmake_M3.dir/interface/src/inter_usart.cpp.obj
                0x08001c80                usart_port<(unsigned short)256>::buffer()
 .text._ZNK10usart_portILt256EE6periphEv
                0x08001c88       0x18 CMakeFiles/stm32_cmake_M3.dir/interface/src/inter_usart.cpp.obj
                0x08001c88                usart_port<(unsigned short)256>::periph() const
 .text._ZNK10usart_portILt256EE15rx_buf_capacityEv
                0x08001ca0        0x8 CMakeFiles/stm32_cmake_M3.dir/interface/src/inter_usart.cpp.obj
                0x08001ca0                usart_port<(unsigned short)256>::rx_buf_capacity() const
 .text._ZN10usart_portILt256EE4initEv
                0x08001ca8       0xf8 CMakeFiles/stm32_cmake_M3.dir/interface/src/inter_usart.cpp.obj
                0x08001ca8                usart_port<(unsigned short)256>::init()
 .text._ZN10usart_portILt256EE6deinitEv
                0x08001da0       0xe4 CMakeFiles/stm32_cmake_M3.dir/interface/src/inter_usart.cpp.obj
                0x08001da0                usart_port<(unsigned short)256>::deinit()
 .text._ZN10usart_portILt256EED2Ev
                0x08001e84       0x28 CMakeFiles/stm32_cmake_M3.dir/interface/src/inter_usart.cpp.obj
                0x08001e84                usart_port<(unsigned short)256>::~usart_port()
                0x08001e84                usart_port<(unsigned short)256>::~usart_port()
 .text._ZN10usart_portILt256EE12send_data_itEPKht
                0x08001eac       0x7c CMakeFiles/stm32_cmake_M3.dir/interface/src/inter_usart.cpp.obj
                0x08001eac                usart_port<(unsigned short)256>::send_data_it(unsigned char const*, unsigned short)
 .text._ZL9_uart_isrP15usart_port_base.part.0
                0x08001f28      0x108 CMakeFiles/stm32_cmake_M3.dir/interface/src/inter_usart.cpp.obj
 .text._ZN10usart_portILt256EED0Ev
                0x08002030       0x30 CMakeFiles/stm32_cmake_M3.dir/interface/src/inter_usart.cpp.obj
                0x08002030                usart_port<(unsigned short)256>::~usart_port()
 .text.USART1_IRQHandler
                0x08002060       0x44 CMakeFiles/stm32_cmake_M3.dir/interface/src/inter_usart.cpp.obj
                0x08002060                USART1_IRQHandler
 .text.USART2_IRQHandler
                0x080020a4       0x44 CMakeFiles/stm32_cmake_M3.dir/interface/src/inter_usart.cpp.obj
                0x080020a4                USART2_IRQHandler
 .text.USART3_IRQHandler
                0x080020e8       0x44 CMakeFiles/stm32_cmake_M3.dir/interface/src/inter_usart.cpp.obj
                0x080020e8                USART3_IRQHandler
 .text.UART4_IRQHandler
                0x0800212c       0x44 CMakeFiles/stm32_cmake_M3.dir/interface/src/inter_usart.cpp.obj
                0x0800212c                UART4_IRQHandler
 .text.UART5_IRQHandler
                0x08002170       0x44 CMakeFiles/stm32_cmake_M3.dir/interface/src/inter_usart.cpp.obj
                0x08002170                UART5_IRQHandler
 .text._ZN10usart_portILt256EEC2ERK15UsartPortConfig
                0x080021b4       0x58 CMakeFiles/stm32_cmake_M3.dir/interface/src/inter_usart.cpp.obj
                0x080021b4                usart_port<(unsigned short)256>::usart_port(UsartPortConfig const&)
                0x080021b4                usart_port<(unsigned short)256>::usart_port(UsartPortConfig const&)
 .text.startup._GLOBAL__sub_I_rs232_uart
                0x0800220c       0x9c CMakeFiles/stm32_cmake_M3.dir/device/src/device_serial.cpp.obj
 .text.soft_485_init
                0x080022a8       0x20 CMakeFiles/stm32_cmake_M3.dir/device/src/device_serial.cpp.obj
                0x080022a8                soft_485_init
 .text.soft_485_send
                0x080022c8       0x38 CMakeFiles/stm32_cmake_M3.dir/device/src/device_serial.cpp.obj
                0x080022c8                soft_485_send
 .text._ZN6w25qxxC2ER7spi_bus
                0x08002300        0x8 CMakeFiles/stm32_cmake_M3.dir/device/src/device_w25qxx.cpp.obj
                0x08002300                w25qxx::w25qxx(spi_bus&)
                0x08002300                w25qxx::w25qxx(spi_bus&)
 .text._ZN6w25qxx4initEv
                0x08002308        0x8 CMakeFiles/stm32_cmake_M3.dir/device/src/device_w25qxx.cpp.obj
                0x08002308                w25qxx::init()
 .text._ZN6w25qxx8jedec_idEv
                0x08002310       0x4c CMakeFiles/stm32_cmake_M3.dir/device/src/device_w25qxx.cpp.obj
                0x08002310                w25qxx::jedec_id()
 .text.__aeabi_atexit
                0x0800235c        0xa /usr/lib/gcc/arm-none-eabi/15.2.0/../../../../arm-none-eabi/lib/thumb/v7-m/nofp/libstdc++_nano.a(atexit_arm.o)
                0x0800235c                __aeabi_atexit
 .text._ZdlPvj  0x08002366        0x4 /usr/lib/gcc/arm-none-eabi/15.2.0/../../../../arm-none-eabi/lib/thumb/v7-m/nofp/libstdc++_nano.a(del_ops.o)
                0x08002366                operator delete(void*, unsigned int)
 .text._ZdlPv   0x0800236a        0x4 /usr/lib/gcc/arm-none-eabi/15.2.0/../../../../arm-none-eabi/lib/thumb/v7-m/nofp/libstdc++_nano.a(del_op.o)
                0x0800236a                operator delete(void*)
 *fill*         0x0800236e        0x2 
 .text.__assert_func
                0x08002370       0x3c /usr/lib/gcc/arm-none-eabi/15.2.0/../../../../arm-none-eabi/lib/thumb/v7-m/nofp/libg_nano.a(libc_a-assert.o)
                0x08002370                __assert_func
 .text.malloc   0x080023ac       0x10 /usr/lib/gcc/arm-none-eabi/15.2.0/../../../../arm-none-eabi/lib/thumb/v7-m/nofp/libg_nano.a(libc_a-malloc.o)
                0x080023ac                malloc
 .text.free     0x080023bc       0x10 /usr/lib/gcc/arm-none-eabi/15.2.0/../../../../arm-none-eabi/lib/thumb/v7-m/nofp/libg_nano.a(libc_a-malloc.o)
                0x080023bc                free
 .text.sbrk_aligned
                0x080023cc       0x44 /usr/lib/gcc/arm-none-eabi/15.2.0/../../../../arm-none-eabi/lib/thumb/v7-m/nofp/libg_nano.a(libc_a-mallocr.o)
 .text._malloc_r
                0x08002410       0xf8 /usr/lib/gcc/arm-none-eabi/15.2.0/../../../../arm-none-eabi/lib/thumb/v7-m/nofp/libg_nano.a(libc_a-mallocr.o)
                0x08002410                _malloc_r
 .text.__malloc_lock
                0x08002508        0xc /usr/lib/gcc/arm-none-eabi/15.2.0/../../../../arm-none-eabi/lib/thumb/v7-m/nofp/libg_nano.a(libc_a-mlock.o)
                0x08002508                __malloc_lock
 .text.__malloc_unlock
                0x08002514        0xc /usr/lib/gcc/arm-none-eabi/15.2.0/../../../../arm-none-eabi/lib/thumb/v7-m/nofp/libg_nano.a(libc_a-mlock.o)
                0x08002514                __malloc_unlock
 .text.__cxa_atexit
                0x08002520       0x1c /usr/lib/gcc/arm-none-eabi/15.2.0/../../../../arm-none-eabi/lib/thumb/v7-m/nofp/libg_nano.a(libc_a-cxa_atexit.o)
                0x08002520                __cxa_atexit
 .text.std      0x0800253c       0x6c /usr/lib/gcc/arm-none-eabi/15.2.0/../../../../arm-none-eabi/lib/thumb/v7-m/nofp/libg_nano.a(libc_a-findfp.o)
 .text.stdio_exit_handler
                0x080025a8       0x18 /usr/lib/gcc/arm-none-eabi/15.2.0/../../../../arm-none-eabi/lib/thumb/v7-m/nofp/libg_nano.a(libc_a-findfp.o)
 .text.cleanup_stdio
                0x080025c0       0x40 /usr/lib/gcc/arm-none-eabi/15.2.0/../../../../arm-none-eabi/lib/thumb/v7-m/nofp/libg_nano.a(libc_a-findfp.o)
 .text.global_stdio_init.part.0
                0x08002600       0x40 /usr/lib/gcc/arm-none-eabi/15.2.0/../../../../arm-none-eabi/lib/thumb/v7-m/nofp/libg_nano.a(libc_a-findfp.o)
 .text.__sfp_lock_acquire
                0x08002640        0xc /usr/lib/gcc/arm-none-eabi/15.2.0/../../../../arm-none-eabi/lib/thumb/v7-m/nofp/libg_nano.a(libc_a-findfp.o)
                0x08002640                __sfp_lock_acquire
 .text.__sfp_lock_release
                0x0800264c        0xc /usr/lib/gcc/arm-none-eabi/15.2.0/../../../../arm-none-eabi/lib/thumb/v7-m/nofp/libg_nano.a(libc_a-findfp.o)
                0x0800264c                __sfp_lock_release
 .text.__sinit  0x08002658       0x30 /usr/lib/gcc/arm-none-eabi/15.2.0/../../../../arm-none-eabi/lib/thumb/v7-m/nofp/libg_nano.a(libc_a-findfp.o)
                0x08002658                __sinit
 .text.fprintf  0x08002688       0x24 /usr/lib/gcc/arm-none-eabi/15.2.0/../../../../arm-none-eabi/lib/thumb/v7-m/nofp/libg_nano.a(libc_a-fprintf.o)
                0x08002688                fprintf
                0x08002688                fiprintf
 .text._fwalk_sglue
                0x080026ac       0x3a /usr/lib/gcc/arm-none-eabi/15.2.0/../../../../arm-none-eabi/lib/thumb/v7-m/nofp/libg_nano.a(libc_a-fwalk.o)
                0x080026ac                _fwalk_sglue
 .text.__sread  0x080026e6       0x22 /usr/lib/gcc/arm-none-eabi/15.2.0/../../../../arm-none-eabi/lib/thumb/v7-m/nofp/libg_nano.a(libc_a-stdio.o)
                0x080026e6                __sread
 .text.__swrite
                0x08002708       0x38 /usr/lib/gcc/arm-none-eabi/15.2.0/../../../../arm-none-eabi/lib/thumb/v7-m/nofp/libg_nano.a(libc_a-stdio.o)
                0x08002708                __swrite
 .text.__sseek  0x08002740       0x26 /usr/lib/gcc/arm-none-eabi/15.2.0/../../../../arm-none-eabi/lib/thumb/v7-m/nofp/libg_nano.a(libc_a-stdio.o)
                0x08002740                __sseek
 .text.__sclose
                0x08002766        0x8 /usr/lib/gcc/arm-none-eabi/15.2.0/../../../../arm-none-eabi/lib/thumb/v7-m/nofp/libg_nano.a(libc_a-stdio.o)
                0x08002766                __sclose
 .text.memset   0x0800276e       0x10 /usr/lib/gcc/arm-none-eabi/15.2.0/../../../../arm-none-eabi/lib/thumb/v7-m/nofp/libg_nano.a(libc_a-memset.o)
                0x0800276e                memset
 *fill*         0x0800277e        0x2 
 .text._close_r
                0x08002780       0x20 /usr/lib/gcc/arm-none-eabi/15.2.0/../../../../arm-none-eabi/lib/thumb/v7-m/nofp/libg_nano.a(libc_a-closer.o)
                0x08002780                _close_r
 .text._lseek_r
                0x080027a0       0x24 /usr/lib/gcc/arm-none-eabi/15.2.0/../../../../arm-none-eabi/lib/thumb/v7-m/nofp/libg_nano.a(libc_a-lseekr.o)
                0x080027a0                _lseek_r
 .text._read_r  0x080027c4       0x24 /usr/lib/gcc/arm-none-eabi/15.2.0/../../../../arm-none-eabi/lib/thumb/v7-m/nofp/libg_nano.a(libc_a-readr.o)
                0x080027c4                _read_r
 .text._sbrk_r  0x080027e8       0x20 /usr/lib/gcc/arm-none-eabi/15.2.0/../../../../arm-none-eabi/lib/thumb/v7-m/nofp/libg_nano.a(libc_a-sbrkr.o)
                0x080027e8                _sbrk_r
 .text._write_r
                0x08002808       0x24 /usr/lib/gcc/arm-none-eabi/15.2.0/../../../../arm-none-eabi/lib/thumb/v7-m/nofp/libg_nano.a(libc_a-writer.o)
                0x08002808                _write_r
 .text.__errno  0x0800282c        0xc /usr/lib/gcc/arm-none-eabi/15.2.0/../../../../arm-none-eabi/lib/thumb/v7-m/nofp/libg_nano.a(libc_a-errno.o)
                0x0800282c                __errno
 .text.__libc_init_array
                0x08002838       0x48 /usr/lib/gcc/arm-none-eabi/15.2.0/../../../../arm-none-eabi/lib/thumb/v7-m/nofp/libg_nano.a(libc_a-init.o)
                0x08002838                __libc_init_array
 .text.__retarget_lock_init_recursive
                0x08002880        0x2 /usr/lib/gcc/arm-none-eabi/15.2.0/../../../../arm-none-eabi/lib/thumb/v7-m/nofp/libg_nano.a(libc_a-lock.o)
                0x08002880                __retarget_lock_init_recursive
 .text.__retarget_lock_acquire_recursive
                0x08002882        0x2 /usr/lib/gcc/arm-none-eabi/15.2.0/../../../../arm-none-eabi/lib/thumb/v7-m/nofp/libg_nano.a(libc_a-lock.o)
                0x08002882                __retarget_lock_acquire_recursive
 .text.__retarget_lock_release_recursive
                0x08002884        0x2 /usr/lib/gcc/arm-none-eabi/15.2.0/../../../../arm-none-eabi/lib/thumb/v7-m/nofp/libg_nano.a(libc_a-lock.o)
                0x08002884                __retarget_lock_release_recursive
 .text.memcpy   0x08002886       0x1c /usr/lib/gcc/arm-none-eabi/15.2.0/../../../../arm-none-eabi/lib/thumb/v7-m/nofp/libg_nano.a(libc_a-memcpy-stub.o)
                0x08002886                memcpy
 *fill*         0x080028a2        0x2 
 .text.__register_exitproc
                0x080028a4       0xb8 /usr/lib/gcc/arm-none-eabi/15.2.0/../../../../arm-none-eabi/lib/thumb/v7-m/nofp/libg_nano.a(libc_a-__atexit.o)
                0x080028a4                __register_exitproc
 .text.abort    0x0800295c        0xe /usr/lib/gcc/arm-none-eabi/15.2.0/../../../../arm-none-eabi/lib/thumb/v7-m/nofp/libg_nano.a(libc_a-abort.o)
                0x0800295c                abort
 *fill*         0x0800296a        0x2 
 .text._free_r  0x0800296c       0x94 /usr/lib/gcc/arm-none-eabi/15.2.0/../../../../arm-none-eabi/lib/thumb/v7-m/nofp/libg_nano.a(libc_a-freer.o)
                0x0800296c                _free_r
 .text.__sfputc_r
                0x08002a00       0x2a /usr/lib/gcc/arm-none-eabi/15.2.0/../../../../arm-none-eabi/lib/thumb/v7-m/nofp/libg_nano.a(libc_a-nano-vfprintf.o)
 .text.__sfputs_r
                0x08002a2a       0x24 /usr/lib/gcc/arm-none-eabi/15.2.0/../../../../arm-none-eabi/lib/thumb/v7-m/nofp/libg_nano.a(libc_a-nano-vfprintf.o)
                0x08002a2a                __sfputs_r
 *fill*         0x08002a4e        0x2 
 .text._vfprintf_r
                0x08002a50      0x21c /usr/lib/gcc/arm-none-eabi/15.2.0/../../../../arm-none-eabi/lib/thumb/v7-m/nofp/libg_nano.a(libc_a-nano-vfprintf.o)
                0x08002a50                _vfiprintf_r
                0x08002a50                _vfprintf_r
 .text._printf_common
                0x08002c6c       0xea /usr/lib/gcc/arm-none-eabi/15.2.0/../../../../arm-none-eabi/lib/thumb/v7-m/nofp/libg_nano.a(libc_a-nano-vfprintf_i.o)
                0x08002c6c                _printf_common
 *fill*         0x08002d56        0x2 
 .text._printf_i
                0x08002d58      0x254 /usr/lib/gcc/arm-none-eabi/15.2.0/../../../../arm-none-eabi/lib/thumb/v7-m/nofp/libg_nano.a(libc_a-nano-vfprintf_i.o)
                0x08002d58                _printf_i
 .text.__sflush_r
                0x08002fac       0xf8 /usr/lib/gcc/arm-none-eabi/15.2.0/../../../../arm-none-eabi/lib/thumb/v7-m/nofp/libg_nano.a(libc_a-fflush.o)
                0x08002fac                __sflush_r
 .text._fflush_r
                0x080030a4       0x50 /usr/lib/gcc/arm-none-eabi/15.2.0/../../../../arm-none-eabi/lib/thumb/v7-m/nofp/libg_nano.a(libc_a-fflush.o)
                0x080030a4                _fflush_r
 .text.__swbuf_r
                0x080030f4       0x7a /usr/lib/gcc/arm-none-eabi/15.2.0/../../../../arm-none-eabi/lib/thumb/v7-m/nofp/libg_nano.a(libc_a-wbuf.o)
                0x080030f4                __swbuf_r
 *fill*         0x0800316e        0x2 
 .text.__swsetup_r
                0x08003170       0xa8 /usr/lib/gcc/arm-none-eabi/15.2.0/../../../../arm-none-eabi/lib/thumb/v7-m/nofp/libg_nano.a(libc_a-wsetup.o)
                0x08003170                __swsetup_r
 .text._raise_r
                0x08003218       0x50 /usr/lib/gcc/arm-none-eabi/15.2.0/../../../../arm-none-eabi/lib/thumb/v7-m/nofp/libg_nano.a(libc_a-signal.o)
                0x08003218                _raise_r
 .text.raise    0x08003268       0x10 /usr/lib/gcc/arm-none-eabi/15.2.0/../../../../arm-none-eabi/lib/thumb/v7-m/nofp/libg_nano.a(libc_a-signal.o)
                0x08003268                raise
 .text._kill_r  0x08003278       0x24 /usr/lib/gcc/arm-none-eabi/15.2.0/../../../../arm-none-eabi/lib/thumb/v7-m/nofp/libg_nano.a(libc_a-signalr.o)
                0x08003278                _kill_r
 .text._getpid_r
                0x0800329c        0x4 /usr/lib/gcc/arm-none-eabi/15.2.0/../../../../arm-none-eabi/lib/thumb/v7-m/nofp/libg_nano.a(libc_a-signalr.o)
                0x0800329c                _getpid_r
 .text.memchr   0x080032a0       0x1c /usr/lib/gcc/arm-none-eabi/15.2.0/../../../../arm-none-eabi/lib/thumb/v7-m/nofp/libg_nano.a(libc_a-memchr-stub.o)
                0x080032a0                memchr
 .text.__swhatbuf_r
                0x080032bc       0x48 /usr/lib/gcc/arm-none-eabi/15.2.0/../../../../arm-none-eabi/lib/thumb/v7-m/nofp/libg_nano.a(libc_a-makebuf.o)
                0x080032bc                __swhatbuf_r
 .text.__smakebuf_r
                0x08003304       0x72 /usr/lib/gcc/arm-none-eabi/15.2.0/../../../../arm-none-eabi/lib/thumb/v7-m/nofp/libg_nano.a(libc_a-makebuf.o)
                0x08003304                __smakebuf_r
 *fill*         0x08003376        0x2 
 .text._fstat_r
                0x08003378       0x24 /usr/lib/gcc/arm-none-eabi/15.2.0/../../../../arm-none-eabi/lib/thumb/v7-m/nofp/libg_nano.a(libc_a-fstatr.o)
                0x08003378                _fstat_r
 .text._isatty_r
                0x0800339c       0x20 /usr/lib/gcc/arm-none-eabi/15.2.0/../../../../arm-none-eabi/lib/thumb/v7-m/nofp/libg_nano.a(libc_a-isattyr.o)
                0x0800339c                _isatty_r
 *(.glue_7)
 .glue_7        0x080033bc        0x0 linker stubs
 *(.glue_7t)
 .glue_7t       0x080033bc        0x0 linker stubs
 *(.eh_frame)
 .eh_frame      0x080033bc        0x0 /usr/lib/gcc/arm-none-eabi/15.2.0/thumb/v7-m/nofp/crtbegin.o
 *(.init)
 .init          0x080033bc        0x4 /usr/lib/gcc/arm-none-eabi/15.2.0/thumb/v7-m/nofp/crti.o
                0x080033bc                _init
 .init          0x080033c0        0x8 /usr/lib/gcc/arm-none-eabi/15.2.0/thumb/v7-m/nofp/crtn.o
 *(.fini)
 .fini          0x080033c8        0x4 /usr/lib/gcc/arm-none-eabi/15.2.0/thumb/v7-m/nofp/crti.o
                0x080033c8                _fini
 .fini          0x080033cc        0x8 /usr/lib/gcc/arm-none-eabi/15.2.0/thumb/v7-m/nofp/crtn.o
                0x080033d4                        . = ALIGN (0x4)
                0x080033d4                        _etext = .

.vfp11_veneer   0x080033d4        0x0
 .vfp11_veneer  0x080033d4        0x0 linker stubs

.v4_bx          0x080033d4        0x0
 .v4_bx         0x080033d4        0x0 linker stubs

.iplt           0x080033d4        0x0
 .iplt          0x080033d4        0x0 /usr/lib/gcc/arm-none-eabi/15.2.0/thumb/v7-m/nofp/crtbegin.o

.rodata         0x080033d4      0x1f4
                0x080033d4                        . = ALIGN (0x4)
 *(.rodata)
 .rodata        0x080033d4       0x24 CMakeFiles/stm32_cmake_M3.dir/function/src/function.cpp.obj
 .rodata        0x080033f8       0x30 CMakeFiles/stm32_cmake_M3.dir/device/src/device_serial.cpp.obj
 *(.rodata*)
 .rodata.APBPrescTable
                0x08003428        0x8 cmake/stm32cubemx/CMakeFiles/STM32_Drivers.dir/__/__/Core/Src/system_stm32f1xx.c.obj
                0x08003428                APBPrescTable
 .rodata.AHBPrescTable
                0x08003430       0x10 cmake/stm32cubemx/CMakeFiles/STM32_Drivers.dir/__/__/Core/Src/system_stm32f1xx.c.obj
                0x08003430                AHBPrescTable
 .rodata.aPredivFactorTable.0
                0x08003440        0x2 cmake/stm32cubemx/CMakeFiles/STM32_Drivers.dir/__/__/Drivers/STM32F1xx_HAL_Driver/Src/stm32f1xx_hal_rcc.c.obj
 *fill*         0x08003442        0x2 
 .rodata.aPLLMULFactorTable.1
                0x08003444       0x10 cmake/stm32cubemx/CMakeFiles/STM32_Drivers.dir/__/__/Drivers/STM32F1xx_HAL_Driver/Src/stm32f1xx_hal_rcc.c.obj
 .rodata._ZN7io_ctrl13_enable_clockEv.str1.4
                0x08003454       0x71 CMakeFiles/stm32_cmake_M3.dir/interface/src/inter_io_ctrl.cpp.obj
 *fill*         0x080034c5        0x3 
 .rodata._ZTV12soft_spi_bus
                0x080034c8       0x28 CMakeFiles/stm32_cmake_M3.dir/interface/src/inter_soft_spi.cpp.obj
                0x080034c8                vtable for soft_spi_bus
 .rodata._ZTV14soft_uart_portILt256EE
                0x080034f0       0x30 CMakeFiles/stm32_cmake_M3.dir/interface/src/inter_soft_uart.cpp.obj
                0x080034f0                vtable for soft_uart_port<(unsigned short)256>
 .rodata.CSWTCH.22
                0x08003520        0x4 CMakeFiles/stm32_cmake_M3.dir/interface/src/inter_usart.cpp.obj
 .rodata._ZTV10usart_portILt256EE
                0x08003524       0x30 CMakeFiles/stm32_cmake_M3.dir/interface/src/inter_usart.cpp.obj
                0x08003524                vtable for usart_port<(unsigned short)256>
 .rodata.__assert_func.str1.1
                0x08003554       0x6f /usr/lib/gcc/arm-none-eabi/15.2.0/../../../../arm-none-eabi/lib/thumb/v7-m/nofp/libg_nano.a(libc_a-assert.o)
                                 0x3d (size before relaxing)
 *fill*         0x080035c3        0x1 
 .rodata.__on_exit_args
                0x080035c4        0x4 /usr/lib/gcc/arm-none-eabi/15.2.0/../../../../arm-none-eabi/lib/thumb/v7-m/nofp/libg_nano.a(libc_a-on_exit_args.o)
                0x080035c4                __on_exit_args
 .rodata._vfprintf_r.str1.1
                0x080035c8        0x0 /usr/lib/gcc/arm-none-eabi/15.2.0/../../../../arm-none-eabi/lib/thumb/v7-m/nofp/libg_nano.a(libc_a-nano-vfprintf.o)
                                 0x11 (size before relaxing)
 .rodata._printf_i.str1.1
                0x080035c8        0x0 /usr/lib/gcc/arm-none-eabi/15.2.0/../../../../arm-none-eabi/lib/thumb/v7-m/nofp/libg_nano.a(libc_a-nano-vfprintf_i.o)
                                 0x22 (size before relaxing)
                0x080035c8                        . = ALIGN (0x4)

.ARM.extab      0x080035c8        0x0
                0x080035c8                        . = ALIGN (0x4)
 *(.ARM.extab* .gnu.linkonce.armextab.*)
                0x080035c8                        . = ALIGN (0x4)

.ARM            0x080035c8        0x0
                0x080035c8                        . = ALIGN (0x4)
                0x080035c8                        __exidx_start = .
 *(.ARM.exidx*)
                0x080035c8                        __exidx_end = .
                0x080035c8                        . = ALIGN (0x4)

.preinit_array  0x080035c8        0x0
                0x080035c8                        . = ALIGN (0x4)
                0x080035c8                        PROVIDE (__preinit_array_start = .)
 *(.preinit_array*)
                0x080035c8                        PROVIDE (__preinit_array_end = .)
                0x080035c8                        . = ALIGN (0x4)

.init_array     0x080035c8        0xc
                0x080035c8                        . = ALIGN (0x4)
                0x080035c8                        PROVIDE (__init_array_start = .)
 *(SORT_BY_NAME(.init_array.*))
 *(.init_array*)
 .init_array    0x080035c8        0x4 /usr/lib/gcc/arm-none-eabi/15.2.0/thumb/v7-m/nofp/crtbegin.o
 .init_array    0x080035cc        0x4 CMakeFiles/stm32_cmake_M3.dir/function/src/function.cpp.obj
 .init_array    0x080035d0        0x4 CMakeFiles/stm32_cmake_M3.dir/device/src/device_serial.cpp.obj
                0x080035d4                        PROVIDE (__init_array_end = .)
                0x080035d4                        . = ALIGN (0x4)

.fini_array     0x080035d4        0x4
                0x080035d4                        . = ALIGN (0x4)
                0x080035d4                        PROVIDE (__fini_array_start = .)
 *(SORT_BY_NAME(.fini_array.*))
 *(.fini_array*)
 .fini_array    0x080035d4        0x4 /usr/lib/gcc/arm-none-eabi/15.2.0/thumb/v7-m/nofp/crtbegin.o
                0x080035d8                        PROVIDE (__fini_array_end = .)
                0x080035d8                        . = ALIGN (0x4)
                0x080035d8                        _sidata = LOADADDR (.data)

.rel.dyn        0x080035d8        0x0
 .rel.iplt      0x080035d8        0x0 /usr/lib/gcc/arm-none-eabi/15.2.0/thumb/v7-m/nofp/crtbegin.o

.data           0x20000000       0x70 load address 0x080035d8
                0x20000000                        . = ALIGN (0x4)
                0x20000000                        _sdata = .
 *(.data)
 .data          0x20000000        0x4 /usr/lib/gcc/arm-none-eabi/15.2.0/thumb/v7-m/nofp/crtbegin.o
                0x20000000                __dso_handle
 *(.data*)
 .data.SystemCoreClock
                0x20000004        0x4 cmake/stm32cubemx/CMakeFiles/STM32_Drivers.dir/__/__/Core/Src/system_stm32f1xx.c.obj
                0x20000004                SystemCoreClock
 .data.uwTickFreq
                0x20000008        0x1 cmake/stm32cubemx/CMakeFiles/STM32_Drivers.dir/__/__/Drivers/STM32F1xx_HAL_Driver/Src/stm32f1xx_hal.c.obj
                0x20000008                uwTickFreq
 *fill*         0x20000009        0x3 
 .data.uwTickPrio
                0x2000000c        0x4 cmake/stm32cubemx/CMakeFiles/STM32_Drivers.dir/__/__/Drivers/STM32F1xx_HAL_Driver/Src/stm32f1xx_hal.c.obj
                0x2000000c                uwTickPrio
 .data.__sglue  0x20000010        0xc /usr/lib/gcc/arm-none-eabi/15.2.0/../../../../arm-none-eabi/lib/thumb/v7-m/nofp/libg_nano.a(libc_a-findfp.o)
                0x20000010                __sglue
 .data._impure_ptr
                0x2000001c        0x4 /usr/lib/gcc/arm-none-eabi/15.2.0/../../../../arm-none-eabi/lib/thumb/v7-m/nofp/libg_nano.a(libc_a-impure.o)
                0x2000001c                _impure_ptr
 .data._impure_data
                0x20000020       0x4c /usr/lib/gcc/arm-none-eabi/15.2.0/../../../../arm-none-eabi/lib/thumb/v7-m/nofp/libg_nano.a(libc_a-impure.o)
                0x20000020                _impure_data
 .data.__atexit_recursive_mutex
                0x2000006c        0x4 /usr/lib/gcc/arm-none-eabi/15.2.0/../../../../arm-none-eabi/lib/thumb/v7-m/nofp/libg_nano.a(libc_a-__call_atexit.o)
                0x2000006c                __atexit_recursive_mutex
 *(.RamFunc)
 *(.RamFunc*)
                0x20000070                        . = ALIGN (0x4)

.tm_clone_table
                0x20000070        0x0 load address 0x08003648
 .tm_clone_table
                0x20000070        0x0 /usr/lib/gcc/arm-none-eabi/15.2.0/thumb/v7-m/nofp/crtbegin.o
 .tm_clone_table
                0x20000070        0x0 /usr/lib/gcc/arm-none-eabi/15.2.0/thumb/v7-m/nofp/crtend.o

.igot.plt       0x20000070        0x0 load address 0x08003648
 .igot.plt      0x20000070        0x0 /usr/lib/gcc/arm-none-eabi/15.2.0/thumb/v7-m/nofp/crtbegin.o

.tdata          0x20000070        0x0 load address 0x08003648
 *(.tdata .tdata.* .gnu.linkonce.td.*)
                0x20000070                        . = ALIGN (0x4)
                0x20000070                        _edata = .
                [!provide]                        PROVIDE (__data_end = .)
                [!provide]                        PROVIDE (__tdata_end = .)
                [!provide]                        PROVIDE (__tdata_start = ADDR (.tdata))
                [!provide]                        PROVIDE (__tdata_size = (__tdata_end - __tdata_start))
                [!provide]                        PROVIDE (__data_start = ADDR (.data))
                [!provide]                        PROVIDE (__data_size = (__data_end - __data_start))
                [!provide]                        PROVIDE (__tdata_source = LOADADDR (.tdata))
                [!provide]                        PROVIDE (__tdata_source_end = (LOADADDR (.tdata) + SIZEOF (.tdata)))
                [!provide]                        PROVIDE (__tdata_source_size = (__tdata_source_end - __tdata_source))
                [!provide]                        PROVIDE (__data_source = LOADADDR (.data))
                [!provide]                        PROVIDE (__data_source_end = __tdata_source_end)
                [!provide]                        PROVIDE (__data_source_size = (__data_source_end - __data_source))

.tbss           0x20000070        0x0 load address 0x08003648
                0x20000070                        _sbss = .
                0x20000070                        __bss_start__ = _sbss
 *(.tbss .tbss.*)
                0x20000070                        . = ALIGN (0x4)
                [!provide]                        PROVIDE (__tbss_end = .)
                [!provide]                        PROVIDE (__tbss_start = ADDR (.tbss))
                [!provide]                        PROVIDE (__tbss_size = (__tbss_end - __tbss_start))
                [!provide]                        PROVIDE (__tbss_offset = (ADDR (.tbss) - ADDR (.tdata)))
                [!provide]                        PROVIDE (__tls_base = __tdata_start)
                [!provide]                        PROVIDE (__tls_end = __tbss_end)
                [!provide]                        PROVIDE (__tls_size = (__tls_end - __tls_base))
                [!provide]                        PROVIDE (__tls_align = MAX (ALIGNOF (.tdata), ALIGNOF (.tbss)))
                [!provide]                        PROVIDE (__tls_size_align = (((__tls_size + __tls_align) - 0x1) & ~ ((__tls_align - 0x1))))
                [!provide]                        PROVIDE (__arm32_tls_tcb_offset = MAX (0x8, __tls_align))
                [!provide]                        PROVIDE (__arm64_tls_tcb_offset = MAX (0x10, __tls_align))

.bss            0x20000070      0x770 load address 0x08003648
 *(.bss)
 .bss           0x20000070       0x1c /usr/lib/gcc/arm-none-eabi/15.2.0/thumb/v7-m/nofp/crtbegin.o
 *(.bss*)
 .bss.uwTick    0x2000008c        0x4 cmake/stm32cubemx/CMakeFiles/STM32_Drivers.dir/__/__/Drivers/STM32F1xx_HAL_Driver/Src/stm32f1xx_hal.c.obj
                0x2000008c                uwTick
 .bss.__sbrk_heap_end
                0x20000090        0x4 CMakeFiles/stm32_cmake_M3.dir/Core/Src/sysmem.c.obj
 .bss.flash64   0x20000094        0x8 CMakeFiles/stm32_cmake_M3.dir/function/src/function.cpp.obj
                0x20000094                flash64
 .bss.spi_bus_64
                0x2000009c       0x70 CMakeFiles/stm32_cmake_M3.dir/function/src/function.cpp.obj
                0x2000009c                spi_bus_64
 .bss._ZN12_GLOBAL__N_1L10g_port_mapE
                0x2000010c       0x14 CMakeFiles/stm32_cmake_M3.dir/interface/src/inter_usart.cpp.obj
 .bss.en_485    0x20000120       0x18 CMakeFiles/stm32_cmake_M3.dir/device/src/device_serial.cpp.obj
                0x20000120                en_485
 .bss.soft_rs485
                0x20000138      0x15c CMakeFiles/stm32_cmake_M3.dir/device/src/device_serial.cpp.obj
                0x20000138                soft_rs485
 .bss.rs232_uart
                0x20000294      0x268 CMakeFiles/stm32_cmake_M3.dir/device/src/device_serial.cpp.obj
                0x20000294                rs232_uart
 .bss.__malloc_sbrk_start
                0x200004fc        0x4 /usr/lib/gcc/arm-none-eabi/15.2.0/../../../../arm-none-eabi/lib/thumb/v7-m/nofp/libg_nano.a(libc_a-mallocr.o)
                0x200004fc                __malloc_sbrk_start
 .bss.__malloc_free_list
                0x20000500        0x4 /usr/lib/gcc/arm-none-eabi/15.2.0/../../../../arm-none-eabi/lib/thumb/v7-m/nofp/libg_nano.a(libc_a-mallocr.o)
                0x20000500                __malloc_free_list
 .bss.__sf      0x20000504      0x138 /usr/lib/gcc/arm-none-eabi/15.2.0/../../../../arm-none-eabi/lib/thumb/v7-m/nofp/libg_nano.a(libc_a-findfp.o)
                0x20000504                __sf
 .bss.__stdio_exit_handler
                0x2000063c        0x4 /usr/lib/gcc/arm-none-eabi/15.2.0/../../../../arm-none-eabi/lib/thumb/v7-m/nofp/libg_nano.a(libc_a-findfp.o)
                0x2000063c                __stdio_exit_handler
 .bss.errno     0x20000640        0x4 /usr/lib/gcc/arm-none-eabi/15.2.0/../../../../arm-none-eabi/lib/thumb/v7-m/nofp/libg_nano.a(libc_a-reent.o)
                0x20000640                errno
 .bss.__lock___malloc_recursive_mutex
                0x20000644        0x1 /usr/lib/gcc/arm-none-eabi/15.2.0/../../../../arm-none-eabi/lib/thumb/v7-m/nofp/libg_nano.a(libc_a-lock.o)
                0x20000644                __lock___malloc_recursive_mutex
 .bss.__lock___atexit_recursive_mutex
                0x20000645        0x1 /usr/lib/gcc/arm-none-eabi/15.2.0/../../../../arm-none-eabi/lib/thumb/v7-m/nofp/libg_nano.a(libc_a-lock.o)
                0x20000645                __lock___atexit_recursive_mutex
 .bss.__lock___sfp_recursive_mutex
                0x20000646        0x1 /usr/lib/gcc/arm-none-eabi/15.2.0/../../../../arm-none-eabi/lib/thumb/v7-m/nofp/libg_nano.a(libc_a-lock.o)
                0x20000646                __lock___sfp_recursive_mutex
 *fill*         0x20000647        0x1 
 .bss.__atexit0
                0x20000648       0x8c /usr/lib/gcc/arm-none-eabi/15.2.0/../../../../arm-none-eabi/lib/thumb/v7-m/nofp/libg_nano.a(libc_a-__atexit.o)
                0x20000648                __atexit0
 .bss.__atexit  0x200006d4        0x4 /usr/lib/gcc/arm-none-eabi/15.2.0/../../../../arm-none-eabi/lib/thumb/v7-m/nofp/libg_nano.a(libc_a-__call_atexit.o)
                0x200006d4                __atexit
 .bss._on_exit_args_instance
                0x200006d8      0x108 /usr/lib/gcc/arm-none-eabi/15.2.0/../../../../arm-none-eabi/lib/thumb/v7-m/nofp/libg_nano.a(libc_a-on_exit_args.o)
 *(COMMON)
                0x200007e0                        . = ALIGN (0x4)
                0x200007e0                        _ebss = .
                0x200007e0                        __bss_end__ = _ebss
                [!provide]                        PROVIDE (__bss_end = .)
                [!provide]                        PROVIDE (__non_tls_bss_start = ADDR (.bss))
                [!provide]                        PROVIDE (__bss_start = __tbss_start)
                [!provide]                        PROVIDE (__bss_size = (__bss_end - __bss_start))

._user_heap_stack
                0x200007e0      0x600 load address 0x08003648
                0x200007e0                        . = ALIGN (0x8)
                [!provide]                        PROVIDE (end = .)
                0x200007e0                        PROVIDE (_end = .)
                0x200009e0                        . = (. + _Min_Heap_Size)
 *fill*         0x200007e0      0x200 
                0x20000de0                        . = (. + _Min_Stack_Size)
 *fill*         0x200009e0      0x400 
                0x20000de0                        . = ALIGN (0x8)

/DISCARD/
 libc.a:*(*)
 libm.a:*(*)
 libgcc.a:*(*)
OUTPUT(stm32_cmake_M3.elf elf32-littlearm)
LOAD linker stubs

.ARM.attributes
                0x00000000       0x29
 .ARM.attributes
                0x00000000       0x1d /usr/lib/gcc/arm-none-eabi/15.2.0/thumb/v7-m/nofp/crti.o
 .ARM.attributes
                0x0000001d       0x2d /usr/lib/gcc/arm-none-eabi/15.2.0/thumb/v7-m/nofp/crtbegin.o
 .ARM.attributes
                0x0000004a       0x2d cmake/stm32cubemx/CMakeFiles/STM32_Drivers.dir/__/__/Core/Src/system_stm32f1xx.c.obj
 .ARM.attributes
                0x00000077       0x2d cmake/stm32cubemx/CMakeFiles/STM32_Drivers.dir/__/__/Drivers/STM32F1xx_HAL_Driver/Src/stm32f1xx_hal.c.obj
 .ARM.attributes
                0x000000a4       0x2d cmake/stm32cubemx/CMakeFiles/STM32_Drivers.dir/__/__/Drivers/STM32F1xx_HAL_Driver/Src/stm32f1xx_hal_rcc.c.obj
 .ARM.attributes
                0x000000d1       0x2d cmake/stm32cubemx/CMakeFiles/STM32_Drivers.dir/__/__/Drivers/STM32F1xx_HAL_Driver/Src/stm32f1xx_hal_gpio.c.obj
 .ARM.attributes
                0x000000fe       0x2d cmake/stm32cubemx/CMakeFiles/STM32_Drivers.dir/__/__/Drivers/STM32F1xx_HAL_Driver/Src/stm32f1xx_hal_cortex.c.obj
 .ARM.attributes
                0x0000012b       0x2d CMakeFiles/stm32_cmake_M3.dir/Core/Src/main.c.obj
 .ARM.attributes
                0x00000158       0x2d CMakeFiles/stm32_cmake_M3.dir/Core/Src/delay.c.obj
 .ARM.attributes
                0x00000185       0x2d CMakeFiles/stm32_cmake_M3.dir/Core/Src/gpio.c.obj
 .ARM.attributes
                0x000001b2       0x2d CMakeFiles/stm32_cmake_M3.dir/Core/Src/stm32f1xx_it.c.obj
 .ARM.attributes
                0x000001df       0x2d CMakeFiles/stm32_cmake_M3.dir/Core/Src/stm32f1xx_hal_msp.c.obj
 .ARM.attributes
                0x0000020c       0x2d CMakeFiles/stm32_cmake_M3.dir/Core/Src/sysmem.c.obj
 .ARM.attributes
                0x00000239       0x2d CMakeFiles/stm32_cmake_M3.dir/Core/Src/syscalls.c.obj
 .ARM.attributes
                0x00000266       0x21 CMakeFiles/stm32_cmake_M3.dir/startup_stm32f103xe.s.obj
 .ARM.attributes
                0x00000287       0x2d CMakeFiles/stm32_cmake_M3.dir/function/src/function.cpp.obj
 .ARM.attributes
                0x000002b4       0x2d CMakeFiles/stm32_cmake_M3.dir/interface/src/inter_io_ctrl.cpp.obj
 .ARM.attributes
                0x000002e1       0x2d CMakeFiles/stm32_cmake_M3.dir/interface/src/inter_soft_spi.cpp.obj
 .ARM.attributes
                0x0000030e       0x2d CMakeFiles/stm32_cmake_M3.dir/interface/src/inter_soft_uart.cpp.obj
 .ARM.attributes
                0x0000033b       0x2d CMakeFiles/stm32_cmake_M3.dir/interface/src/inter_usart.cpp.obj
 .ARM.attributes
                0x00000368       0x2d CMakeFiles/stm32_cmake_M3.dir/device/src/device_serial.cpp.obj
 .ARM.attributes
                0x00000395       0x2d CMakeFiles/stm32_cmake_M3.dir/device/src/device_w25qxx.cpp.obj
 .ARM.attributes
                0x000003c2       0x2d /usr/lib/gcc/arm-none-eabi/15.2.0/../../../../arm-none-eabi/lib/thumb/v7-m/nofp/libstdc++_nano.a(atexit_arm.o)
 .ARM.attributes
                0x000003ef       0x2d /usr/lib/gcc/arm-none-eabi/15.2.0/../../../../arm-none-eabi/lib/thumb/v7-m/nofp/libstdc++_nano.a(del_ops.o)
 .ARM.attributes
                0x0000041c       0x2d /usr/lib/gcc/arm-none-eabi/15.2.0/../../../../arm-none-eabi/lib/thumb/v7-m/nofp/libstdc++_nano.a(del_op.o)
 .ARM.attributes
                0x00000449       0x2d /usr/lib/gcc/arm-none-eabi/15.2.0/../../../../arm-none-eabi/lib/thumb/v7-m/nofp/libg_nano.a(libc_a-assert.o)
 .ARM.attributes
                0x00000476       0x2d /usr/lib/gcc/arm-none-eabi/15.2.0/../../../../arm-none-eabi/lib/thumb/v7-m/nofp/libg_nano.a(libc_a-malloc.o)
 .ARM.attributes
                0x000004a3       0x2d /usr/lib/gcc/arm-none-eabi/15.2.0/../../../../arm-none-eabi/lib/thumb/v7-m/nofp/libg_nano.a(libc_a-mallocr.o)
 .ARM.attributes
                0x000004d0       0x2d /usr/lib/gcc/arm-none-eabi/15.2.0/../../../../arm-none-eabi/lib/thumb/v7-m/nofp/libg_nano.a(libc_a-mlock.o)
 .ARM.attributes
                0x000004fd       0x2d /usr/lib/gcc/arm-none-eabi/15.2.0/../../../../arm-none-eabi/lib/thumb/v7-m/nofp/libg_nano.a(libc_a-cxa_atexit.o)
 .ARM.attributes
                0x0000052a       0x2d /usr/lib/gcc/arm-none-eabi/15.2.0/../../../../arm-none-eabi/lib/thumb/v7-m/nofp/libg_nano.a(libc_a-findfp.o)
 .ARM.attributes
                0x00000557       0x2d /usr/lib/gcc/arm-none-eabi/15.2.0/../../../../arm-none-eabi/lib/thumb/v7-m/nofp/libg_nano.a(libc_a-fprintf.o)
 .ARM.attributes
                0x00000584       0x2d /usr/lib/gcc/arm-none-eabi/15.2.0/../../../../arm-none-eabi/lib/thumb/v7-m/nofp/libg_nano.a(libc_a-fwalk.o)
 .ARM.attributes
                0x000005b1       0x2d /usr/lib/gcc/arm-none-eabi/15.2.0/../../../../arm-none-eabi/lib/thumb/v7-m/nofp/libg_nano.a(libc_a-stdio.o)
 .ARM.attributes
                0x000005de       0x2d /usr/lib/gcc/arm-none-eabi/15.2.0/../../../../arm-none-eabi/lib/thumb/v7-m/nofp/libg_nano.a(libc_a-memset.o)
 .ARM.attributes
                0x0000060b       0x2d /usr/lib/gcc/arm-none-eabi/15.2.0/../../../../arm-none-eabi/lib/thumb/v7-m/nofp/libg_nano.a(libc_a-closer.o)
 .ARM.attributes
                0x00000638       0x2d /usr/lib/gcc/arm-none-eabi/15.2.0/../../../../arm-none-eabi/lib/thumb/v7-m/nofp/libg_nano.a(libc_a-reent.o)
 .ARM.attributes
                0x00000665       0x2d /usr/lib/gcc/arm-none-eabi/15.2.0/../../../../arm-none-eabi/lib/thumb/v7-m/nofp/libg_nano.a(libc_a-impure.o)
 .ARM.attributes
                0x00000692       0x2d /usr/lib/gcc/arm-none-eabi/15.2.0/../../../../arm-none-eabi/lib/thumb/v7-m/nofp/libg_nano.a(libc_a-lseekr.o)
 .ARM.attributes
                0x000006bf       0x2d /usr/lib/gcc/arm-none-eabi/15.2.0/../../../../arm-none-eabi/lib/thumb/v7-m/nofp/libg_nano.a(libc_a-readr.o)
 .ARM.attributes
                0x000006ec       0x2d /usr/lib/gcc/arm-none-eabi/15.2.0/../../../../arm-none-eabi/lib/thumb/v7-m/nofp/libg_nano.a(libc_a-sbrkr.o)
 .ARM.attributes
                0x00000719       0x2d /usr/lib/gcc/arm-none-eabi/15.2.0/../../../../arm-none-eabi/lib/thumb/v7-m/nofp/libg_nano.a(libc_a-writer.o)
 .ARM.attributes
                0x00000746       0x2d /usr/lib/gcc/arm-none-eabi/15.2.0/../../../../arm-none-eabi/lib/thumb/v7-m/nofp/libg_nano.a(libc_a-errno.o)
 .ARM.attributes
                0x00000773       0x2d /usr/lib/gcc/arm-none-eabi/15.2.0/../../../../arm-none-eabi/lib/thumb/v7-m/nofp/libg_nano.a(libc_a-init.o)
 .ARM.attributes
                0x000007a0       0x2d /usr/lib/gcc/arm-none-eabi/15.2.0/../../../../arm-none-eabi/lib/thumb/v7-m/nofp/libg_nano.a(libc_a-lock.o)
 .ARM.attributes
                0x000007cd       0x2d /usr/lib/gcc/arm-none-eabi/15.2.0/../../../../arm-none-eabi/lib/thumb/v7-m/nofp/libg_nano.a(libc_a-memcpy-stub.o)
 .ARM.attributes
                0x000007fa       0x2d /usr/lib/gcc/arm-none-eabi/15.2.0/../../../../arm-none-eabi/lib/thumb/v7-m/nofp/libg_nano.a(libc_a-__atexit.o)
 .ARM.attributes
                0x00000827       0x2d /usr/lib/gcc/arm-none-eabi/15.2.0/../../../../arm-none-eabi/lib/thumb/v7-m/nofp/libg_nano.a(libc_a-__call_atexit.o)
 .ARM.attributes
                0x00000854       0x2d /usr/lib/gcc/arm-none-eabi/15.2.0/../../../../arm-none-eabi/lib/thumb/v7-m/nofp/libg_nano.a(libc_a-abort.o)
 .ARM.attributes
                0x00000881       0x2d /usr/lib/gcc/arm-none-eabi/15.2.0/../../../../arm-none-eabi/lib/thumb/v7-m/nofp/libg_nano.a(libc_a-freer.o)
 .ARM.attributes
                0x000008ae       0x2d /usr/lib/gcc/arm-none-eabi/15.2.0/../../../../arm-none-eabi/lib/thumb/v7-m/nofp/libg_nano.a(libc_a-on_exit_args.o)
 .ARM.attributes
                0x000008db       0x2d /usr/lib/gcc/arm-none-eabi/15.2.0/../../../../arm-none-eabi/lib/thumb/v7-m/nofp/libg_nano.a(libc_a-nano-vfprintf.o)
 .ARM.attributes
                0x00000908       0x2d /usr/lib/gcc/arm-none-eabi/15.2.0/../../../../arm-none-eabi/lib/thumb/v7-m/nofp/libg_nano.a(libc_a-nano-vfprintf_i.o)
 .ARM.attributes
                0x00000935       0x2d /usr/lib/gcc/arm-none-eabi/15.2.0/../../../../arm-none-eabi/lib/thumb/v7-m/nofp/libg_nano.a(libc_a-fflush.o)
 .ARM.attributes
                0x00000962       0x2d /usr/lib/gcc/arm-none-eabi/15.2.0/../../../../arm-none-eabi/lib/thumb/v7-m/nofp/libg_nano.a(libc_a-wbuf.o)
 .ARM.attributes
                0x0000098f       0x2d /usr/lib/gcc/arm-none-eabi/15.2.0/../../../../arm-none-eabi/lib/thumb/v7-m/nofp/libg_nano.a(libc_a-wsetup.o)
 .ARM.attributes
                0x000009bc       0x2d /usr/lib/gcc/arm-none-eabi/15.2.0/../../../../arm-none-eabi/lib/thumb/v7-m/nofp/libg_nano.a(libc_a-signal.o)
 .ARM.attributes
                0x000009e9       0x2d /usr/lib/gcc/arm-none-eabi/15.2.0/../../../../arm-none-eabi/lib/thumb/v7-m/nofp/libg_nano.a(libc_a-signalr.o)
 .ARM.attributes
                0x00000a16       0x2d /usr/lib/gcc/arm-none-eabi/15.2.0/../../../../arm-none-eabi/lib/thumb/v7-m/nofp/libg_nano.a(libc_a-memchr-stub.o)
 .ARM.attributes
                0x00000a43       0x2d /usr/lib/gcc/arm-none-eabi/15.2.0/../../../../arm-none-eabi/lib/thumb/v7-m/nofp/libg_nano.a(libc_a-makebuf.o)
 .ARM.attributes
                0x00000a70       0x2d /usr/lib/gcc/arm-none-eabi/15.2.0/../../../../arm-none-eabi/lib/thumb/v7-m/nofp/libg_nano.a(libc_a-fstatr.o)
 .ARM.attributes
                0x00000a9d       0x2d /usr/lib/gcc/arm-none-eabi/15.2.0/../../../../arm-none-eabi/lib/thumb/v7-m/nofp/libg_nano.a(libc_a-isattyr.o)
 .ARM.attributes
                0x00000aca       0x2d /usr/lib/gcc/arm-none-eabi/15.2.0/thumb/v7-m/nofp/crtend.o
 .ARM.attributes
                0x00000af7       0x1d /usr/lib/gcc/arm-none-eabi/15.2.0/thumb/v7-m/nofp/crtn.o

.comment        0x00000000       0x46
 .comment       0x00000000       0x46 /usr/lib/gcc/arm-none-eabi/15.2.0/thumb/v7-m/nofp/crtbegin.o
                                 0x24 (size before relaxing)
 .comment       0x00000046        0x0 cmake/stm32cubemx/CMakeFiles/STM32_Drivers.dir/__/__/Core/Src/system_stm32f1xx.c.obj
                                 0x24 (size before relaxing)
 .comment       0x00000046        0x0 cmake/stm32cubemx/CMakeFiles/STM32_Drivers.dir/__/__/Drivers/STM32F1xx_HAL_Driver/Src/stm32f1xx_hal.c.obj
                                 0x24 (size before relaxing)
 .comment       0x00000046        0x0 cmake/stm32cubemx/CMakeFiles/STM32_Drivers.dir/__/__/Drivers/STM32F1xx_HAL_Driver/Src/stm32f1xx_hal_rcc.c.obj
                                 0x24 (size before relaxing)
 .comment       0x00000046        0x0 cmake/stm32cubemx/CMakeFiles/STM32_Drivers.dir/__/__/Drivers/STM32F1xx_HAL_Driver/Src/stm32f1xx_hal_gpio.c.obj
                                 0x24 (size before relaxing)
 .comment       0x00000046        0x0 cmake/stm32cubemx/CMakeFiles/STM32_Drivers.dir/__/__/Drivers/STM32F1xx_HAL_Driver/Src/stm32f1xx_hal_cortex.c.obj
                                 0x24 (size before relaxing)
 .comment       0x00000046        0x0 CMakeFiles/stm32_cmake_M3.dir/Core/Src/main.c.obj
                                 0x24 (size before relaxing)
 .comment       0x00000046        0x0 CMakeFiles/stm32_cmake_M3.dir/Core/Src/delay.c.obj
                                 0x24 (size before relaxing)
 .comment       0x00000046        0x0 CMakeFiles/stm32_cmake_M3.dir/Core/Src/gpio.c.obj
                                 0x24 (size before relaxing)
 .comment       0x00000046        0x0 CMakeFiles/stm32_cmake_M3.dir/Core/Src/stm32f1xx_it.c.obj
                                 0x24 (size before relaxing)
 .comment       0x00000046        0x0 CMakeFiles/stm32_cmake_M3.dir/Core/Src/stm32f1xx_hal_msp.c.obj
                                 0x24 (size before relaxing)
 .comment       0x00000046        0x0 CMakeFiles/stm32_cmake_M3.dir/Core/Src/sysmem.c.obj
                                 0x24 (size before relaxing)
 .comment       0x00000046        0x0 CMakeFiles/stm32_cmake_M3.dir/Core/Src/syscalls.c.obj
                                 0x24 (size before relaxing)
 .comment       0x00000046        0x0 CMakeFiles/stm32_cmake_M3.dir/function/src/function.cpp.obj
                                 0x24 (size before relaxing)
 .comment       0x00000046        0x0 CMakeFiles/stm32_cmake_M3.dir/interface/src/inter_io_ctrl.cpp.obj
                                 0x24 (size before relaxing)
 .comment       0x00000046        0x0 CMakeFiles/stm32_cmake_M3.dir/interface/src/inter_soft_spi.cpp.obj
                                 0x24 (size before relaxing)
 .comment       0x00000046        0x0 CMakeFiles/stm32_cmake_M3.dir/interface/src/inter_soft_uart.cpp.obj
                                 0x24 (size before relaxing)
 .comment       0x00000046        0x0 CMakeFiles/stm32_cmake_M3.dir/interface/src/inter_usart.cpp.obj
                                 0x24 (size before relaxing)
 .comment       0x00000046        0x0 CMakeFiles/stm32_cmake_M3.dir/device/src/device_serial.cpp.obj
                                 0x24 (size before relaxing)
 .comment       0x00000046        0x0 CMakeFiles/stm32_cmake_M3.dir/device/src/device_w25qxx.cpp.obj
                                 0x24 (size before relaxing)
 .comment       0x00000046        0x0 /usr/lib/gcc/arm-none-eabi/15.2.0/../../../../arm-none-eabi/lib/thumb/v7-m/nofp/libstdc++_nano.a(atexit_arm.o)
                                 0x24 (size before relaxing)
 .comment       0x00000046        0x0 /usr/lib/gcc/arm-none-eabi/15.2.0/../../../../arm-none-eabi/lib/thumb/v7-m/nofp/libstdc++_nano.a(del_ops.o)
                                 0x24 (size before relaxing)
 .comment       0x00000046        0x0 /usr/lib/gcc/arm-none-eabi/15.2.0/../../../../arm-none-eabi/lib/thumb/v7-m/nofp/libstdc++_nano.a(del_op.o)
                                 0x24 (size before relaxing)
 .comment       0x00000046        0x0 /usr/lib/gcc/arm-none-eabi/15.2.0/../../../../arm-none-eabi/lib/thumb/v7-m/nofp/libg_nano.a(libc_a-assert.o)
                                 0x24 (size before relaxing)
 .comment       0x00000046        0x0 /usr/lib/gcc/arm-none-eabi/15.2.0/../../../../arm-none-eabi/lib/thumb/v7-m/nofp/libg_nano.a(libc_a-malloc.o)
                                 0x24 (size before relaxing)
 .comment       0x00000046        0x0 /usr/lib/gcc/arm-none-eabi/15.2.0/../../../../arm-none-eabi/lib/thumb/v7-m/nofp/libg_nano.a(libc_a-mallocr.o)
                                 0x24 (size before relaxing)
 .comment       0x00000046        0x0 /usr/lib/gcc/arm-none-eabi/15.2.0/../../../../arm-none-eabi/lib/thumb/v7-m/nofp/libg_nano.a(libc_a-mlock.o)
                                 0x24 (size before relaxing)
 .comment       0x00000046        0x0 /usr/lib/gcc/arm-none-eabi/15.2.0/../../../../arm-none-eabi/lib/thumb/v7-m/nofp/libg_nano.a(libc_a-cxa_atexit.o)
                                 0x24 (size before relaxing)
 .comment       0x00000046        0x0 /usr/lib/gcc/arm-none-eabi/15.2.0/../../../../arm-none-eabi/lib/thumb/v7-m/nofp/libg_nano.a(libc_a-findfp.o)
                                 0x24 (size before relaxing)
 .comment       0x00000046        0x0 /usr/lib/gcc/arm-none-eabi/15.2.0/../../../../arm-none-eabi/lib/thumb/v7-m/nofp/libg_nano.a(libc_a-fprintf.o)
                                 0x24 (size before relaxing)
 .comment       0x00000046        0x0 /usr/lib/gcc/arm-none-eabi/15.2.0/../../../../arm-none-eabi/lib/thumb/v7-m/nofp/libg_nano.a(libc_a-fwalk.o)
                                 0x24 (size before relaxing)
 .comment       0x00000046        0x0 /usr/lib/gcc/arm-none-eabi/15.2.0/../../../../arm-none-eabi/lib/thumb/v7-m/nofp/libg_nano.a(libc_a-stdio.o)
                                 0x24 (size before relaxing)
 .comment       0x00000046        0x0 /usr/lib/gcc/arm-none-eabi/15.2.0/../../../../arm-none-eabi/lib/thumb/v7-m/nofp/libg_nano.a(libc_a-memset.o)
                                 0x24 (size before relaxing)
 .comment       0x00000046        0x0 /usr/lib/gcc/arm-none-eabi/15.2.0/../../../../arm-none-eabi/lib/thumb/v7-m/nofp/libg_nano.a(libc_a-closer.o)
                                 0x24 (size before relaxing)
 .comment       0x00000046        0x0 /usr/lib/gcc/arm-none-eabi/15.2.0/../../../../arm-none-eabi/lib/thumb/v7-m/nofp/libg_nano.a(libc_a-reent.o)
                                 0x24 (size before relaxing)
 .comment       0x00000046        0x0 /usr/lib/gcc/arm-none-eabi/15.2.0/../../../../arm-none-eabi/lib/thumb/v7-m/nofp/libg_nano.a(libc_a-impure.o)
                                 0x24 (size before relaxing)
 .comment       0x00000046        0x0 /usr/lib/gcc/arm-none-eabi/15.2.0/../../../../arm-none-eabi/lib/thumb/v7-m/nofp/libg_nano.a(libc_a-lseekr.o)
                                 0x24 (size before relaxing)
 .comment       0x00000046        0x0 /usr/lib/gcc/arm-none-eabi/15.2.0/../../../../arm-none-eabi/lib/thumb/v7-m/nofp/libg_nano.a(libc_a-readr.o)
                                 0x24 (size before relaxing)
 .comment       0x00000046        0x0 /usr/lib/gcc/arm-none-eabi/15.2.0/../../../../arm-none-eabi/lib/thumb/v7-m/nofp/libg_nano.a(libc_a-sbrkr.o)
                                 0x24 (size before relaxing)
 .comment       0x00000046        0x0 /usr/lib/gcc/arm-none-eabi/15.2.0/../../../../arm-none-eabi/lib/thumb/v7-m/nofp/libg_nano.a(libc_a-writer.o)
                                 0x24 (size before relaxing)
 .comment       0x00000046        0x0 /usr/lib/gcc/arm-none-eabi/15.2.0/../../../../arm-none-eabi/lib/thumb/v7-m/nofp/libg_nano.a(libc_a-errno.o)
                                 0x24 (size before relaxing)
 .comment       0x00000046        0x0 /usr/lib/gcc/arm-none-eabi/15.2.0/../../../../arm-none-eabi/lib/thumb/v7-m/nofp/libg_nano.a(libc_a-init.o)
                                 0x24 (size before relaxing)
 .comment       0x00000046        0x0 /usr/lib/gcc/arm-none-eabi/15.2.0/../../../../arm-none-eabi/lib/thumb/v7-m/nofp/libg_nano.a(libc_a-lock.o)
                                 0x24 (size before relaxing)
 .comment       0x00000046        0x0 /usr/lib/gcc/arm-none-eabi/15.2.0/../../../../arm-none-eabi/lib/thumb/v7-m/nofp/libg_nano.a(libc_a-memcpy-stub.o)
                                 0x24 (size before relaxing)
 .comment       0x00000046        0x0 /usr/lib/gcc/arm-none-eabi/15.2.0/../../../../arm-none-eabi/lib/thumb/v7-m/nofp/libg_nano.a(libc_a-__atexit.o)
                                 0x24 (size before relaxing)
 .comment       0x00000046        0x0 /usr/lib/gcc/arm-none-eabi/15.2.0/../../../../arm-none-eabi/lib/thumb/v7-m/nofp/libg_nano.a(libc_a-__call_atexit.o)
                                 0x24 (size before relaxing)
 .comment       0x00000046        0x0 /usr/lib/gcc/arm-none-eabi/15.2.0/../../../../arm-none-eabi/lib/thumb/v7-m/nofp/libg_nano.a(libc_a-abort.o)
                                 0x24 (size before relaxing)
 .comment       0x00000046        0x0 /usr/lib/gcc/arm-none-eabi/15.2.0/../../../../arm-none-eabi/lib/thumb/v7-m/nofp/libg_nano.a(libc_a-freer.o)
                                 0x24 (size before relaxing)
 .comment       0x00000046        0x0 /usr/lib/gcc/arm-none-eabi/15.2.0/../../../../arm-none-eabi/lib/thumb/v7-m/nofp/libg_nano.a(libc_a-on_exit_args.o)
                                 0x24 (size before relaxing)
 .comment       0x00000046        0x0 /usr/lib/gcc/arm-none-eabi/15.2.0/../../../../arm-none-eabi/lib/thumb/v7-m/nofp/libg_nano.a(libc_a-nano-vfprintf.o)
                                 0x24 (size before relaxing)
 .comment       0x00000046        0x0 /usr/lib/gcc/arm-none-eabi/15.2.0/../../../../arm-none-eabi/lib/thumb/v7-m/nofp/libg_nano.a(libc_a-nano-vfprintf_i.o)
                                 0x24 (size before relaxing)
 .comment       0x00000046        0x0 /usr/lib/gcc/arm-none-eabi/15.2.0/../../../../arm-none-eabi/lib/thumb/v7-m/nofp/libg_nano.a(libc_a-fflush.o)
                                 0x24 (size before relaxing)
 .comment       0x00000046        0x0 /usr/lib/gcc/arm-none-eabi/15.2.0/../../../../arm-none-eabi/lib/thumb/v7-m/nofp/libg_nano.a(libc_a-wbuf.o)
                                 0x24 (size before relaxing)
 .comment       0x00000046        0x0 /usr/lib/gcc/arm-none-eabi/15.2.0/../../../../arm-none-eabi/lib/thumb/v7-m/nofp/libg_nano.a(libc_a-wsetup.o)
                                 0x24 (size before relaxing)
 .comment       0x00000046        0x0 /usr/lib/gcc/arm-none-eabi/15.2.0/../../../../arm-none-eabi/lib/thumb/v7-m/nofp/libg_nano.a(libc_a-signal.o)
                                 0x24 (size before relaxing)
 .comment       0x00000046        0x0 /usr/lib/gcc/arm-none-eabi/15.2.0/../../../../arm-none-eabi/lib/thumb/v7-m/nofp/libg_nano.a(libc_a-signalr.o)
                                 0x24 (size before relaxing)
 .comment       0x00000046        0x0 /usr/lib/gcc/arm-none-eabi/15.2.0/../../../../arm-none-eabi/lib/thumb/v7-m/nofp/libg_nano.a(libc_a-memchr-stub.o)
                                 0x24 (size before relaxing)
 .comment       0x00000046        0x0 /usr/lib/gcc/arm-none-eabi/15.2.0/../../../../arm-none-eabi/lib/thumb/v7-m/nofp/libg_nano.a(libc_a-makebuf.o)
                                 0x24 (size before relaxing)
 .comment       0x00000046        0x0 /usr/lib/gcc/arm-none-eabi/15.2.0/../../../../arm-none-eabi/lib/thumb/v7-m/nofp/libg_nano.a(libc_a-fstatr.o)
                                 0x24 (size before relaxing)
 .comment       0x00000046        0x0 /usr/lib/gcc/arm-none-eabi/15.2.0/../../../../arm-none-eabi/lib/thumb/v7-m/nofp/libg_nano.a(libc_a-isattyr.o)
                                 0x24 (size before relaxing)
 .comment       0x00000046        0x0 /usr/lib/gcc/arm-none-eabi/15.2.0/thumb/v7-m/nofp/crtend.o
                                 0x24 (size before relaxing)

.debug_info     0x00000000    0x10737
 .debug_info    0x00000000      0x841 /usr/lib/gcc/arm-none-eabi/15.2.0/../../../../arm-none-eabi/lib/thumb/v7-m/nofp/libg_nano.a(libc_a-assert.o)
 .debug_info    0x00000841      0x7a5 /usr/lib/gcc/arm-none-eabi/15.2.0/../../../../arm-none-eabi/lib/thumb/v7-m/nofp/libg_nano.a(libc_a-malloc.o)
 .debug_info    0x00000fe6      0x9c1 /usr/lib/gcc/arm-none-eabi/15.2.0/../../../../arm-none-eabi/lib/thumb/v7-m/nofp/libg_nano.a(libc_a-mallocr.o)
 .debug_info    0x000019a7      0x770 /usr/lib/gcc/arm-none-eabi/15.2.0/../../../../arm-none-eabi/lib/thumb/v7-m/nofp/libg_nano.a(libc_a-mlock.o)
 .debug_info    0x00002117      0x216 /usr/lib/gcc/arm-none-eabi/15.2.0/../../../../arm-none-eabi/lib/thumb/v7-m/nofp/libg_nano.a(libc_a-cxa_atexit.o)
 .debug_info    0x0000232d      0xfb4 /usr/lib/gcc/arm-none-eabi/15.2.0/../../../../arm-none-eabi/lib/thumb/v7-m/nofp/libg_nano.a(libc_a-findfp.o)
 .debug_info    0x000032e1      0x86c /usr/lib/gcc/arm-none-eabi/15.2.0/../../../../arm-none-eabi/lib/thumb/v7-m/nofp/libg_nano.a(libc_a-fprintf.o)
 .debug_info    0x00003b4d      0x7d7 /usr/lib/gcc/arm-none-eabi/15.2.0/../../../../arm-none-eabi/lib/thumb/v7-m/nofp/libg_nano.a(libc_a-fwalk.o)
 .debug_info    0x00004324      0xa95 /usr/lib/gcc/arm-none-eabi/15.2.0/../../../../arm-none-eabi/lib/thumb/v7-m/nofp/libg_nano.a(libc_a-stdio.o)
 .debug_info    0x00004db9       0xe5 /usr/lib/gcc/arm-none-eabi/15.2.0/../../../../arm-none-eabi/lib/thumb/v7-m/nofp/libg_nano.a(libc_a-memset.o)
 .debug_info    0x00004e9e      0x762 /usr/lib/gcc/arm-none-eabi/15.2.0/../../../../arm-none-eabi/lib/thumb/v7-m/nofp/libg_nano.a(libc_a-closer.o)
 .debug_info    0x00005600      0x8a6 /usr/lib/gcc/arm-none-eabi/15.2.0/../../../../arm-none-eabi/lib/thumb/v7-m/nofp/libg_nano.a(libc_a-reent.o)
 .debug_info    0x00005ea6      0x71a /usr/lib/gcc/arm-none-eabi/15.2.0/../../../../arm-none-eabi/lib/thumb/v7-m/nofp/libg_nano.a(libc_a-impure.o)
 .debug_info    0x000065c0      0x7ad /usr/lib/gcc/arm-none-eabi/15.2.0/../../../../arm-none-eabi/lib/thumb/v7-m/nofp/libg_nano.a(libc_a-lseekr.o)
 .debug_info    0x00006d6d      0x7c4 /usr/lib/gcc/arm-none-eabi/15.2.0/../../../../arm-none-eabi/lib/thumb/v7-m/nofp/libg_nano.a(libc_a-readr.o)
 .debug_info    0x00007531      0x787 /usr/lib/gcc/arm-none-eabi/15.2.0/../../../../arm-none-eabi/lib/thumb/v7-m/nofp/libg_nano.a(libc_a-sbrkr.o)
 .debug_info    0x00007cb8      0x7ca /usr/lib/gcc/arm-none-eabi/15.2.0/../../../../arm-none-eabi/lib/thumb/v7-m/nofp/libg_nano.a(libc_a-writer.o)
 .debug_info    0x00008482      0x700 /usr/lib/gcc/arm-none-eabi/15.2.0/../../../../arm-none-eabi/lib/thumb/v7-m/nofp/libg_nano.a(libc_a-errno.o)
 .debug_info    0x00008b82      0x110 /usr/lib/gcc/arm-none-eabi/15.2.0/../../../../arm-none-eabi/lib/thumb/v7-m/nofp/libg_nano.a(libc_a-init.o)
 .debug_info    0x00008c92      0x21d /usr/lib/gcc/arm-none-eabi/15.2.0/../../../../arm-none-eabi/lib/thumb/v7-m/nofp/libg_nano.a(libc_a-lock.o)
 .debug_info    0x00008eaf      0x126 /usr/lib/gcc/arm-none-eabi/15.2.0/../../../../arm-none-eabi/lib/thumb/v7-m/nofp/libg_nano.a(libc_a-memcpy-stub.o)
 .debug_info    0x00008fd5      0x2de /usr/lib/gcc/arm-none-eabi/15.2.0/../../../../arm-none-eabi/lib/thumb/v7-m/nofp/libg_nano.a(libc_a-__atexit.o)
 .debug_info    0x000092b3      0x295 /usr/lib/gcc/arm-none-eabi/15.2.0/../../../../arm-none-eabi/lib/thumb/v7-m/nofp/libg_nano.a(libc_a-__call_atexit.o)
 .debug_info    0x00009548       0xdd /usr/lib/gcc/arm-none-eabi/15.2.0/../../../../arm-none-eabi/lib/thumb/v7-m/nofp/libg_nano.a(libc_a-abort.o)
 .debug_info    0x00009625      0x849 /usr/lib/gcc/arm-none-eabi/15.2.0/../../../../arm-none-eabi/lib/thumb/v7-m/nofp/libg_nano.a(libc_a-freer.o)
 .debug_info    0x00009e6e      0x104 /usr/lib/gcc/arm-none-eabi/15.2.0/../../../../arm-none-eabi/lib/thumb/v7-m/nofp/libg_nano.a(libc_a-on_exit_args.o)
 .debug_info    0x00009f72     0x1099 /usr/lib/gcc/arm-none-eabi/15.2.0/../../../../arm-none-eabi/lib/thumb/v7-m/nofp/libg_nano.a(libc_a-nano-vfprintf.o)
 .debug_info    0x0000b00b      0xde7 /usr/lib/gcc/arm-none-eabi/15.2.0/../../../../arm-none-eabi/lib/thumb/v7-m/nofp/libg_nano.a(libc_a-nano-vfprintf_i.o)
 .debug_info    0x0000bdf2      0x9f4 /usr/lib/gcc/arm-none-eabi/15.2.0/../../../../arm-none-eabi/lib/thumb/v7-m/nofp/libg_nano.a(libc_a-fflush.o)
 .debug_info    0x0000c7e6      0x879 /usr/lib/gcc/arm-none-eabi/15.2.0/../../../../arm-none-eabi/lib/thumb/v7-m/nofp/libg_nano.a(libc_a-wbuf.o)
 .debug_info    0x0000d05f      0x7c0 /usr/lib/gcc/arm-none-eabi/15.2.0/../../../../arm-none-eabi/lib/thumb/v7-m/nofp/libg_nano.a(libc_a-wsetup.o)
 .debug_info    0x0000d81f      0xa18 /usr/lib/gcc/arm-none-eabi/15.2.0/../../../../arm-none-eabi/lib/thumb/v7-m/nofp/libg_nano.a(libc_a-signal.o)
 .debug_info    0x0000e237      0x7ef /usr/lib/gcc/arm-none-eabi/15.2.0/../../../../arm-none-eabi/lib/thumb/v7-m/nofp/libg_nano.a(libc_a-signalr.o)
 .debug_info    0x0000ea26      0x115 /usr/lib/gcc/arm-none-eabi/15.2.0/../../../../arm-none-eabi/lib/thumb/v7-m/nofp/libg_nano.a(libc_a-memchr-stub.o)
 .debug_info    0x0000eb3b      0xb14 /usr/lib/gcc/arm-none-eabi/15.2.0/../../../../arm-none-eabi/lib/thumb/v7-m/nofp/libg_nano.a(libc_a-makebuf.o)
 .debug_info    0x0000f64f      0x986 /usr/lib/gcc/arm-none-eabi/15.2.0/../../../../arm-none-eabi/lib/thumb/v7-m/nofp/libg_nano.a(libc_a-fstatr.o)
 .debug_info    0x0000ffd5      0x762 /usr/lib/gcc/arm-none-eabi/15.2.0/../../../../arm-none-eabi/lib/thumb/v7-m/nofp/libg_nano.a(libc_a-isattyr.o)

.debug_abbrev   0x00000000     0x4303
 .debug_abbrev  0x00000000      0x1f0 /usr/lib/gcc/arm-none-eabi/15.2.0/../../../../arm-none-eabi/lib/thumb/v7-m/nofp/libg_nano.a(libc_a-assert.o)
 .debug_abbrev  0x000001f0      0x1d5 /usr/lib/gcc/arm-none-eabi/15.2.0/../../../../arm-none-eabi/lib/thumb/v7-m/nofp/libg_nano.a(libc_a-malloc.o)
 .debug_abbrev  0x000003c5      0x250 /usr/lib/gcc/arm-none-eabi/15.2.0/../../../../arm-none-eabi/lib/thumb/v7-m/nofp/libg_nano.a(libc_a-mallocr.o)
 .debug_abbrev  0x00000615      0x1c5 /usr/lib/gcc/arm-none-eabi/15.2.0/../../../../arm-none-eabi/lib/thumb/v7-m/nofp/libg_nano.a(libc_a-mlock.o)
 .debug_abbrev  0x000007da      0x15d /usr/lib/gcc/arm-none-eabi/15.2.0/../../../../arm-none-eabi/lib/thumb/v7-m/nofp/libg_nano.a(libc_a-cxa_atexit.o)
 .debug_abbrev  0x00000937      0x41a /usr/lib/gcc/arm-none-eabi/15.2.0/../../../../arm-none-eabi/lib/thumb/v7-m/nofp/libg_nano.a(libc_a-findfp.o)
 .debug_abbrev  0x00000d51      0x223 /usr/lib/gcc/arm-none-eabi/15.2.0/../../../../arm-none-eabi/lib/thumb/v7-m/nofp/libg_nano.a(libc_a-fprintf.o)
 .debug_abbrev  0x00000f74      0x1a1 /usr/lib/gcc/arm-none-eabi/15.2.0/../../../../arm-none-eabi/lib/thumb/v7-m/nofp/libg_nano.a(libc_a-fwalk.o)
 .debug_abbrev  0x00001115      0x227 /usr/lib/gcc/arm-none-eabi/15.2.0/../../../../arm-none-eabi/lib/thumb/v7-m/nofp/libg_nano.a(libc_a-stdio.o)
 .debug_abbrev  0x0000133c       0xa4 /usr/lib/gcc/arm-none-eabi/15.2.0/../../../../arm-none-eabi/lib/thumb/v7-m/nofp/libg_nano.a(libc_a-memset.o)
 .debug_abbrev  0x000013e0      0x1b6 /usr/lib/gcc/arm-none-eabi/15.2.0/../../../../arm-none-eabi/lib/thumb/v7-m/nofp/libg_nano.a(libc_a-closer.o)
 .debug_abbrev  0x00001596      0x1fd /usr/lib/gcc/arm-none-eabi/15.2.0/../../../../arm-none-eabi/lib/thumb/v7-m/nofp/libg_nano.a(libc_a-reent.o)
 .debug_abbrev  0x00001793      0x14f /usr/lib/gcc/arm-none-eabi/15.2.0/../../../../arm-none-eabi/lib/thumb/v7-m/nofp/libg_nano.a(libc_a-impure.o)
 .debug_abbrev  0x000018e2      0x1ca /usr/lib/gcc/arm-none-eabi/15.2.0/../../../../arm-none-eabi/lib/thumb/v7-m/nofp/libg_nano.a(libc_a-lseekr.o)
 .debug_abbrev  0x00001aac      0x1b6 /usr/lib/gcc/arm-none-eabi/15.2.0/../../../../arm-none-eabi/lib/thumb/v7-m/nofp/libg_nano.a(libc_a-readr.o)
 .debug_abbrev  0x00001c62      0x1e0 /usr/lib/gcc/arm-none-eabi/15.2.0/../../../../arm-none-eabi/lib/thumb/v7-m/nofp/libg_nano.a(libc_a-sbrkr.o)
 .debug_abbrev  0x00001e42      0x1bb /usr/lib/gcc/arm-none-eabi/15.2.0/../../../../arm-none-eabi/lib/thumb/v7-m/nofp/libg_nano.a(libc_a-writer.o)
 .debug_abbrev  0x00001ffd      0x164 /usr/lib/gcc/arm-none-eabi/15.2.0/../../../../arm-none-eabi/lib/thumb/v7-m/nofp/libg_nano.a(libc_a-errno.o)
 .debug_abbrev  0x00002161       0xcf /usr/lib/gcc/arm-none-eabi/15.2.0/../../../../arm-none-eabi/lib/thumb/v7-m/nofp/libg_nano.a(libc_a-init.o)
 .debug_abbrev  0x00002230      0x11b /usr/lib/gcc/arm-none-eabi/15.2.0/../../../../arm-none-eabi/lib/thumb/v7-m/nofp/libg_nano.a(libc_a-lock.o)
 .debug_abbrev  0x0000234b       0xc7 /usr/lib/gcc/arm-none-eabi/15.2.0/../../../../arm-none-eabi/lib/thumb/v7-m/nofp/libg_nano.a(libc_a-memcpy-stub.o)
 .debug_abbrev  0x00002412      0x1f0 /usr/lib/gcc/arm-none-eabi/15.2.0/../../../../arm-none-eabi/lib/thumb/v7-m/nofp/libg_nano.a(libc_a-__atexit.o)
 .debug_abbrev  0x00002602      0x1d3 /usr/lib/gcc/arm-none-eabi/15.2.0/../../../../arm-none-eabi/lib/thumb/v7-m/nofp/libg_nano.a(libc_a-__call_atexit.o)
 .debug_abbrev  0x000027d5       0x9f /usr/lib/gcc/arm-none-eabi/15.2.0/../../../../arm-none-eabi/lib/thumb/v7-m/nofp/libg_nano.a(libc_a-abort.o)
 .debug_abbrev  0x00002874      0x23c /usr/lib/gcc/arm-none-eabi/15.2.0/../../../../arm-none-eabi/lib/thumb/v7-m/nofp/libg_nano.a(libc_a-freer.o)
 .debug_abbrev  0x00002ab0       0xbe /usr/lib/gcc/arm-none-eabi/15.2.0/../../../../arm-none-eabi/lib/thumb/v7-m/nofp/libg_nano.a(libc_a-on_exit_args.o)
 .debug_abbrev  0x00002b6e      0x31c /usr/lib/gcc/arm-none-eabi/15.2.0/../../../../arm-none-eabi/lib/thumb/v7-m/nofp/libg_nano.a(libc_a-nano-vfprintf.o)
 .debug_abbrev  0x00002e8a      0x294 /usr/lib/gcc/arm-none-eabi/15.2.0/../../../../arm-none-eabi/lib/thumb/v7-m/nofp/libg_nano.a(libc_a-nano-vfprintf_i.o)
 .debug_abbrev  0x0000311e      0x2ae /usr/lib/gcc/arm-none-eabi/15.2.0/../../../../arm-none-eabi/lib/thumb/v7-m/nofp/libg_nano.a(libc_a-fflush.o)
 .debug_abbrev  0x000033cc      0x233 /usr/lib/gcc/arm-none-eabi/15.2.0/../../../../arm-none-eabi/lib/thumb/v7-m/nofp/libg_nano.a(libc_a-wbuf.o)
 .debug_abbrev  0x000035ff      0x1e8 /usr/lib/gcc/arm-none-eabi/15.2.0/../../../../arm-none-eabi/lib/thumb/v7-m/nofp/libg_nano.a(libc_a-wsetup.o)
 .debug_abbrev  0x000037e7      0x254 /usr/lib/gcc/arm-none-eabi/15.2.0/../../../../arm-none-eabi/lib/thumb/v7-m/nofp/libg_nano.a(libc_a-signal.o)
 .debug_abbrev  0x00003a3b      0x203 /usr/lib/gcc/arm-none-eabi/15.2.0/../../../../arm-none-eabi/lib/thumb/v7-m/nofp/libg_nano.a(libc_a-signalr.o)
 .debug_abbrev  0x00003c3e       0xb7 /usr/lib/gcc/arm-none-eabi/15.2.0/../../../../arm-none-eabi/lib/thumb/v7-m/nofp/libg_nano.a(libc_a-memchr-stub.o)
 .debug_abbrev  0x00003cf5      0x28f /usr/lib/gcc/arm-none-eabi/15.2.0/../../../../arm-none-eabi/lib/thumb/v7-m/nofp/libg_nano.a(libc_a-makebuf.o)
 .debug_abbrev  0x00003f84      0x1c9 /usr/lib/gcc/arm-none-eabi/15.2.0/../../../../arm-none-eabi/lib/thumb/v7-m/nofp/libg_nano.a(libc_a-fstatr.o)
 .debug_abbrev  0x0000414d      0x1b6 /usr/lib/gcc/arm-none-eabi/15.2.0/../../../../arm-none-eabi/lib/thumb/v7-m/nofp/libg_nano.a(libc_a-isattyr.o)

.debug_loclists
                0x00000000     0x2291
 .debug_loclists
                0x00000000       0xf2 /usr/lib/gcc/arm-none-eabi/15.2.0/../../../../arm-none-eabi/lib/thumb/v7-m/nofp/libg_nano.a(libc_a-assert.o)
 .debug_loclists
                0x000000f2       0x54 /usr/lib/gcc/arm-none-eabi/15.2.0/../../../../arm-none-eabi/lib/thumb/v7-m/nofp/libg_nano.a(libc_a-malloc.o)
 .debug_loclists
                0x00000146      0x20c /usr/lib/gcc/arm-none-eabi/15.2.0/../../../../arm-none-eabi/lib/thumb/v7-m/nofp/libg_nano.a(libc_a-mallocr.o)
 .debug_loclists
                0x00000352       0x46 /usr/lib/gcc/arm-none-eabi/15.2.0/../../../../arm-none-eabi/lib/thumb/v7-m/nofp/libg_nano.a(libc_a-mlock.o)
 .debug_loclists
                0x00000398       0x9d /usr/lib/gcc/arm-none-eabi/15.2.0/../../../../arm-none-eabi/lib/thumb/v7-m/nofp/libg_nano.a(libc_a-cxa_atexit.o)
 .debug_loclists
                0x00000435      0x2f0 /usr/lib/gcc/arm-none-eabi/15.2.0/../../../../arm-none-eabi/lib/thumb/v7-m/nofp/libg_nano.a(libc_a-findfp.o)
 .debug_loclists
                0x00000725       0x80 /usr/lib/gcc/arm-none-eabi/15.2.0/../../../../arm-none-eabi/lib/thumb/v7-m/nofp/libg_nano.a(libc_a-fprintf.o)
 .debug_loclists
                0x000007a5       0x91 /usr/lib/gcc/arm-none-eabi/15.2.0/../../../../arm-none-eabi/lib/thumb/v7-m/nofp/libg_nano.a(libc_a-fwalk.o)
 .debug_loclists
                0x00000836      0x25d /usr/lib/gcc/arm-none-eabi/15.2.0/../../../../arm-none-eabi/lib/thumb/v7-m/nofp/libg_nano.a(libc_a-stdio.o)
 .debug_loclists
                0x00000a93       0x3b /usr/lib/gcc/arm-none-eabi/15.2.0/../../../../arm-none-eabi/lib/thumb/v7-m/nofp/libg_nano.a(libc_a-memset.o)
 .debug_loclists
                0x00000ace       0x58 /usr/lib/gcc/arm-none-eabi/15.2.0/../../../../arm-none-eabi/lib/thumb/v7-m/nofp/libg_nano.a(libc_a-closer.o)
 .debug_loclists
                0x00000b26       0x9c /usr/lib/gcc/arm-none-eabi/15.2.0/../../../../arm-none-eabi/lib/thumb/v7-m/nofp/libg_nano.a(libc_a-reent.o)
 .debug_loclists
                0x00000bc2       0xa0 /usr/lib/gcc/arm-none-eabi/15.2.0/../../../../arm-none-eabi/lib/thumb/v7-m/nofp/libg_nano.a(libc_a-lseekr.o)
 .debug_loclists