/home/loopy/Documents/project/stm32_cmake_M3/device/src/device_ds18b20.cpp:65:1:DeviceDS18B20::DeviceDS18B20(io_ctrl&, uint8_t)	16	static
/home/loopy/Documents/project/stm32_cmake_M3/device/src/device_ds18b20.cpp:121:6:bool DeviceDS18B20::getAddress(uint8_t*)	8	static
/home/loopy/Documents/project/stm32_cmake_M3/device/src/device_ds18b20.cpp:208:6:void DeviceDS18B20::setOffset(int32_t)	0	static
/home/loopy/Documents/project/stm32_cmake_M3/device/src/device_ds18b20.cpp:214:9:int32_t DeviceDS18B20::getOffset()	0	static
/home/loopy/Documents/project/stm32_cmake_M3/device/src/device_ds18b20.cpp:231:9:uint8_t DeviceDS18B20::getResolution()	0	static
/home/loopy/Documents/project/stm32_cmake_M3/device/src/device_ds18b20.cpp:237:6:void DeviceDS18B20::setConfig(uint8_t)	0	static
/home/loopy/Documents/project/stm32_cmake_M3/device/src/device_ds18b20.cpp:243:9:uint8_t DeviceDS18B20::getConfig()	0	static
/home/loopy/Documents/project/stm32_cmake_M3/device/src/device_ds18b20.cpp:253:6:void DeviceDS18B20::_busDriveLow()	8	static
/home/loopy/Documents/project/stm32_cmake_M3/device/src/device_ds18b20.cpp:261:6:void DeviceDS18B20::_busRelease()	0	static
/home/loopy/Documents/project/stm32_cmake_M3/device/src/device_ds18b20.cpp:268:6:bool DeviceDS18B20::_reset()	16	static
/home/loopy/Documents/project/stm32_cmake_M3/device/src/device_ds18b20.cpp:299:6:void DeviceDS18B20::_writeBit(uint8_t)	8	static
/home/loopy/Documents/project/stm32_cmake_M3/device/src/device_ds18b20.cpp:324:9:uint8_t DeviceDS18B20::_readBit()	8	static
/home/loopy/Documents/project/stm32_cmake_M3/device/src/device_ds18b20.cpp:146:6:bool DeviceDS18B20::isConversionComplete()	8	static
/home/loopy/Documents/project/stm32_cmake_M3/device/src/device_ds18b20.cpp:339:6:void DeviceDS18B20::_writeByte(uint8_t)	24	static
/home/loopy/Documents/project/stm32_cmake_M3/device/src/device_ds18b20.cpp:348:9:uint8_t DeviceDS18B20::_readByte()	24	static
/home/loopy/Documents/project/stm32_cmake_M3/device/src/device_ds18b20.cpp:359:6:void DeviceDS18B20::_select(const uint8_t*)	16	static
/home/loopy/Documents/project/stm32_cmake_M3/device/src/device_ds18b20.cpp:369:6:void DeviceDS18B20::_skip()	0	static
/home/loopy/Documents/project/stm32_cmake_M3/device/src/device_ds18b20.cpp:138:6:void DeviceDS18B20::requestTemperatures()	8	static
/home/loopy/Documents/project/stm32_cmake_M3/device/src/device_ds18b20.cpp:376:6:bool DeviceDS18B20::_search(uint8_t*)	40	static
/home/loopy/Documents/project/stm32_cmake_M3/device/src/device_ds18b20.cpp:495:6:void DeviceDS18B20::_resetSearch()	0	static
/home/loopy/Documents/project/stm32_cmake_M3/device/src/device_ds18b20.cpp:508:9:static uint8_t DeviceDS18B20::_crc8(const uint8_t*, uint8_t)	12	static
/home/loopy/Documents/project/stm32_cmake_M3/device/src/device_ds18b20.cpp:105:6:bool DeviceDS18B20::isConnected(uint8_t)	24	static
/home/loopy/Documents/project/stm32_cmake_M3/device/src/device_ds18b20.cpp:530:6:void DeviceDS18B20::_readScratchPad(uint8_t*, uint8_t)	16	static
/home/loopy/Documents/project/stm32_cmake_M3/device/src/device_ds18b20.cpp:152:9:int32_t DeviceDS18B20::getTempCmC(bool)	32	static
/home/loopy/Documents/project/stm32_cmake_M3/device/src/device_ds18b20.cpp:544:6:void DeviceDS18B20::_setResolution()	16	static
/home/loopy/Documents/project/stm32_cmake_M3/device/src/device_ds18b20.cpp:94:6:bool DeviceDS18B20::begin(uint8_t)	8	static
/home/loopy/Documents/project/stm32_cmake_M3/device/src/device_ds18b20.cpp:220:6:bool DeviceDS18B20::setResolution(uint8_t)	16	static
